Archive member included because of file (symbol)

c:/users/alhof/onedrive/desktop/iti embedded/tools avr/imt_sdk_win_64/imt_sdk_win_64/winavr/bin/../lib/gcc/avr/4.3.3/avr5\libgcc.a(_mulsi3.o)
                              ./system/APP/APP_Ultrasonic.o (__mulsi3)
c:/users/alhof/onedrive/desktop/iti embedded/tools avr/imt_sdk_win_64/imt_sdk_win_64/winavr/bin/../lib/gcc/avr/4.3.3/avr5\libgcc.a(_udivmodhi4.o)
                              ./system/HAL/LCD_Program.o (__udivmodhi4)
c:/users/alhof/onedrive/desktop/iti embedded/tools avr/imt_sdk_win_64/imt_sdk_win_64/winavr/bin/../lib/gcc/avr/4.3.3/avr5\libgcc.a(_exit.o)
                              c:/users/alhof/onedrive/desktop/iti embedded/tools avr/imt_sdk_win_64/imt_sdk_win_64/winavr/bin/../lib/gcc/avr/4.3.3/../../../../avr/lib/avr5/crtm32.o (exit)
c:/users/alhof/onedrive/desktop/iti embedded/tools avr/imt_sdk_win_64/imt_sdk_win_64/winavr/bin/../lib/gcc/avr/4.3.3/avr5\libgcc.a(_copy_data.o)
                              ./system/HAL/Keypad_Program.o (__do_copy_data)
c:/users/alhof/onedrive/desktop/iti embedded/tools avr/imt_sdk_win_64/imt_sdk_win_64/winavr/bin/../lib/gcc/avr/4.3.3/avr5\libgcc.a(_clear_bss.o)
                              ./system/APP/APP_Ultrasonic.o (__do_clear_bss)
c:/users/alhof/onedrive/desktop/iti embedded/tools avr/imt_sdk_win_64/imt_sdk_win_64/winavr/bin/../lib/gcc/avr/4.3.3/avr5\libgcc.a(_fixunssfsi.o)
                              ./system/HAL/Keypad_Program.o (__fixunssfsi)
c:/users/alhof/onedrive/desktop/iti embedded/tools avr/imt_sdk_win_64/imt_sdk_win_64/winavr/bin/../lib/gcc/avr/4.3.3/avr5\libgcc.a(_addsub_sf.o)
                              c:/users/alhof/onedrive/desktop/iti embedded/tools avr/imt_sdk_win_64/imt_sdk_win_64/winavr/bin/../lib/gcc/avr/4.3.3/avr5\libgcc.a(_fixunssfsi.o) (__subsf3)
c:/users/alhof/onedrive/desktop/iti embedded/tools avr/imt_sdk_win_64/imt_sdk_win_64/winavr/bin/../lib/gcc/avr/4.3.3/avr5\libgcc.a(_mul_sf.o)
                              ./system/HAL/Keypad_Program.o (__mulsf3)
c:/users/alhof/onedrive/desktop/iti embedded/tools avr/imt_sdk_win_64/imt_sdk_win_64/winavr/bin/../lib/gcc/avr/4.3.3/avr5\libgcc.a(_div_sf.o)
                              ./system/HAL/LCD_Program.o (__divsf3)
c:/users/alhof/onedrive/desktop/iti embedded/tools avr/imt_sdk_win_64/imt_sdk_win_64/winavr/bin/../lib/gcc/avr/4.3.3/avr5\libgcc.a(_gt_sf.o)
                              ./system/HAL/Keypad_Program.o (__gtsf2)
c:/users/alhof/onedrive/desktop/iti embedded/tools avr/imt_sdk_win_64/imt_sdk_win_64/winavr/bin/../lib/gcc/avr/4.3.3/avr5\libgcc.a(_ge_sf.o)
                              c:/users/alhof/onedrive/desktop/iti embedded/tools avr/imt_sdk_win_64/imt_sdk_win_64/winavr/bin/../lib/gcc/avr/4.3.3/avr5\libgcc.a(_fixunssfsi.o) (__gesf2)
c:/users/alhof/onedrive/desktop/iti embedded/tools avr/imt_sdk_win_64/imt_sdk_win_64/winavr/bin/../lib/gcc/avr/4.3.3/avr5\libgcc.a(_lt_sf.o)
                              ./system/HAL/Keypad_Program.o (__ltsf2)
c:/users/alhof/onedrive/desktop/iti embedded/tools avr/imt_sdk_win_64/imt_sdk_win_64/winavr/bin/../lib/gcc/avr/4.3.3/avr5\libgcc.a(_si_to_sf.o)
                              ./system/APP/APP_Ultrasonic.o (__floatsisf)
c:/users/alhof/onedrive/desktop/iti embedded/tools avr/imt_sdk_win_64/imt_sdk_win_64/winavr/bin/../lib/gcc/avr/4.3.3/avr5\libgcc.a(_sf_to_si.o)
                              c:/users/alhof/onedrive/desktop/iti embedded/tools avr/imt_sdk_win_64/imt_sdk_win_64/winavr/bin/../lib/gcc/avr/4.3.3/avr5\libgcc.a(_fixunssfsi.o) (__fixsfsi)
c:/users/alhof/onedrive/desktop/iti embedded/tools avr/imt_sdk_win_64/imt_sdk_win_64/winavr/bin/../lib/gcc/avr/4.3.3/avr5\libgcc.a(_thenan_sf.o)
                              c:/users/alhof/onedrive/desktop/iti embedded/tools avr/imt_sdk_win_64/imt_sdk_win_64/winavr/bin/../lib/gcc/avr/4.3.3/avr5\libgcc.a(_addsub_sf.o) (__thenan_sf)
c:/users/alhof/onedrive/desktop/iti embedded/tools avr/imt_sdk_win_64/imt_sdk_win_64/winavr/bin/../lib/gcc/avr/4.3.3/avr5\libgcc.a(_prologue.o)
                              c:/users/alhof/onedrive/desktop/iti embedded/tools avr/imt_sdk_win_64/imt_sdk_win_64/winavr/bin/../lib/gcc/avr/4.3.3/avr5\libgcc.a(_addsub_sf.o) (__prologue_saves__)
c:/users/alhof/onedrive/desktop/iti embedded/tools avr/imt_sdk_win_64/imt_sdk_win_64/winavr/bin/../lib/gcc/avr/4.3.3/avr5\libgcc.a(_epilogue.o)
                              c:/users/alhof/onedrive/desktop/iti embedded/tools avr/imt_sdk_win_64/imt_sdk_win_64/winavr/bin/../lib/gcc/avr/4.3.3/avr5\libgcc.a(_addsub_sf.o) (__epilogue_restores__)
c:/users/alhof/onedrive/desktop/iti embedded/tools avr/imt_sdk_win_64/imt_sdk_win_64/winavr/bin/../lib/gcc/avr/4.3.3/avr5\libgcc.a(_clzsi2.o)
                              c:/users/alhof/onedrive/desktop/iti embedded/tools avr/imt_sdk_win_64/imt_sdk_win_64/winavr/bin/../lib/gcc/avr/4.3.3/avr5\libgcc.a(_si_to_sf.o) (__clzsi2)
c:/users/alhof/onedrive/desktop/iti embedded/tools avr/imt_sdk_win_64/imt_sdk_win_64/winavr/bin/../lib/gcc/avr/4.3.3/avr5\libgcc.a(_pack_sf.o)
                              c:/users/alhof/onedrive/desktop/iti embedded/tools avr/imt_sdk_win_64/imt_sdk_win_64/winavr/bin/../lib/gcc/avr/4.3.3/avr5\libgcc.a(_addsub_sf.o) (__pack_f)
c:/users/alhof/onedrive/desktop/iti embedded/tools avr/imt_sdk_win_64/imt_sdk_win_64/winavr/bin/../lib/gcc/avr/4.3.3/avr5\libgcc.a(_unpack_sf.o)
                              c:/users/alhof/onedrive/desktop/iti embedded/tools avr/imt_sdk_win_64/imt_sdk_win_64/winavr/bin/../lib/gcc/avr/4.3.3/avr5\libgcc.a(_addsub_sf.o) (__unpack_f)
c:/users/alhof/onedrive/desktop/iti embedded/tools avr/imt_sdk_win_64/imt_sdk_win_64/winavr/bin/../lib/gcc/avr/4.3.3/avr5\libgcc.a(_fpcmp_parts_sf.o)
                              c:/users/alhof/onedrive/desktop/iti embedded/tools avr/imt_sdk_win_64/imt_sdk_win_64/winavr/bin/../lib/gcc/avr/4.3.3/avr5\libgcc.a(_gt_sf.o) (__fpcmp_parts_f)
c:/users/alhof/onedrive/desktop/iti embedded/tools avr/imt_sdk_win_64/imt_sdk_win_64/winavr/bin/../lib/gcc/avr/4.3.3/avr5\libgcc.a(_clz.o)
                              c:/users/alhof/onedrive/desktop/iti embedded/tools avr/imt_sdk_win_64/imt_sdk_win_64/winavr/bin/../lib/gcc/avr/4.3.3/avr5\libgcc.a(_clzsi2.o) (__clz_tab)
c:/users/alhof/onedrive/desktop/iti embedded/tools avr/imt_sdk_win_64/imt_sdk_win_64/winavr/bin/../lib/gcc/avr/4.3.3/../../../../avr/lib/avr5\libc.a(dtostrf.o)
                              ./system/APP/APP_Ultrasonic.o (dtostrf)
c:/users/alhof/onedrive/desktop/iti embedded/tools avr/imt_sdk_win_64/imt_sdk_win_64/winavr/bin/../lib/gcc/avr/4.3.3/../../../../avr/lib/avr5\libc.a(memcpy.o)
                              ./system/APP/APP_Ultrasonic.o (memcpy)
c:/users/alhof/onedrive/desktop/iti embedded/tools avr/imt_sdk_win_64/imt_sdk_win_64/winavr/bin/../lib/gcc/avr/4.3.3/../../../../avr/lib/avr5\libc.a(strlen.o)
                              ./system/APP/APP_Ultrasonic.o (strlen)
c:/users/alhof/onedrive/desktop/iti embedded/tools avr/imt_sdk_win_64/imt_sdk_win_64/winavr/bin/../lib/gcc/avr/4.3.3/../../../../avr/lib/avr5\libc.a(dtoa_prf.o)
                              c:/users/alhof/onedrive/desktop/iti embedded/tools avr/imt_sdk_win_64/imt_sdk_win_64/winavr/bin/../lib/gcc/avr/4.3.3/../../../../avr/lib/avr5\libc.a(dtostrf.o) (dtoa_prf)
c:/users/alhof/onedrive/desktop/iti embedded/tools avr/imt_sdk_win_64/imt_sdk_win_64/winavr/bin/../lib/gcc/avr/4.3.3/../../../../avr/lib/avr5\libc.a(ftoa_engine.o)
                              c:/users/alhof/onedrive/desktop/iti embedded/tools avr/imt_sdk_win_64/imt_sdk_win_64/winavr/bin/../lib/gcc/avr/4.3.3/../../../../avr/lib/avr5\libc.a(dtoa_prf.o) (__ftoa_engine)

Memory Configuration

Name             Origin             Length             Attributes
text             0x00000000         0x00020000         xr
data             0x00800060         0x0000ffa0         rw !x
eeprom           0x00810000         0x00010000         rw !x
fuse             0x00820000         0x00000400         rw !x
lock             0x00830000         0x00000400         rw !x
signature        0x00840000         0x00000400         rw !x
*default*        0x00000000         0xffffffff

Linker script and memory map

LOAD c:/users/alhof/onedrive/desktop/iti embedded/tools avr/imt_sdk_win_64/imt_sdk_win_64/winavr/bin/../lib/gcc/avr/4.3.3/../../../../avr/lib/avr5/crtm32.o
LOAD ./system/MCAL/ADC_Program.o
LOAD ./system/MCAL/DIO_Program.o
LOAD ./system/MCAL/EXT_IN_Program.o
LOAD ./system/MCAL/GIE_Program.o
LOAD ./system/HAL/Keypad_Program.o
LOAD ./system/HAL/LCD_Program.o
LOAD ./system/HAL/SWCH_Program.o
LOAD ./system/HAL/Stepper_program.o
LOAD ./system/APP/APP_Ultrasonic.o
LOAD c:/users/alhof/onedrive/desktop/iti embedded/tools avr/imt_sdk_win_64/imt_sdk_win_64/winavr/bin/../lib/gcc/avr/4.3.3/avr5\libgcc.a
LOAD c:/users/alhof/onedrive/desktop/iti embedded/tools avr/imt_sdk_win_64/imt_sdk_win_64/winavr/bin/../lib/gcc/avr/4.3.3/../../../../avr/lib/avr5\libc.a
LOAD c:/users/alhof/onedrive/desktop/iti embedded/tools avr/imt_sdk_win_64/imt_sdk_win_64/winavr/bin/../lib/gcc/avr/4.3.3/avr5\libgcc.a

.hash
 *(.hash)

.dynsym
 *(.dynsym)

.dynstr
 *(.dynstr)

.gnu.version
 *(.gnu.version)

.gnu.version_d
 *(.gnu.version_d)

.gnu.version_r
 *(.gnu.version_r)

.rel.init
 *(.rel.init)

.rela.init
 *(.rela.init)

.rel.text
 *(.rel.text)
 *(.rel.text.*)
 *(.rel.gnu.linkonce.t*)

.rela.text
 *(.rela.text)
 *(.rela.text.*)
 *(.rela.gnu.linkonce.t*)

.rel.fini
 *(.rel.fini)

.rela.fini
 *(.rela.fini)

.rel.rodata
 *(.rel.rodata)
 *(.rel.rodata.*)
 *(.rel.gnu.linkonce.r*)

.rela.rodata
 *(.rela.rodata)
 *(.rela.rodata.*)
 *(.rela.gnu.linkonce.r*)

.rel.data
 *(.rel.data)
 *(.rel.data.*)
 *(.rel.gnu.linkonce.d*)

.rela.data
 *(.rela.data)
 *(.rela.data.*)
 *(.rela.gnu.linkonce.d*)

.rel.ctors
 *(.rel.ctors)

.rela.ctors
 *(.rela.ctors)

.rel.dtors
 *(.rel.dtors)

.rela.dtors
 *(.rela.dtors)

.rel.got
 *(.rel.got)

.rela.got
 *(.rela.got)

.rel.bss
 *(.rel.bss)

.rela.bss
 *(.rela.bss)

.rel.plt
 *(.rel.plt)

.rela.plt
 *(.rela.plt)

.text           0x00000000     0x678c
 *(.vectors)
 .vectors       0x00000000       0x54 c:/users/alhof/onedrive/desktop/iti embedded/tools avr/imt_sdk_win_64/imt_sdk_win_64/winavr/bin/../lib/gcc/avr/4.3.3/../../../../avr/lib/avr5/crtm32.o
                0x00000000                __vectors
                0x00000000                __vector_default
 *(.vectors)
 *(.progmem.gcc*)
 *(.progmem*)
 .progmem.data  0x00000054       0xfa c:/users/alhof/onedrive/desktop/iti embedded/tools avr/imt_sdk_win_64/imt_sdk_win_64/winavr/bin/../lib/gcc/avr/4.3.3/../../../../avr/lib/avr5\libc.a(ftoa_engine.o)
                0x0000014e                . = ALIGN (0x2)
                0x0000014e                __trampolines_start = .
 *(.trampolines)
 .trampolines   0x0000014e        0x0 linker stubs
 *(.trampolines*)
                0x0000014e                __trampolines_end = .
 *(.jumptables)
 *(.jumptables*)
 *(.lowtext)
 *(.lowtext*)
                0x0000014e                __ctors_start = .
 *(.ctors)
                0x0000014e                __ctors_end = .
                0x0000014e                __dtors_start = .
 *(.dtors)
                0x0000014e                __dtors_end = .
 SORT(*)(.ctors)
 SORT(*)(.dtors)
 *(.init0)
 .init0         0x0000014e        0x0 c:/users/alhof/onedrive/desktop/iti embedded/tools avr/imt_sdk_win_64/imt_sdk_win_64/winavr/bin/../lib/gcc/avr/4.3.3/../../../../avr/lib/avr5/crtm32.o
                0x0000014e                __init
 *(.init0)
 *(.init1)
 *(.init1)
 *(.init2)
 .init2         0x0000014e        0xc c:/users/alhof/onedrive/desktop/iti embedded/tools avr/imt_sdk_win_64/imt_sdk_win_64/winavr/bin/../lib/gcc/avr/4.3.3/../../../../avr/lib/avr5/crtm32.o
 *(.init2)
 *(.init3)
 *(.init3)
 *(.init4)
 .init4         0x0000015a       0x16 c:/users/alhof/onedrive/desktop/iti embedded/tools avr/imt_sdk_win_64/imt_sdk_win_64/winavr/bin/../lib/gcc/avr/4.3.3/avr5\libgcc.a(_copy_data.o)
                0x0000015a                __do_copy_data
 .init4         0x00000170       0x10 c:/users/alhof/onedrive/desktop/iti embedded/tools avr/imt_sdk_win_64/imt_sdk_win_64/winavr/bin/../lib/gcc/avr/4.3.3/avr5\libgcc.a(_clear_bss.o)
                0x00000170                __do_clear_bss
 *(.init4)
 *(.init5)
 *(.init5)
 *(.init6)
 *(.init6)
 *(.init7)
 *(.init7)
 *(.init8)
 *(.init8)
 *(.init9)
 .init9         0x00000180        0x8 c:/users/alhof/onedrive/desktop/iti embedded/tools avr/imt_sdk_win_64/imt_sdk_win_64/winavr/bin/../lib/gcc/avr/4.3.3/../../../../avr/lib/avr5/crtm32.o
 *(.init9)
 *(.text)
 .text          0x00000188        0x4 c:/users/alhof/onedrive/desktop/iti embedded/tools avr/imt_sdk_win_64/imt_sdk_win_64/winavr/bin/../lib/gcc/avr/4.3.3/../../../../avr/lib/avr5/crtm32.o
                0x00000188                __vector_1
                0x00000188                __vector_12
                0x00000188                __bad_interrupt
                0x00000188                __vector_6
                0x00000188                __vector_3
                0x00000188                __vector_11
                0x00000188                __vector_13
                0x00000188                __vector_17
                0x00000188                __vector_19
                0x00000188                __vector_7
                0x00000188                __vector_5
                0x00000188                __vector_4
                0x00000188                __vector_2
                0x00000188                __vector_15
                0x00000188                __vector_8
                0x00000188                __vector_14
                0x00000188                __vector_10
                0x00000188                __vector_16
                0x00000188                __vector_18
                0x00000188                __vector_20
 .text          0x0000018c        0x0 ./system/MCAL/ADC_Program.o
 .text          0x0000018c        0x0 ./system/MCAL/DIO_Program.o
 .text          0x0000018c        0x0 ./system/MCAL/EXT_IN_Program.o
 .text          0x0000018c        0x0 ./system/MCAL/GIE_Program.o
 .text          0x0000018c        0x0 ./system/HAL/Keypad_Program.o
 .text          0x0000018c        0x0 ./system/HAL/LCD_Program.o
 .text          0x0000018c        0x0 ./system/HAL/SWCH_Program.o
 .text          0x0000018c        0x0 ./system/HAL/Stepper_program.o
 .text          0x0000018c        0x0 ./system/APP/APP_Ultrasonic.o
 .text          0x0000018c        0x0 c:/users/alhof/onedrive/desktop/iti embedded/tools avr/imt_sdk_win_64/imt_sdk_win_64/winavr/bin/../lib/gcc/avr/4.3.3/avr5\libgcc.a(_mulsi3.o)
 .text          0x0000018c        0x0 c:/users/alhof/onedrive/desktop/iti embedded/tools avr/imt_sdk_win_64/imt_sdk_win_64/winavr/bin/../lib/gcc/avr/4.3.3/avr5\libgcc.a(_udivmodhi4.o)
 .text          0x0000018c        0x0 c:/users/alhof/onedrive/desktop/iti embedded/tools avr/imt_sdk_win_64/imt_sdk_win_64/winavr/bin/../lib/gcc/avr/4.3.3/avr5\libgcc.a(_exit.o)
 .text          0x0000018c        0x0 c:/users/alhof/onedrive/desktop/iti embedded/tools avr/imt_sdk_win_64/imt_sdk_win_64/winavr/bin/../lib/gcc/avr/4.3.3/avr5\libgcc.a(_copy_data.o)
 .text          0x0000018c        0x0 c:/users/alhof/onedrive/desktop/iti embedded/tools avr/imt_sdk_win_64/imt_sdk_win_64/winavr/bin/../lib/gcc/avr/4.3.3/avr5\libgcc.a(_clear_bss.o)
 .text          0x0000018c       0x58 c:/users/alhof/onedrive/desktop/iti embedded/tools avr/imt_sdk_win_64/imt_sdk_win_64/winavr/bin/../lib/gcc/avr/4.3.3/avr5\libgcc.a(_fixunssfsi.o)
                0x0000018c                __fixunssfsi
 .text          0x000001e4      0x354 c:/users/alhof/onedrive/desktop/iti embedded/tools avr/imt_sdk_win_64/imt_sdk_win_64/winavr/bin/../lib/gcc/avr/4.3.3/avr5\libgcc.a(_addsub_sf.o)
                0x0000047c                __subsf3
                0x000004de                __addsf3
 .text          0x00000538      0x1f4 c:/users/alhof/onedrive/desktop/iti embedded/tools avr/imt_sdk_win_64/imt_sdk_win_64/winavr/bin/../lib/gcc/avr/4.3.3/avr5\libgcc.a(_mul_sf.o)
                0x00000538                __mulsf3
 .text          0x0000072c      0x158 c:/users/alhof/onedrive/desktop/iti embedded/tools avr/imt_sdk_win_64/imt_sdk_win_64/winavr/bin/../lib/gcc/avr/4.3.3/avr5\libgcc.a(_div_sf.o)
                0x0000072c                __divsf3
 .text          0x00000884       0x60 c:/users/alhof/onedrive/desktop/iti embedded/tools avr/imt_sdk_win_64/imt_sdk_win_64/winavr/bin/../lib/gcc/avr/4.3.3/avr5\libgcc.a(_gt_sf.o)
                0x00000884                __gtsf2
 .text          0x000008e4       0x60 c:/users/alhof/onedrive/desktop/iti embedded/tools avr/imt_sdk_win_64/imt_sdk_win_64/winavr/bin/../lib/gcc/avr/4.3.3/avr5\libgcc.a(_ge_sf.o)
                0x000008e4                __gesf2
 .text          0x00000944       0x60 c:/users/alhof/onedrive/desktop/iti embedded/tools avr/imt_sdk_win_64/imt_sdk_win_64/winavr/bin/../lib/gcc/avr/4.3.3/avr5\libgcc.a(_lt_sf.o)
                0x00000944                __ltsf2
 .text          0x000009a4       0xbc c:/users/alhof/onedrive/desktop/iti embedded/tools avr/imt_sdk_win_64/imt_sdk_win_64/winavr/bin/../lib/gcc/avr/4.3.3/avr5\libgcc.a(_si_to_sf.o)
                0x000009a4                __floatsisf
 .text          0x00000a60       0xa8 c:/users/alhof/onedrive/desktop/iti embedded/tools avr/imt_sdk_win_64/imt_sdk_win_64/winavr/bin/../lib/gcc/avr/4.3.3/avr5\libgcc.a(_sf_to_si.o)
                0x00000a60                __fixsfsi
 .text          0x00000b08        0x0 c:/users/alhof/onedrive/desktop/iti embedded/tools avr/imt_sdk_win_64/imt_sdk_win_64/winavr/bin/../lib/gcc/avr/4.3.3/avr5\libgcc.a(_thenan_sf.o)
 .text          0x00000b08        0x0 c:/users/alhof/onedrive/desktop/iti embedded/tools avr/imt_sdk_win_64/imt_sdk_win_64/winavr/bin/../lib/gcc/avr/4.3.3/avr5\libgcc.a(_prologue.o)
 .text          0x00000b08        0x0 c:/users/alhof/onedrive/desktop/iti embedded/tools avr/imt_sdk_win_64/imt_sdk_win_64/winavr/bin/../lib/gcc/avr/4.3.3/avr5\libgcc.a(_epilogue.o)
 .text          0x00000b08       0x9e c:/users/alhof/onedrive/desktop/iti embedded/tools avr/imt_sdk_win_64/imt_sdk_win_64/winavr/bin/../lib/gcc/avr/4.3.3/avr5\libgcc.a(_clzsi2.o)
                0x00000b08                __clzsi2
 .text          0x00000ba6      0x1aa c:/users/alhof/onedrive/desktop/iti embedded/tools avr/imt_sdk_win_64/imt_sdk_win_64/winavr/bin/../lib/gcc/avr/4.3.3/avr5\libgcc.a(_pack_sf.o)
                0x00000ba6                __pack_f
 .text          0x00000d50       0xf0 c:/users/alhof/onedrive/desktop/iti embedded/tools avr/imt_sdk_win_64/imt_sdk_win_64/winavr/bin/../lib/gcc/avr/4.3.3/avr5\libgcc.a(_unpack_sf.o)
                0x00000d50                __unpack_f
 .text          0x00000e40       0xb2 c:/users/alhof/onedrive/desktop/iti embedded/tools avr/imt_sdk_win_64/imt_sdk_win_64/winavr/bin/../lib/gcc/avr/4.3.3/avr5\libgcc.a(_fpcmp_parts_sf.o)
                0x00000e40                __fpcmp_parts_f
 .text          0x00000ef2        0x0 c:/users/alhof/onedrive/desktop/iti embedded/tools avr/imt_sdk_win_64/imt_sdk_win_64/winavr/bin/../lib/gcc/avr/4.3.3/avr5\libgcc.a(_clz.o)
 .text          0x00000ef2        0x0 c:/users/alhof/onedrive/desktop/iti embedded/tools avr/imt_sdk_win_64/imt_sdk_win_64/winavr/bin/../lib/gcc/avr/4.3.3/../../../../avr/lib/avr5\libc.a(dtostrf.o)
 .text          0x00000ef2        0x0 c:/users/alhof/onedrive/desktop/iti embedded/tools avr/imt_sdk_win_64/imt_sdk_win_64/winavr/bin/../lib/gcc/avr/4.3.3/../../../../avr/lib/avr5\libc.a(memcpy.o)
 .text          0x00000ef2        0x0 c:/users/alhof/onedrive/desktop/iti embedded/tools avr/imt_sdk_win_64/imt_sdk_win_64/winavr/bin/../lib/gcc/avr/4.3.3/../../../../avr/lib/avr5\libc.a(strlen.o)
 .text          0x00000ef2        0x0 c:/users/alhof/onedrive/desktop/iti embedded/tools avr/imt_sdk_win_64/imt_sdk_win_64/winavr/bin/../lib/gcc/avr/4.3.3/../../../../avr/lib/avr5\libc.a(dtoa_prf.o)
 .text          0x00000ef2        0x0 c:/users/alhof/onedrive/desktop/iti embedded/tools avr/imt_sdk_win_64/imt_sdk_win_64/winavr/bin/../lib/gcc/avr/4.3.3/../../../../avr/lib/avr5\libc.a(ftoa_engine.o)
                0x00000ef2                . = ALIGN (0x2)
 *(.text.*)
 .text.ADC_voidInit
                0x00000ef2       0x70 ./system/MCAL/ADC_Program.o
                0x00000ef2                ADC_voidInit
 .text.ADC_u16GetDigitalValue
                0x00000f62       0x6c ./system/MCAL/ADC_Program.o
                0x00000f62                ADC_u16GetDigitalValue
 .text.DIO_voidSetPortDirection
                0x00000fce       0x82 ./system/MCAL/DIO_Program.o
                0x00000fce                DIO_voidSetPortDirection
 .text.DIO_voidSetPortValue
                0x00001050       0x82 ./system/MCAL/DIO_Program.o
                0x00001050                DIO_voidSetPortValue
 .text.DIO_u8GetPinValue
                0x000010d2       0xf4 ./system/MCAL/DIO_Program.o
                0x000010d2                DIO_u8GetPinValue
 .text.DIO_voidSetPinValue
                0x000011c6      0x1f8 ./system/MCAL/DIO_Program.o
                0x000011c6                DIO_voidSetPinValue
 .text.DIO_voidSetPinDirection
                0x000013be      0x1f8 ./system/MCAL/DIO_Program.o
                0x000013be                DIO_voidSetPinDirection
 .text.EXT1_IN_Enable
                0x000015b6       0x7a ./system/MCAL/EXT_IN_Program.o
                0x000015b6                EXT1_IN_Enable
 .text.EXT2_IN_Enable
                0x00001630        0xe ./system/MCAL/EXT_IN_Program.o
                0x00001630                EXT2_IN_Enable
 .text.Global_Interrupt_Disable
                0x0000163e       0x1c ./system/MCAL/GIE_Program.o
                0x0000163e                Global_Interrupt_Disable
 .text.Global_Interrupt_Enable
                0x0000165a       0x1c ./system/MCAL/GIE_Program.o
                0x0000165a                Global_Interrupt_Enable
 .text.KPD_setup
                0x00001676       0x88 ./system/HAL/Keypad_Program.o
                0x00001676                KPD_setup
 .text.GET_Key_Number
                0x000016fe       0xbc ./system/HAL/Keypad_Program.o
                0x000016fe                GET_Key_Number
 .text.GET_Pressed_Key
                0x000017ba       0x52 ./system/HAL/Keypad_Program.o
                0x000017ba                GET_Pressed_Key
 .text.GET_Pressed_Time
                0x0000180c      0x15e ./system/HAL/Keypad_Program.o
                0x0000180c                GET_Pressed_Time
 .text.LCD_vidInit_8bits
                0x0000196a      0xf7a ./system/HAL/LCD_Program.o
                0x0000196a                LCD_vidInit_8bits
 .text.LCD_vidSendCommand_
                0x000028e4       0x26 ./system/HAL/LCD_Program.o
                0x000028e4                LCD_vidSendCommand_
 .text.LCD_vidGotoxy
                0x0000290a       0x4c ./system/HAL/LCD_Program.o
                0x0000290a                LCD_vidGotoxy
 .text.LCD_vidSendCommand
                0x00002956      0x156 ./system/HAL/LCD_Program.o
                0x00002956                LCD_vidSendCommand
 .text.LCD_vidSendCommand_4_Bits
                0x00002aac      0x7c0 ./system/HAL/LCD_Program.o
                0x00002aac                LCD_vidSendCommand_4_Bits
 .text.LCD_vidWriteCharctr
                0x0000326c      0x350 ./system/HAL/LCD_Program.o
                0x0000326c                LCD_vidWriteCharctr
 .text.LCD_vidWriteCharctr_4bits
                0x000035bc      0x91a ./system/HAL/LCD_Program.o
                0x000035bc                LCD_vidWriteCharctr_4bits
 .text.LCD_vidInit_4bits
                0x00003ed6      0x232 ./system/HAL/LCD_Program.o
                0x00003ed6                LCD_vidInit_4bits
 .text.LCD_vidWriteNumber_8bits
                0x00004108       0xa4 ./system/HAL/LCD_Program.o
                0x00004108                LCD_vidWriteNumber_8bits
 .text.LCD_vidWriteNumber_4bits
                0x000041ac       0xa4 ./system/HAL/LCD_Program.o
                0x000041ac                LCD_vidWriteNumber_4bits
 .text.LCD_Command
                0x00004250      0x6f0 ./system/HAL/LCD_Program.o
                0x00004250                LCD_Command
 .text.LCD_Char
                0x00004940      0x6f0 ./system/HAL/LCD_Program.o
                0x00004940                LCD_Char
 .text.LCD_Init
                0x00005030      0x258 ./system/HAL/LCD_Program.o
                0x00005030                LCD_Init
 .text.LCD_String
                0x00005288       0x56 ./system/HAL/LCD_Program.o
                0x00005288                LCD_String
 .text.LCD_String_xy
                0x000052de       0x58 ./system/HAL/LCD_Program.o
                0x000052de                LCD_String_xy
 .text.LCD_Clear
                0x00005336      0x116 ./system/HAL/LCD_Program.o
                0x00005336                LCD_Clear
 .text.SWCH_init
                0x0000544c       0x58 ./system/HAL/SWCH_Program.o
                0x0000544c                SWCH_init
 .text.SWCH_GetVal
                0x000054a4       0x16 ./system/HAL/SWCH_Program.o
                0x000054a4                SWCH_GetVal
 .text.STEPPER_voidInit
                0x000054ba       0x36 ./system/HAL/Stepper_program.o
                0x000054ba                STEPPER_voidInit
 .text.STEPPER_voidRotateCW
                0x000054f0      0x456 ./system/HAL/Stepper_program.o
                0x000054f0                STEPPER_voidRotateCW
 .text.STEPPER_voidRotateACW
                0x00005946      0x456 ./system/HAL/Stepper_program.o
                0x00005946                STEPPER_voidRotateACW
 .text.__vector_9
                0x00005d9c       0x3a ./system/APP/APP_Ultrasonic.o
                0x00005d9c                __vector_9
 .text.main     0x00005dd6      0x404 ./system/APP/APP_Ultrasonic.o
                0x00005dd6                main
 .text.libgcc   0x000061da       0x3e c:/users/alhof/onedrive/desktop/iti embedded/tools avr/imt_sdk_win_64/imt_sdk_win_64/winavr/bin/../lib/gcc/avr/4.3.3/avr5\libgcc.a(_mulsi3.o)
                0x000061da                __mulsi3
 .text.libgcc   0x00006218       0x28 c:/users/alhof/onedrive/desktop/iti embedded/tools avr/imt_sdk_win_64/imt_sdk_win_64/winavr/bin/../lib/gcc/avr/4.3.3/avr5\libgcc.a(_udivmodhi4.o)
                0x00006218                __udivmodhi4
 .text.libgcc   0x00006240        0x0 c:/users/alhof/onedrive/desktop/iti embedded/tools avr/imt_sdk_win_64/imt_sdk_win_64/winavr/bin/../lib/gcc/avr/4.3.3/avr5\libgcc.a(_exit.o)
 .text.libgcc   0x00006240        0x0 c:/users/alhof/onedrive/desktop/iti embedded/tools avr/imt_sdk_win_64/imt_sdk_win_64/winavr/bin/../lib/gcc/avr/4.3.3/avr5\libgcc.a(_copy_data.o)
 .text.libgcc   0x00006240        0x0 c:/users/alhof/onedrive/desktop/iti embedded/tools avr/imt_sdk_win_64/imt_sdk_win_64/winavr/bin/../lib/gcc/avr/4.3.3/avr5\libgcc.a(_clear_bss.o)
 .text.libgcc   0x00006240       0x38 c:/users/alhof/onedrive/desktop/iti embedded/tools avr/imt_sdk_win_64/imt_sdk_win_64/winavr/bin/../lib/gcc/avr/4.3.3/avr5\libgcc.a(_prologue.o)
                0x00006240                __prologue_saves__
 .text.libgcc   0x00006278       0x36 c:/users/alhof/onedrive/desktop/iti embedded/tools avr/imt_sdk_win_64/imt_sdk_win_64/winavr/bin/../lib/gcc/avr/4.3.3/avr5\libgcc.a(_epilogue.o)
                0x00006278                __epilogue_restores__
 .text.avr-libc
                0x000062ae       0x42 c:/users/alhof/onedrive/desktop/iti embedded/tools avr/imt_sdk_win_64/imt_sdk_win_64/winavr/bin/../lib/gcc/avr/4.3.3/../../../../avr/lib/avr5\libc.a(dtostrf.o)
                0x000062ae                dtostrf
 .text.avr-libc
                0x000062f0       0x12 c:/users/alhof/onedrive/desktop/iti embedded/tools avr/imt_sdk_win_64/imt_sdk_win_64/winavr/bin/../lib/gcc/avr/4.3.3/../../../../avr/lib/avr5\libc.a(memcpy.o)
                0x000062f0                memcpy
 .text.avr-libc
                0x00006302       0x12 c:/users/alhof/onedrive/desktop/iti embedded/tools avr/imt_sdk_win_64/imt_sdk_win_64/winavr/bin/../lib/gcc/avr/4.3.3/../../../../avr/lib/avr5\libc.a(strlen.o)
                0x00006302                strlen
 .text.avr-libc
                0x00006314      0x2c4 c:/users/alhof/onedrive/desktop/iti embedded/tools avr/imt_sdk_win_64/imt_sdk_win_64/winavr/bin/../lib/gcc/avr/4.3.3/../../../../avr/lib/avr5\libc.a(dtoa_prf.o)
                0x00006314                dtoa_prf
 .text.avr-libc
                0x000065d8      0x1b0 c:/users/alhof/onedrive/desktop/iti embedded/tools avr/imt_sdk_win_64/imt_sdk_win_64/winavr/bin/../lib/gcc/avr/4.3.3/../../../../avr/lib/avr5\libc.a(ftoa_engine.o)
                0x000065d8                __ftoa_engine
                0x00006788                . = ALIGN (0x2)
 *(.fini9)
 .fini9         0x00006788        0x0 c:/users/alhof/onedrive/desktop/iti embedded/tools avr/imt_sdk_win_64/imt_sdk_win_64/winavr/bin/../lib/gcc/avr/4.3.3/avr5\libgcc.a(_exit.o)
                0x00006788                exit
                0x00006788                _exit
 *(.fini9)
 *(.fini8)
 *(.fini8)
 *(.fini7)
 *(.fini7)
 *(.fini6)
 *(.fini6)
 *(.fini5)
 *(.fini5)
 *(.fini4)
 *(.fini4)
 *(.fini3)
 *(.fini3)
 *(.fini2)
 *(.fini2)
 *(.fini1)
 *(.fini1)
 *(.fini0)
 .fini0         0x00006788        0x4 c:/users/alhof/onedrive/desktop/iti embedded/tools avr/imt_sdk_win_64/imt_sdk_win_64/winavr/bin/../lib/gcc/avr/4.3.3/avr5\libgcc.a(_exit.o)
 *(.fini0)
                0x0000678c                _etext = .

.data           0x00800060      0x13c load address 0x0000678c
                0x00800060                PROVIDE (__data_start, .)
 *(.data)
 .data          0x00800060        0x0 c:/users/alhof/onedrive/desktop/iti embedded/tools avr/imt_sdk_win_64/imt_sdk_win_64/winavr/bin/../lib/gcc/avr/4.3.3/../../../../avr/lib/avr5/crtm32.o
 .data          0x00800060        0x0 ./system/MCAL/ADC_Program.o
 .data          0x00800060        0x0 ./system/MCAL/DIO_Program.o
 .data          0x00800060        0x0 ./system/MCAL/EXT_IN_Program.o
 .data          0x00800060        0x0 ./system/MCAL/GIE_Program.o
 .data          0x00800060        0x0 ./system/HAL/Keypad_Program.o
 .data          0x00800060        0x0 ./system/HAL/LCD_Program.o
 .data          0x00800060        0x0 ./system/HAL/SWCH_Program.o
 .data          0x00800060        0x0 ./system/HAL/Stepper_program.o
 .data          0x00800060       0x1a ./system/APP/APP_Ultrasonic.o
 .data          0x0080007a        0x0 c:/users/alhof/onedrive/desktop/iti embedded/tools avr/imt_sdk_win_64/imt_sdk_win_64/winavr/bin/../lib/gcc/avr/4.3.3/avr5\libgcc.a(_mulsi3.o)
 .data          0x0080007a        0x0 c:/users/alhof/onedrive/desktop/iti embedded/tools avr/imt_sdk_win_64/imt_sdk_win_64/winavr/bin/../lib/gcc/avr/4.3.3/avr5\libgcc.a(_udivmodhi4.o)
 .data          0x0080007a        0x0 c:/users/alhof/onedrive/desktop/iti embedded/tools avr/imt_sdk_win_64/imt_sdk_win_64/winavr/bin/../lib/gcc/avr/4.3.3/avr5\libgcc.a(_exit.o)
 .data          0x0080007a        0x0 c:/users/alhof/onedrive/desktop/iti embedded/tools avr/imt_sdk_win_64/imt_sdk_win_64/winavr/bin/../lib/gcc/avr/4.3.3/avr5\libgcc.a(_copy_data.o)
 .data          0x0080007a        0x0 c:/users/alhof/onedrive/desktop/iti embedded/tools avr/imt_sdk_win_64/imt_sdk_win_64/winavr/bin/../lib/gcc/avr/4.3.3/avr5\libgcc.a(_clear_bss.o)
 .data          0x0080007a        0x0 c:/users/alhof/onedrive/desktop/iti embedded/tools avr/imt_sdk_win_64/imt_sdk_win_64/winavr/bin/../lib/gcc/avr/4.3.3/avr5\libgcc.a(_fixunssfsi.o)
 .data          0x0080007a        0x0 c:/users/alhof/onedrive/desktop/iti embedded/tools avr/imt_sdk_win_64/imt_sdk_win_64/winavr/bin/../lib/gcc/avr/4.3.3/avr5\libgcc.a(_addsub_sf.o)
 .data          0x0080007a        0x0 c:/users/alhof/onedrive/desktop/iti embedded/tools avr/imt_sdk_win_64/imt_sdk_win_64/winavr/bin/../lib/gcc/avr/4.3.3/avr5\libgcc.a(_mul_sf.o)
 .data          0x0080007a        0x0 c:/users/alhof/onedrive/desktop/iti embedded/tools avr/imt_sdk_win_64/imt_sdk_win_64/winavr/bin/../lib/gcc/avr/4.3.3/avr5\libgcc.a(_div_sf.o)
 .data          0x0080007a        0x0 c:/users/alhof/onedrive/desktop/iti embedded/tools avr/imt_sdk_win_64/imt_sdk_win_64/winavr/bin/../lib/gcc/avr/4.3.3/avr5\libgcc.a(_gt_sf.o)
 .data          0x0080007a        0x0 c:/users/alhof/onedrive/desktop/iti embedded/tools avr/imt_sdk_win_64/imt_sdk_win_64/winavr/bin/../lib/gcc/avr/4.3.3/avr5\libgcc.a(_ge_sf.o)
 .data          0x0080007a        0x0 c:/users/alhof/onedrive/desktop/iti embedded/tools avr/imt_sdk_win_64/imt_sdk_win_64/winavr/bin/../lib/gcc/avr/4.3.3/avr5\libgcc.a(_lt_sf.o)
 .data          0x0080007a        0x0 c:/users/alhof/onedrive/desktop/iti embedded/tools avr/imt_sdk_win_64/imt_sdk_win_64/winavr/bin/../lib/gcc/avr/4.3.3/avr5\libgcc.a(_si_to_sf.o)
 .data          0x0080007a        0x0 c:/users/alhof/onedrive/desktop/iti embedded/tools avr/imt_sdk_win_64/imt_sdk_win_64/winavr/bin/../lib/gcc/avr/4.3.3/avr5\libgcc.a(_sf_to_si.o)
 .data          0x0080007a        0x8 c:/users/alhof/onedrive/desktop/iti embedded/tools avr/imt_sdk_win_64/imt_sdk_win_64/winavr/bin/../lib/gcc/avr/4.3.3/avr5\libgcc.a(_thenan_sf.o)
                0x0080007a                __thenan_sf
 .data          0x00800082        0x0 c:/users/alhof/onedrive/desktop/iti embedded/tools avr/imt_sdk_win_64/imt_sdk_win_64/winavr/bin/../lib/gcc/avr/4.3.3/avr5\libgcc.a(_prologue.o)
 .data          0x00800082        0x0 c:/users/alhof/onedrive/desktop/iti embedded/tools avr/imt_sdk_win_64/imt_sdk_win_64/winavr/bin/../lib/gcc/avr/4.3.3/avr5\libgcc.a(_epilogue.o)
 .data          0x00800082        0x0 c:/users/alhof/onedrive/desktop/iti embedded/tools avr/imt_sdk_win_64/imt_sdk_win_64/winavr/bin/../lib/gcc/avr/4.3.3/avr5\libgcc.a(_clzsi2.o)
 .data          0x00800082        0x0 c:/users/alhof/onedrive/desktop/iti embedded/tools avr/imt_sdk_win_64/imt_sdk_win_64/winavr/bin/../lib/gcc/avr/4.3.3/avr5\libgcc.a(_pack_sf.o)
 .data          0x00800082        0x0 c:/users/alhof/onedrive/desktop/iti embedded/tools avr/imt_sdk_win_64/imt_sdk_win_64/winavr/bin/../lib/gcc/avr/4.3.3/avr5\libgcc.a(_unpack_sf.o)
 .data          0x00800082        0x0 c:/users/alhof/onedrive/desktop/iti embedded/tools avr/imt_sdk_win_64/imt_sdk_win_64/winavr/bin/../lib/gcc/avr/4.3.3/avr5\libgcc.a(_fpcmp_parts_sf.o)
 .data          0x00800082      0x100 c:/users/alhof/onedrive/desktop/iti embedded/tools avr/imt_sdk_win_64/imt_sdk_win_64/winavr/bin/../lib/gcc/avr/4.3.3/avr5\libgcc.a(_clz.o)
                0x00800082                __clz_tab
 .data          0x00800182        0x0 c:/users/alhof/onedrive/desktop/iti embedded/tools avr/imt_sdk_win_64/imt_sdk_win_64/winavr/bin/../lib/gcc/avr/4.3.3/../../../../avr/lib/avr5\libc.a(dtostrf.o)
 .data          0x00800182        0x0 c:/users/alhof/onedrive/desktop/iti embedded/tools avr/imt_sdk_win_64/imt_sdk_win_64/winavr/bin/../lib/gcc/avr/4.3.3/../../../../avr/lib/avr5\libc.a(memcpy.o)
 .data          0x00800182        0x0 c:/users/alhof/onedrive/desktop/iti embedded/tools avr/imt_sdk_win_64/imt_sdk_win_64/winavr/bin/../lib/gcc/avr/4.3.3/../../../../avr/lib/avr5\libc.a(strlen.o)
 .data          0x00800182        0x0 c:/users/alhof/onedrive/desktop/iti embedded/tools avr/imt_sdk_win_64/imt_sdk_win_64/winavr/bin/../lib/gcc/avr/4.3.3/../../../../avr/lib/avr5\libc.a(dtoa_prf.o)
 .data          0x00800182        0x0 c:/users/alhof/onedrive/desktop/iti embedded/tools avr/imt_sdk_win_64/imt_sdk_win_64/winavr/bin/../lib/gcc/avr/4.3.3/../../../../avr/lib/avr5\libc.a(ftoa_engine.o)
 *(.data*)
 .data.KPD_au8SwitchVal
                0x00800182       0x10 ./system/HAL/Keypad_Program.o
                0x00800182                KPD_au8SwitchVal
 .data.ROWS     0x00800192        0x4 ./system/HAL/Keypad_Program.o
                0x00800192                ROWS
 .data.COLS     0x00800196        0x4 ./system/HAL/Keypad_Program.o
                0x00800196                COLS
 .data.pressed_key
                0x0080019a        0x1 ./system/HAL/Keypad_Program.o
                0x0080019a                pressed_key
 .data.last_pressed_key
                0x0080019b        0x1 ./system/HAL/Keypad_Program.o
 *(.rodata)
 *(.rodata*)
 *(.gnu.linkonce.d*)
                0x0080019c                . = ALIGN (0x2)
                0x0080019c                _edata = .
                0x0080019c                PROVIDE (__data_end, .)

.bss            0x0080019c        0x2
                0x0080019c                PROVIDE (__bss_start, .)
 *(.bss)
 .bss           0x0080019c        0x0 c:/users/alhof/onedrive/desktop/iti embedded/tools avr/imt_sdk_win_64/imt_sdk_win_64/winavr/bin/../lib/gcc/avr/4.3.3/../../../../avr/lib/avr5/crtm32.o
 .bss           0x0080019c        0x0 ./system/MCAL/ADC_Program.o
 .bss           0x0080019c        0x0 ./system/MCAL/DIO_Program.o
 .bss           0x0080019c        0x0 ./system/MCAL/EXT_IN_Program.o
 .bss           0x0080019c        0x0 ./system/MCAL/GIE_Program.o
 .bss           0x0080019c        0x0 ./system/HAL/Keypad_Program.o
 .bss           0x0080019c        0x0 ./system/HAL/LCD_Program.o
 .bss           0x0080019c        0x0 ./system/HAL/SWCH_Program.o
 .bss           0x0080019c        0x0 ./system/HAL/Stepper_program.o
 .bss           0x0080019c        0x0 ./system/APP/APP_Ultrasonic.o
 .bss           0x0080019c        0x0 c:/users/alhof/onedrive/desktop/iti embedded/tools avr/imt_sdk_win_64/imt_sdk_win_64/winavr/bin/../lib/gcc/avr/4.3.3/avr5\libgcc.a(_mulsi3.o)
 .bss           0x0080019c        0x0 c:/users/alhof/onedrive/desktop/iti embedded/tools avr/imt_sdk_win_64/imt_sdk_win_64/winavr/bin/../lib/gcc/avr/4.3.3/avr5\libgcc.a(_udivmodhi4.o)
 .bss           0x0080019c        0x0 c:/users/alhof/onedrive/desktop/iti embedded/tools avr/imt_sdk_win_64/imt_sdk_win_64/winavr/bin/../lib/gcc/avr/4.3.3/avr5\libgcc.a(_exit.o)
 .bss           0x0080019c        0x0 c:/users/alhof/onedrive/desktop/iti embedded/tools avr/imt_sdk_win_64/imt_sdk_win_64/winavr/bin/../lib/gcc/avr/4.3.3/avr5\libgcc.a(_copy_data.o)
 .bss           0x0080019c        0x0 c:/users/alhof/onedrive/desktop/iti embedded/tools avr/imt_sdk_win_64/imt_sdk_win_64/winavr/bin/../lib/gcc/avr/4.3.3/avr5\libgcc.a(_clear_bss.o)
 .bss           0x0080019c        0x0 c:/users/alhof/onedrive/desktop/iti embedded/tools avr/imt_sdk_win_64/imt_sdk_win_64/winavr/bin/../lib/gcc/avr/4.3.3/avr5\libgcc.a(_fixunssfsi.o)
 .bss           0x0080019c        0x0 c:/users/alhof/onedrive/desktop/iti embedded/tools avr/imt_sdk_win_64/imt_sdk_win_64/winavr/bin/../lib/gcc/avr/4.3.3/avr5\libgcc.a(_addsub_sf.o)
 .bss           0x0080019c        0x0 c:/users/alhof/onedrive/desktop/iti embedded/tools avr/imt_sdk_win_64/imt_sdk_win_64/winavr/bin/../lib/gcc/avr/4.3.3/avr5\libgcc.a(_mul_sf.o)
 .bss           0x0080019c        0x0 c:/users/alhof/onedrive/desktop/iti embedded/tools avr/imt_sdk_win_64/imt_sdk_win_64/winavr/bin/../lib/gcc/avr/4.3.3/avr5\libgcc.a(_div_sf.o)
 .bss           0x0080019c        0x0 c:/users/alhof/onedrive/desktop/iti embedded/tools avr/imt_sdk_win_64/imt_sdk_win_64/winavr/bin/../lib/gcc/avr/4.3.3/avr5\libgcc.a(_gt_sf.o)
 .bss           0x0080019c        0x0 c:/users/alhof/onedrive/desktop/iti embedded/tools avr/imt_sdk_win_64/imt_sdk_win_64/winavr/bin/../lib/gcc/avr/4.3.3/avr5\libgcc.a(_ge_sf.o)
 .bss           0x0080019c        0x0 c:/users/alhof/onedrive/desktop/iti embedded/tools avr/imt_sdk_win_64/imt_sdk_win_64/winavr/bin/../lib/gcc/avr/4.3.3/avr5\libgcc.a(_lt_sf.o)
 .bss           0x0080019c        0x0 c:/users/alhof/onedrive/desktop/iti embedded/tools avr/imt_sdk_win_64/imt_sdk_win_64/winavr/bin/../lib/gcc/avr/4.3.3/avr5\libgcc.a(_si_to_sf.o)
 .bss           0x0080019c        0x0 c:/users/alhof/onedrive/desktop/iti embedded/tools avr/imt_sdk_win_64/imt_sdk_win_64/winavr/bin/../lib/gcc/avr/4.3.3/avr5\libgcc.a(_sf_to_si.o)
 .bss           0x0080019c        0x0 c:/users/alhof/onedrive/desktop/iti embedded/tools avr/imt_sdk_win_64/imt_sdk_win_64/winavr/bin/../lib/gcc/avr/4.3.3/avr5\libgcc.a(_thenan_sf.o)
 .bss           0x0080019c        0x0 c:/users/alhof/onedrive/desktop/iti embedded/tools avr/imt_sdk_win_64/imt_sdk_win_64/winavr/bin/../lib/gcc/avr/4.3.3/avr5\libgcc.a(_prologue.o)
 .bss           0x0080019c        0x0 c:/users/alhof/onedrive/desktop/iti embedded/tools avr/imt_sdk_win_64/imt_sdk_win_64/winavr/bin/../lib/gcc/avr/4.3.3/avr5\libgcc.a(_epilogue.o)
 .bss           0x0080019c        0x0 c:/users/alhof/onedrive/desktop/iti embedded/tools avr/imt_sdk_win_64/imt_sdk_win_64/winavr/bin/../lib/gcc/avr/4.3.3/avr5\libgcc.a(_clzsi2.o)
 .bss           0x0080019c        0x0 c:/users/alhof/onedrive/desktop/iti embedded/tools avr/imt_sdk_win_64/imt_sdk_win_64/winavr/bin/../lib/gcc/avr/4.3.3/avr5\libgcc.a(_pack_sf.o)
 .bss           0x0080019c        0x0 c:/users/alhof/onedrive/desktop/iti embedded/tools avr/imt_sdk_win_64/imt_sdk_win_64/winavr/bin/../lib/gcc/avr/4.3.3/avr5\libgcc.a(_unpack_sf.o)
 .bss           0x0080019c        0x0 c:/users/alhof/onedrive/desktop/iti embedded/tools avr/imt_sdk_win_64/imt_sdk_win_64/winavr/bin/../lib/gcc/avr/4.3.3/avr5\libgcc.a(_fpcmp_parts_sf.o)
 .bss           0x0080019c        0x0 c:/users/alhof/onedrive/desktop/iti embedded/tools avr/imt_sdk_win_64/imt_sdk_win_64/winavr/bin/../lib/gcc/avr/4.3.3/avr5\libgcc.a(_clz.o)
 .bss           0x0080019c        0x0 c:/users/alhof/onedrive/desktop/iti embedded/tools avr/imt_sdk_win_64/imt_sdk_win_64/winavr/bin/../lib/gcc/avr/4.3.3/../../../../avr/lib/avr5\libc.a(dtostrf.o)
 .bss           0x0080019c        0x0 c:/users/alhof/onedrive/desktop/iti embedded/tools avr/imt_sdk_win_64/imt_sdk_win_64/winavr/bin/../lib/gcc/avr/4.3.3/../../../../avr/lib/avr5\libc.a(memcpy.o)
 .bss           0x0080019c        0x0 c:/users/alhof/onedrive/desktop/iti embedded/tools avr/imt_sdk_win_64/imt_sdk_win_64/winavr/bin/../lib/gcc/avr/4.3.3/../../../../avr/lib/avr5\libc.a(strlen.o)
 .bss           0x0080019c        0x0 c:/users/alhof/onedrive/desktop/iti embedded/tools avr/imt_sdk_win_64/imt_sdk_win_64/winavr/bin/../lib/gcc/avr/4.3.3/../../../../avr/lib/avr5\libc.a(dtoa_prf.o)
 .bss           0x0080019c        0x0 c:/users/alhof/onedrive/desktop/iti embedded/tools avr/imt_sdk_win_64/imt_sdk_win_64/winavr/bin/../lib/gcc/avr/4.3.3/../../../../avr/lib/avr5\libc.a(ftoa_engine.o)
 *(.bss*)
 .bss.TimerOverflow
                0x0080019c        0x2 ./system/APP/APP_Ultrasonic.o
                0x0080019c                TimerOverflow
 *(COMMON)
                0x0080019e                PROVIDE (__bss_end, .)
                0x0000678c                __data_load_start = LOADADDR (.data)
                0x000068c8                __data_load_end = (__data_load_start + SIZEOF (.data))

.noinit         0x0080019e        0x0
                0x0080019e                PROVIDE (__noinit_start, .)
 *(.noinit*)
                0x0080019e                PROVIDE (__noinit_end, .)
                0x0080019e                _end = .
                0x0080019e                PROVIDE (__heap_start, .)

.eeprom         0x00810000        0x0
 *(.eeprom*)
                0x00810000                __eeprom_end = .

.fuse
 *(.fuse)
 *(.lfuse)
 *(.hfuse)
 *(.efuse)

.lock
 *(.lock*)

.signature
 *(.signature*)

.stab           0x00000000     0x4b54
 *(.stab)
 .stab          0x00000000      0x24c ./system/MCAL/ADC_Program.o
 .stab          0x0000024c      0x420 ./system/MCAL/DIO_Program.o
                                0x498 (size before relaxing)
 .stab          0x0000066c      0x198 ./system/MCAL/EXT_IN_Program.o
                                0x210 (size before relaxing)
 .stab          0x00000804      0x144 ./system/MCAL/GIE_Program.o
                                0x1bc (size before relaxing)
 .stab          0x00000948      0x6d8 ./system/HAL/Keypad_Program.o
                                0x6e4 (size before relaxing)
 .stab          0x00001020     0x2ac0 ./system/HAL/LCD_Program.o
                               0x2cc4 (size before relaxing)
 .stab          0x00003ae0      0x174 ./system/HAL/SWCH_Program.o
                                0x1ec (size before relaxing)
 .stab          0x00003c54      0x8c4 ./system/HAL/Stepper_program.o
                                0xac8 (size before relaxing)
 .stab          0x00004518      0x63c ./system/APP/APP_Ultrasonic.o
                                0x7d4 (size before relaxing)

.stabstr        0x00000000     0x1576
 *(.stabstr)
 .stabstr       0x00000000     0x1576 ./system/MCAL/ADC_Program.o

.stab.excl
 *(.stab.excl)

.stab.exclstr
 *(.stab.exclstr)

.stab.index
 *(.stab.index)

.stab.indexstr
 *(.stab.indexstr)

.comment
 *(.comment)

.debug
 *(.debug)

.line
 *(.line)

.debug_srcinfo
 *(.debug_srcinfo)

.debug_sfnames
 *(.debug_sfnames)

.debug_aranges  0x00000000      0x1a0
 *(.debug_aranges)
 .debug_aranges
                0x00000000       0x20 c:/users/alhof/onedrive/desktop/iti embedded/tools avr/imt_sdk_win_64/imt_sdk_win_64/winavr/bin/../lib/gcc/avr/4.3.3/avr5\libgcc.a(_fixunssfsi.o)
 .debug_aranges
                0x00000020       0x20 c:/users/alhof/onedrive/desktop/iti embedded/tools avr/imt_sdk_win_64/imt_sdk_win_64/winavr/bin/../lib/gcc/avr/4.3.3/avr5\libgcc.a(_addsub_sf.o)
 .debug_aranges
                0x00000040       0x20 c:/users/alhof/onedrive/desktop/iti embedded/tools avr/imt_sdk_win_64/imt_sdk_win_64/winavr/bin/../lib/gcc/avr/4.3.3/avr5\libgcc.a(_mul_sf.o)
 .debug_aranges
                0x00000060       0x20 c:/users/alhof/onedrive/desktop/iti embedded/tools avr/imt_sdk_win_64/imt_sdk_win_64/winavr/bin/../lib/gcc/avr/4.3.3/avr5\libgcc.a(_div_sf.o)
 .debug_aranges
                0x00000080       0x20 c:/users/alhof/onedrive/desktop/iti embedded/tools avr/imt_sdk_win_64/imt_sdk_win_64/winavr/bin/../lib/gcc/avr/4.3.3/avr5\libgcc.a(_gt_sf.o)
 .debug_aranges
                0x000000a0       0x20 c:/users/alhof/onedrive/desktop/iti embedded/tools avr/imt_sdk_win_64/imt_sdk_win_64/winavr/bin/../lib/gcc/avr/4.3.3/avr5\libgcc.a(_ge_sf.o)
 .debug_aranges
                0x000000c0       0x20 c:/users/alhof/onedrive/desktop/iti embedded/tools avr/imt_sdk_win_64/imt_sdk_win_64/winavr/bin/../lib/gcc/avr/4.3.3/avr5\libgcc.a(_lt_sf.o)
 .debug_aranges
                0x000000e0       0x20 c:/users/alhof/onedrive/desktop/iti embedded/tools avr/imt_sdk_win_64/imt_sdk_win_64/winavr/bin/../lib/gcc/avr/4.3.3/avr5\libgcc.a(_si_to_sf.o)
 .debug_aranges
                0x00000100       0x20 c:/users/alhof/onedrive/desktop/iti embedded/tools avr/imt_sdk_win_64/imt_sdk_win_64/winavr/bin/../lib/gcc/avr/4.3.3/avr5\libgcc.a(_sf_to_si.o)
 .debug_aranges
                0x00000120       0x20 c:/users/alhof/onedrive/desktop/iti embedded/tools avr/imt_sdk_win_64/imt_sdk_win_64/winavr/bin/../lib/gcc/avr/4.3.3/avr5\libgcc.a(_clzsi2.o)
 .debug_aranges
                0x00000140       0x20 c:/users/alhof/onedrive/desktop/iti embedded/tools avr/imt_sdk_win_64/imt_sdk_win_64/winavr/bin/../lib/gcc/avr/4.3.3/avr5\libgcc.a(_pack_sf.o)
 .debug_aranges
                0x00000160       0x20 c:/users/alhof/onedrive/desktop/iti embedded/tools avr/imt_sdk_win_64/imt_sdk_win_64/winavr/bin/../lib/gcc/avr/4.3.3/avr5\libgcc.a(_unpack_sf.o)
 .debug_aranges
                0x00000180       0x20 c:/users/alhof/onedrive/desktop/iti embedded/tools avr/imt_sdk_win_64/imt_sdk_win_64/winavr/bin/../lib/gcc/avr/4.3.3/avr5\libgcc.a(_fpcmp_parts_sf.o)

.debug_pubnames
                0x00000000      0x1f0
 *(.debug_pubnames)
 .debug_pubnames
                0x00000000       0x23 c:/users/alhof/onedrive/desktop/iti embedded/tools avr/imt_sdk_win_64/imt_sdk_win_64/winavr/bin/../lib/gcc/avr/4.3.3/avr5\libgcc.a(_fixunssfsi.o)
 .debug_pubnames
                0x00000023       0x2c c:/users/alhof/onedrive/desktop/iti embedded/tools avr/imt_sdk_win_64/imt_sdk_win_64/winavr/bin/../lib/gcc/avr/4.3.3/avr5\libgcc.a(_addsub_sf.o)
 .debug_pubnames
                0x0000004f       0x1f c:/users/alhof/onedrive/desktop/iti embedded/tools avr/imt_sdk_win_64/imt_sdk_win_64/winavr/bin/../lib/gcc/avr/4.3.3/avr5\libgcc.a(_mul_sf.o)
 .debug_pubnames
                0x0000006e       0x1f c:/users/alhof/onedrive/desktop/iti embedded/tools avr/imt_sdk_win_64/imt_sdk_win_64/winavr/bin/../lib/gcc/avr/4.3.3/avr5\libgcc.a(_div_sf.o)
 .debug_pubnames
                0x0000008d       0x1e c:/users/alhof/onedrive/desktop/iti embedded/tools avr/imt_sdk_win_64/imt_sdk_win_64/winavr/bin/../lib/gcc/avr/4.3.3/avr5\libgcc.a(_gt_sf.o)
 .debug_pubnames
                0x000000ab       0x1e c:/users/alhof/onedrive/desktop/iti embedded/tools avr/imt_sdk_win_64/imt_sdk_win_64/winavr/bin/../lib/gcc/avr/4.3.3/avr5\libgcc.a(_ge_sf.o)
 .debug_pubnames
                0x000000c9       0x1e c:/users/alhof/onedrive/desktop/iti embedded/tools avr/imt_sdk_win_64/imt_sdk_win_64/winavr/bin/../lib/gcc/avr/4.3.3/avr5\libgcc.a(_lt_sf.o)
 .debug_pubnames
                0x000000e7       0x22 c:/users/alhof/onedrive/desktop/iti embedded/tools avr/imt_sdk_win_64/imt_sdk_win_64/winavr/bin/../lib/gcc/avr/4.3.3/avr5\libgcc.a(_si_to_sf.o)
 .debug_pubnames
                0x00000109       0x20 c:/users/alhof/onedrive/desktop/iti embedded/tools avr/imt_sdk_win_64/imt_sdk_win_64/winavr/bin/../lib/gcc/avr/4.3.3/avr5\libgcc.a(_sf_to_si.o)
 .debug_pubnames
                0x00000129       0x22 c:/users/alhof/onedrive/desktop/iti embedded/tools avr/imt_sdk_win_64/imt_sdk_win_64/winavr/bin/../lib/gcc/avr/4.3.3/avr5\libgcc.a(_thenan_sf.o)
 .debug_pubnames
                0x0000014b       0x1f c:/users/alhof/onedrive/desktop/iti embedded/tools avr/imt_sdk_win_64/imt_sdk_win_64/winavr/bin/../lib/gcc/avr/4.3.3/avr5\libgcc.a(_clzsi2.o)
 .debug_pubnames
                0x0000016a       0x1f c:/users/alhof/onedrive/desktop/iti embedded/tools avr/imt_sdk_win_64/imt_sdk_win_64/winavr/bin/../lib/gcc/avr/4.3.3/avr5\libgcc.a(_pack_sf.o)
 .debug_pubnames
                0x00000189       0x21 c:/users/alhof/onedrive/desktop/iti embedded/tools avr/imt_sdk_win_64/imt_sdk_win_64/winavr/bin/../lib/gcc/avr/4.3.3/avr5\libgcc.a(_unpack_sf.o)
 .debug_pubnames
                0x000001aa       0x26 c:/users/alhof/onedrive/desktop/iti embedded/tools avr/imt_sdk_win_64/imt_sdk_win_64/winavr/bin/../lib/gcc/avr/4.3.3/avr5\libgcc.a(_fpcmp_parts_sf.o)
 .debug_pubnames
                0x000001d0       0x20 c:/users/alhof/onedrive/desktop/iti embedded/tools avr/imt_sdk_win_64/imt_sdk_win_64/winavr/bin/../lib/gcc/avr/4.3.3/avr5\libgcc.a(_clz.o)

.debug_info     0x00000000     0x240c
 *(.debug_info)
 .debug_info    0x00000000       0xb1 c:/users/alhof/onedrive/desktop/iti embedded/tools avr/imt_sdk_win_64/imt_sdk_win_64/winavr/bin/../lib/gcc/avr/4.3.3/avr5\libgcc.a(_fixunssfsi.o)
 .debug_info    0x000000b1      0x47a c:/users/alhof/onedrive/desktop/iti embedded/tools avr/imt_sdk_win_64/imt_sdk_win_64/winavr/bin/../lib/gcc/avr/4.3.3/avr5\libgcc.a(_addsub_sf.o)
 .debug_info    0x0000052b      0x485 c:/users/alhof/onedrive/desktop/iti embedded/tools avr/imt_sdk_win_64/imt_sdk_win_64/winavr/bin/../lib/gcc/avr/4.3.3/avr5\libgcc.a(_mul_sf.o)
 .debug_info    0x000009b0      0x3fc c:/users/alhof/onedrive/desktop/iti embedded/tools avr/imt_sdk_win_64/imt_sdk_win_64/winavr/bin/../lib/gcc/avr/4.3.3/avr5\libgcc.a(_div_sf.o)
 .debug_info    0x00000dac      0x27f c:/users/alhof/onedrive/desktop/iti embedded/tools avr/imt_sdk_win_64/imt_sdk_win_64/winavr/bin/../lib/gcc/avr/4.3.3/avr5\libgcc.a(_gt_sf.o)
 .debug_info    0x0000102b      0x27f c:/users/alhof/onedrive/desktop/iti embedded/tools avr/imt_sdk_win_64/imt_sdk_win_64/winavr/bin/../lib/gcc/avr/4.3.3/avr5\libgcc.a(_ge_sf.o)
 .debug_info    0x000012aa      0x27f c:/users/alhof/onedrive/desktop/iti embedded/tools avr/imt_sdk_win_64/imt_sdk_win_64/winavr/bin/../lib/gcc/avr/4.3.3/avr5\libgcc.a(_lt_sf.o)
 .debug_info    0x00001529      0x207 c:/users/alhof/onedrive/desktop/iti embedded/tools avr/imt_sdk_win_64/imt_sdk_win_64/winavr/bin/../lib/gcc/avr/4.3.3/avr5\libgcc.a(_si_to_sf.o)
 .debug_info    0x00001730      0x2b0 c:/users/alhof/onedrive/desktop/iti embedded/tools avr/imt_sdk_win_64/imt_sdk_win_64/winavr/bin/../lib/gcc/avr/4.3.3/avr5\libgcc.a(_sf_to_si.o)
 .debug_info    0x000019e0      0x12c c:/users/alhof/onedrive/desktop/iti embedded/tools avr/imt_sdk_win_64/imt_sdk_win_64/winavr/bin/../lib/gcc/avr/4.3.3/avr5\libgcc.a(_thenan_sf.o)
 .debug_info    0x00001b0c      0x117 c:/users/alhof/onedrive/desktop/iti embedded/tools avr/imt_sdk_win_64/imt_sdk_win_64/winavr/bin/../lib/gcc/avr/4.3.3/avr5\libgcc.a(_clzsi2.o)
 .debug_info    0x00001c23      0x2df c:/users/alhof/onedrive/desktop/iti embedded/tools avr/imt_sdk_win_64/imt_sdk_win_64/winavr/bin/../lib/gcc/avr/4.3.3/avr5\libgcc.a(_pack_sf.o)
 .debug_info    0x00001f02      0x251 c:/users/alhof/onedrive/desktop/iti embedded/tools avr/imt_sdk_win_64/imt_sdk_win_64/winavr/bin/../lib/gcc/avr/4.3.3/avr5\libgcc.a(_unpack_sf.o)
 .debug_info    0x00002153      0x210 c:/users/alhof/onedrive/desktop/iti embedded/tools avr/imt_sdk_win_64/imt_sdk_win_64/winavr/bin/../lib/gcc/avr/4.3.3/avr5\libgcc.a(_fpcmp_parts_sf.o)
 .debug_info    0x00002363       0xa9 c:/users/alhof/onedrive/desktop/iti embedded/tools avr/imt_sdk_win_64/imt_sdk_win_64/winavr/bin/../lib/gcc/avr/4.3.3/avr5\libgcc.a(_clz.o)
 *(.gnu.linkonce.wi.*)

.debug_abbrev   0x00000000     0x1377
 *(.debug_abbrev)
 .debug_abbrev  0x00000000       0x5d c:/users/alhof/onedrive/desktop/iti embedded/tools avr/imt_sdk_win_64/imt_sdk_win_64/winavr/bin/../lib/gcc/avr/4.3.3/avr5\libgcc.a(_fixunssfsi.o)
 .debug_abbrev  0x0000005d      0x1ea c:/users/alhof/onedrive/desktop/iti embedded/tools avr/imt_sdk_win_64/imt_sdk_win_64/winavr/bin/../lib/gcc/avr/4.3.3/avr5\libgcc.a(_addsub_sf.o)
 .debug_abbrev  0x00000247      0x21b c:/users/alhof/onedrive/desktop/iti embedded/tools avr/imt_sdk_win_64/imt_sdk_win_64/winavr/bin/../lib/gcc/avr/4.3.3/avr5\libgcc.a(_mul_sf.o)
 .debug_abbrev  0x00000462      0x216 c:/users/alhof/onedrive/desktop/iti embedded/tools avr/imt_sdk_win_64/imt_sdk_win_64/winavr/bin/../lib/gcc/avr/4.3.3/avr5\libgcc.a(_div_sf.o)
 .debug_abbrev  0x00000678      0x15a c:/users/alhof/onedrive/desktop/iti embedded/tools avr/imt_sdk_win_64/imt_sdk_win_64/winavr/bin/../lib/gcc/avr/4.3.3/avr5\libgcc.a(_gt_sf.o)
 .debug_abbrev  0x000007d2      0x15a c:/users/alhof/onedrive/desktop/iti embedded/tools avr/imt_sdk_win_64/imt_sdk_win_64/winavr/bin/../lib/gcc/avr/4.3.3/avr5\libgcc.a(_ge_sf.o)
 .debug_abbrev  0x0000092c      0x15a c:/users/alhof/onedrive/desktop/iti embedded/tools avr/imt_sdk_win_64/imt_sdk_win_64/winavr/bin/../lib/gcc/avr/4.3.3/avr5\libgcc.a(_lt_sf.o)
 .debug_abbrev  0x00000a86      0x148 c:/users/alhof/onedrive/desktop/iti embedded/tools avr/imt_sdk_win_64/imt_sdk_win_64/winavr/bin/../lib/gcc/avr/4.3.3/avr5\libgcc.a(_si_to_sf.o)
 .debug_abbrev  0x00000bce      0x17f c:/users/alhof/onedrive/desktop/iti embedded/tools avr/imt_sdk_win_64/imt_sdk_win_64/winavr/bin/../lib/gcc/avr/4.3.3/avr5\libgcc.a(_sf_to_si.o)
 .debug_abbrev  0x00000d4d       0xad c:/users/alhof/onedrive/desktop/iti embedded/tools avr/imt_sdk_win_64/imt_sdk_win_64/winavr/bin/../lib/gcc/avr/4.3.3/avr5\libgcc.a(_thenan_sf.o)
 .debug_abbrev  0x00000dfa       0xc4 c:/users/alhof/onedrive/desktop/iti embedded/tools avr/imt_sdk_win_64/imt_sdk_win_64/winavr/bin/../lib/gcc/avr/4.3.3/avr5\libgcc.a(_clzsi2.o)
 .debug_abbrev  0x00000ebe      0x1c0 c:/users/alhof/onedrive/desktop/iti embedded/tools avr/imt_sdk_win_64/imt_sdk_win_64/winavr/bin/../lib/gcc/avr/4.3.3/avr5\libgcc.a(_pack_sf.o)
 .debug_abbrev  0x0000107e      0x154 c:/users/alhof/onedrive/desktop/iti embedded/tools avr/imt_sdk_win_64/imt_sdk_win_64/winavr/bin/../lib/gcc/avr/4.3.3/avr5\libgcc.a(_unpack_sf.o)
 .debug_abbrev  0x000011d2      0x13b c:/users/alhof/onedrive/desktop/iti embedded/tools avr/imt_sdk_win_64/imt_sdk_win_64/winavr/bin/../lib/gcc/avr/4.3.3/avr5\libgcc.a(_fpcmp_parts_sf.o)
 .debug_abbrev  0x0000130d       0x6a c:/users/alhof/onedrive/desktop/iti embedded/tools avr/imt_sdk_win_64/imt_sdk_win_64/winavr/bin/../lib/gcc/avr/4.3.3/avr5\libgcc.a(_clz.o)

.debug_line     0x00000000     0x11d8
 *(.debug_line)
 .debug_line    0x00000000       0xa7 c:/users/alhof/onedrive/desktop/iti embedded/tools avr/imt_sdk_win_64/imt_sdk_win_64/winavr/bin/../lib/gcc/avr/4.3.3/avr5\libgcc.a(_fixunssfsi.o)
 .debug_line    0x000000a7      0x2af c:/users/alhof/onedrive/desktop/iti embedded/tools avr/imt_sdk_win_64/imt_sdk_win_64/winavr/bin/../lib/gcc/avr/4.3.3/avr5\libgcc.a(_addsub_sf.o)
 .debug_line    0x00000356      0x239 c:/users/alhof/onedrive/desktop/iti embedded/tools avr/imt_sdk_win_64/imt_sdk_win_64/winavr/bin/../lib/gcc/avr/4.3.3/avr5\libgcc.a(_mul_sf.o)
 .debug_line    0x0000058f      0x1d5 c:/users/alhof/onedrive/desktop/iti embedded/tools avr/imt_sdk_win_64/imt_sdk_win_64/winavr/bin/../lib/gcc/avr/4.3.3/avr5\libgcc.a(_div_sf.o)
 .debug_line    0x00000764       0xd3 c:/users/alhof/onedrive/desktop/iti embedded/tools avr/imt_sdk_win_64/imt_sdk_win_64/winavr/bin/../lib/gcc/avr/4.3.3/avr5\libgcc.a(_gt_sf.o)
 .debug_line    0x00000837       0xd3 c:/users/alhof/onedrive/desktop/iti embedded/tools avr/imt_sdk_win_64/imt_sdk_win_64/winavr/bin/../lib/gcc/avr/4.3.3/avr5\libgcc.a(_ge_sf.o)
 .debug_line    0x0000090a       0xd3 c:/users/alhof/onedrive/desktop/iti embedded/tools avr/imt_sdk_win_64/imt_sdk_win_64/winavr/bin/../lib/gcc/avr/4.3.3/avr5\libgcc.a(_lt_sf.o)
 .debug_line    0x000009dd      0x135 c:/users/alhof/onedrive/desktop/iti embedded/tools avr/imt_sdk_win_64/imt_sdk_win_64/winavr/bin/../lib/gcc/avr/4.3.3/avr5\libgcc.a(_si_to_sf.o)
 .debug_line    0x00000b12      0x109 c:/users/alhof/onedrive/desktop/iti embedded/tools avr/imt_sdk_win_64/imt_sdk_win_64/winavr/bin/../lib/gcc/avr/4.3.3/avr5\libgcc.a(_sf_to_si.o)
 .debug_line    0x00000c1b       0x90 c:/users/alhof/onedrive/desktop/iti embedded/tools avr/imt_sdk_win_64/imt_sdk_win_64/winavr/bin/../lib/gcc/avr/4.3.3/avr5\libgcc.a(_thenan_sf.o)
 .debug_line    0x00000cab       0xa5 c:/users/alhof/onedrive/desktop/iti embedded/tools avr/imt_sdk_win_64/imt_sdk_win_64/winavr/bin/../lib/gcc/avr/4.3.3/avr5\libgcc.a(_clzsi2.o)
 .debug_line    0x00000d50      0x18a c:/users/alhof/onedrive/desktop/iti embedded/tools avr/imt_sdk_win_64/imt_sdk_win_64/winavr/bin/../lib/gcc/avr/4.3.3/avr5\libgcc.a(_pack_sf.o)
 .debug_line    0x00000eda      0x14b c:/users/alhof/onedrive/desktop/iti embedded/tools avr/imt_sdk_win_64/imt_sdk_win_64/winavr/bin/../lib/gcc/avr/4.3.3/avr5\libgcc.a(_unpack_sf.o)
 .debug_line    0x00001025      0x137 c:/users/alhof/onedrive/desktop/iti embedded/tools avr/imt_sdk_win_64/imt_sdk_win_64/winavr/bin/../lib/gcc/avr/4.3.3/avr5\libgcc.a(_fpcmp_parts_sf.o)
 .debug_line    0x0000115c       0x7c c:/users/alhof/onedrive/desktop/iti embedded/tools avr/imt_sdk_win_64/imt_sdk_win_64/winavr/bin/../lib/gcc/avr/4.3.3/avr5\libgcc.a(_clz.o)

.debug_frame    0x00000000      0x1c0
 *(.debug_frame)
 .debug_frame   0x00000000       0x20 c:/users/alhof/onedrive/desktop/iti embedded/tools avr/imt_sdk_win_64/imt_sdk_win_64/winavr/bin/../lib/gcc/avr/4.3.3/avr5\libgcc.a(_fixunssfsi.o)
 .debug_frame   0x00000020       0x40 c:/users/alhof/onedrive/desktop/iti embedded/tools avr/imt_sdk_win_64/imt_sdk_win_64/winavr/bin/../lib/gcc/avr/4.3.3/avr5\libgcc.a(_addsub_sf.o)
 .debug_frame   0x00000060       0x20 c:/users/alhof/onedrive/desktop/iti embedded/tools avr/imt_sdk_win_64/imt_sdk_win_64/winavr/bin/../lib/gcc/avr/4.3.3/avr5\libgcc.a(_mul_sf.o)
 .debug_frame   0x00000080       0x20 c:/users/alhof/onedrive/desktop/iti embedded/tools avr/imt_sdk_win_64/imt_sdk_win_64/winavr/bin/../lib/gcc/avr/4.3.3/avr5\libgcc.a(_div_sf.o)
 .debug_frame   0x000000a0       0x20 c:/users/alhof/onedrive/desktop/iti embedded/tools avr/imt_sdk_win_64/imt_sdk_win_64/winavr/bin/../lib/gcc/avr/4.3.3/avr5\libgcc.a(_gt_sf.o)
 .debug_frame   0x000000c0       0x20 c:/users/alhof/onedrive/desktop/iti embedded/tools avr/imt_sdk_win_64/imt_sdk_win_64/winavr/bin/../lib/gcc/avr/4.3.3/avr5\libgcc.a(_ge_sf.o)
 .debug_frame   0x000000e0       0x20 c:/users/alhof/onedrive/desktop/iti embedded/tools avr/imt_sdk_win_64/imt_sdk_win_64/winavr/bin/../lib/gcc/avr/4.3.3/avr5\libgcc.a(_lt_sf.o)
 .debug_frame   0x00000100       0x20 c:/users/alhof/onedrive/desktop/iti embedded/tools avr/imt_sdk_win_64/imt_sdk_win_64/winavr/bin/../lib/gcc/avr/4.3.3/avr5\libgcc.a(_si_to_sf.o)
 .debug_frame   0x00000120       0x20 c:/users/alhof/onedrive/desktop/iti embedded/tools avr/imt_sdk_win_64/imt_sdk_win_64/winavr/bin/../lib/gcc/avr/4.3.3/avr5\libgcc.a(_sf_to_si.o)
 .debug_frame   0x00000140       0x20 c:/users/alhof/onedrive/desktop/iti embedded/tools avr/imt_sdk_win_64/imt_sdk_win_64/winavr/bin/../lib/gcc/avr/4.3.3/avr5\libgcc.a(_clzsi2.o)
 .debug_frame   0x00000160       0x20 c:/users/alhof/onedrive/desktop/iti embedded/tools avr/imt_sdk_win_64/imt_sdk_win_64/winavr/bin/../lib/gcc/avr/4.3.3/avr5\libgcc.a(_pack_sf.o)
 .debug_frame   0x00000180       0x20 c:/users/alhof/onedrive/desktop/iti embedded/tools avr/imt_sdk_win_64/imt_sdk_win_64/winavr/bin/../lib/gcc/avr/4.3.3/avr5\libgcc.a(_unpack_sf.o)
 .debug_frame   0x000001a0       0x20 c:/users/alhof/onedrive/desktop/iti embedded/tools avr/imt_sdk_win_64/imt_sdk_win_64/winavr/bin/../lib/gcc/avr/4.3.3/avr5\libgcc.a(_fpcmp_parts_sf.o)

.debug_str      0x00000000      0x2f3
 *(.debug_str)
 .debug_str     0x00000000       0xbf c:/users/alhof/onedrive/desktop/iti embedded/tools avr/imt_sdk_win_64/imt_sdk_win_64/winavr/bin/../lib/gcc/avr/4.3.3/avr5\libgcc.a(_fixunssfsi.o)
                                 0xfe (size before relaxing)
 .debug_str     0x000000bf      0x14d c:/users/alhof/onedrive/desktop/iti embedded/tools avr/imt_sdk_win_64/imt_sdk_win_64/winavr/bin/../lib/gcc/avr/4.3.3/avr5\libgcc.a(_addsub_sf.o)
                                0x206 (size before relaxing)
 .debug_str     0x0000020c       0x27 c:/users/alhof/onedrive/desktop/iti embedded/tools avr/imt_sdk_win_64/imt_sdk_win_64/winavr/bin/../lib/gcc/avr/4.3.3/avr5\libgcc.a(_mul_sf.o)
                                0x1bf (size before relaxing)
 .debug_str     0x00000233       0x35 c:/users/alhof/onedrive/desktop/iti embedded/tools avr/imt_sdk_win_64/imt_sdk_win_64/winavr/bin/../lib/gcc/avr/4.3.3/avr5\libgcc.a(_div_sf.o)
                                0x1c8 (size before relaxing)
 .debug_str     0x00000268        0x8 c:/users/alhof/onedrive/desktop/iti embedded/tools avr/imt_sdk_win_64/imt_sdk_win_64/winavr/bin/../lib/gcc/avr/4.3.3/avr5\libgcc.a(_gt_sf.o)
                                0x195 (size before relaxing)
 .debug_str     0x00000270        0x8 c:/users/alhof/onedrive/desktop/iti embedded/tools avr/imt_sdk_win_64/imt_sdk_win_64/winavr/bin/../lib/gcc/avr/4.3.3/avr5\libgcc.a(_ge_sf.o)
                                0x195 (size before relaxing)
 .debug_str     0x00000278        0x8 c:/users/alhof/onedrive/desktop/iti embedded/tools avr/imt_sdk_win_64/imt_sdk_win_64/winavr/bin/../lib/gcc/avr/4.3.3/avr5\libgcc.a(_lt_sf.o)
                                0x195 (size before relaxing)
 .debug_str     0x00000280       0x1e c:/users/alhof/onedrive/desktop/iti embedded/tools avr/imt_sdk_win_64/imt_sdk_win_64/winavr/bin/../lib/gcc/avr/4.3.3/avr5\libgcc.a(_si_to_sf.o)
                                0x17b (size before relaxing)
 .debug_str     0x0000029e        0xa c:/users/alhof/onedrive/desktop/iti embedded/tools avr/imt_sdk_win_64/imt_sdk_win_64/winavr/bin/../lib/gcc/avr/4.3.3/avr5\libgcc.a(_sf_to_si.o)
                                0x19e (size before relaxing)
 .debug_str     0x00000000      0x103 c:/users/alhof/onedrive/desktop/iti embedded/tools avr/imt_sdk_win_64/imt_sdk_win_64/winavr/bin/../lib/gcc/avr/4.3.3/avr5\libgcc.a(_thenan_sf.o)
 .debug_str     0x000002a8       0x20 c:/users/alhof/onedrive/desktop/iti embedded/tools avr/imt_sdk_win_64/imt_sdk_win_64/winavr/bin/../lib/gcc/avr/4.3.3/avr5\libgcc.a(_clzsi2.o)
                                0x111 (size before relaxing)
 .debug_str     0x000002c8       0x10 c:/users/alhof/onedrive/desktop/iti embedded/tools avr/imt_sdk_win_64/imt_sdk_win_64/winavr/bin/../lib/gcc/avr/4.3.3/avr5\libgcc.a(_pack_sf.o)
                                0x19d (size before relaxing)
 .debug_str     0x000002d8        0xb c:/users/alhof/onedrive/desktop/iti embedded/tools avr/imt_sdk_win_64/imt_sdk_win_64/winavr/bin/../lib/gcc/avr/4.3.3/avr5\libgcc.a(_unpack_sf.o)
                                0x17f (size before relaxing)
 .debug_str     0x000002e3       0x10 c:/users/alhof/onedrive/desktop/iti embedded/tools avr/imt_sdk_win_64/imt_sdk_win_64/winavr/bin/../lib/gcc/avr/4.3.3/avr5\libgcc.a(_fpcmp_parts_sf.o)
                                0x163 (size before relaxing)
 .debug_str     0x00000000       0xf4 c:/users/alhof/onedrive/desktop/iti embedded/tools avr/imt_sdk_win_64/imt_sdk_win_64/winavr/bin/../lib/gcc/avr/4.3.3/avr5\libgcc.a(_clz.o)

.debug_loc      0x00000000      0x9ce
 *(.debug_loc)
 .debug_loc     0x00000000       0x34 c:/users/alhof/onedrive/desktop/iti embedded/tools avr/imt_sdk_win_64/imt_sdk_win_64/winavr/bin/../lib/gcc/avr/4.3.3/avr5\libgcc.a(_fixunssfsi.o)
 .debug_loc     0x00000034      0x32a c:/users/alhof/onedrive/desktop/iti embedded/tools avr/imt_sdk_win_64/imt_sdk_win_64/winavr/bin/../lib/gcc/avr/4.3.3/avr5\libgcc.a(_addsub_sf.o)
 .debug_loc     0x0000035e      0x104 c:/users/alhof/onedrive/desktop/iti embedded/tools avr/imt_sdk_win_64/imt_sdk_win_64/winavr/bin/../lib/gcc/avr/4.3.3/avr5\libgcc.a(_mul_sf.o)
 .debug_loc     0x00000462       0xc0 c:/users/alhof/onedrive/desktop/iti embedded/tools avr/imt_sdk_win_64/imt_sdk_win_64/winavr/bin/../lib/gcc/avr/4.3.3/avr5\libgcc.a(_div_sf.o)
 .debug_loc     0x00000522       0x3c c:/users/alhof/onedrive/desktop/iti embedded/tools avr/imt_sdk_win_64/imt_sdk_win_64/winavr/bin/../lib/gcc/avr/4.3.3/avr5\libgcc.a(_gt_sf.o)
 .debug_loc     0x0000055e       0x3c c:/users/alhof/onedrive/desktop/iti embedded/tools avr/imt_sdk_win_64/imt_sdk_win_64/winavr/bin/../lib/gcc/avr/4.3.3/avr5\libgcc.a(_ge_sf.o)
 .debug_loc     0x0000059a       0x3c c:/users/alhof/onedrive/desktop/iti embedded/tools avr/imt_sdk_win_64/imt_sdk_win_64/winavr/bin/../lib/gcc/avr/4.3.3/avr5\libgcc.a(_lt_sf.o)
 .debug_loc     0x000005d6       0xac c:/users/alhof/onedrive/desktop/iti embedded/tools avr/imt_sdk_win_64/imt_sdk_win_64/winavr/bin/../lib/gcc/avr/4.3.3/avr5\libgcc.a(_si_to_sf.o)
 .debug_loc     0x00000682       0x7e c:/users/alhof/onedrive/desktop/iti embedded/tools avr/imt_sdk_win_64/imt_sdk_win_64/winavr/bin/../lib/gcc/avr/4.3.3/avr5\libgcc.a(_sf_to_si.o)
 .debug_loc     0x00000700       0x94 c:/users/alhof/onedrive/desktop/iti embedded/tools avr/imt_sdk_win_64/imt_sdk_win_64/winavr/bin/../lib/gcc/avr/4.3.3/avr5\libgcc.a(_clzsi2.o)
 .debug_loc     0x00000794      0x13e c:/users/alhof/onedrive/desktop/iti embedded/tools avr/imt_sdk_win_64/imt_sdk_win_64/winavr/bin/../lib/gcc/avr/4.3.3/avr5\libgcc.a(_pack_sf.o)
 .debug_loc     0x000008d2       0xac c:/users/alhof/onedrive/desktop/iti embedded/tools avr/imt_sdk_win_64/imt_sdk_win_64/winavr/bin/../lib/gcc/avr/4.3.3/avr5\libgcc.a(_unpack_sf.o)
 .debug_loc     0x0000097e       0x50 c:/users/alhof/onedrive/desktop/iti embedded/tools avr/imt_sdk_win_64/imt_sdk_win_64/winavr/bin/../lib/gcc/avr/4.3.3/avr5\libgcc.a(_fpcmp_parts_sf.o)

.debug_macinfo
 *(.debug_macinfo)
OUTPUT(Ultrasonic.elf elf32-avr)
LOAD linker stubs

.debug_ranges   0x00000000       0x50
 .debug_ranges  0x00000000       0x50 c:/users/alhof/onedrive/desktop/iti embedded/tools avr/imt_sdk_win_64/imt_sdk_win_64/winavr/bin/../lib/gcc/avr/4.3.3/avr5\libgcc.a(_mul_sf.o)
