Archive member included because of file (symbol)

d:/iti_arm/02-arm tools/03- imt sdk/imt_sdk_win_64/winavr/bin/../lib/gcc/avr/4.3.3/avr5\libgcc.a(_mulsi3.o)
                              ./HAL/SERVO_Prog.o (__mulsi3)
d:/iti_arm/02-arm tools/03- imt sdk/imt_sdk_win_64/winavr/bin/../lib/gcc/avr/4.3.3/avr5\libgcc.a(_udivmodhi4.o)
                              ./HAL/LCD_Program.o (__udivmodhi4)
d:/iti_arm/02-arm tools/03- imt sdk/imt_sdk_win_64/winavr/bin/../lib/gcc/avr/4.3.3/avr5\libgcc.a(_udivmodsi4.o)
                              ./HAL/SERVO_Prog.o (__udivmodsi4)
d:/iti_arm/02-arm tools/03- imt sdk/imt_sdk_win_64/winavr/bin/../lib/gcc/avr/4.3.3/avr5\libgcc.a(_exit.o)
                              d:/iti_arm/02-arm tools/03- imt sdk/imt_sdk_win_64/winavr/bin/../lib/gcc/avr/4.3.3/../../../../avr/lib/avr5/crtm32.o (exit)
d:/iti_arm/02-arm tools/03- imt sdk/imt_sdk_win_64/winavr/bin/../lib/gcc/avr/4.3.3/avr5\libgcc.a(_copy_data.o)
                              ./HAL/Keypad_Program.o (__do_copy_data)
d:/iti_arm/02-arm tools/03- imt sdk/imt_sdk_win_64/winavr/bin/../lib/gcc/avr/4.3.3/avr5\libgcc.a(_clear_bss.o)
                              ./MCAL/UART/UART_Program.o (__do_clear_bss)
d:/iti_arm/02-arm tools/03- imt sdk/imt_sdk_win_64/winavr/bin/../lib/gcc/avr/4.3.3/avr5\libgcc.a(_fixunssfsi.o)
                              ./main.o (__fixunssfsi)
d:/iti_arm/02-arm tools/03- imt sdk/imt_sdk_win_64/winavr/bin/../lib/gcc/avr/4.3.3/avr5\libgcc.a(_addsub_sf.o)
                              d:/iti_arm/02-arm tools/03- imt sdk/imt_sdk_win_64/winavr/bin/../lib/gcc/avr/4.3.3/avr5\libgcc.a(_fixunssfsi.o) (__subsf3)
d:/iti_arm/02-arm tools/03- imt sdk/imt_sdk_win_64/winavr/bin/../lib/gcc/avr/4.3.3/avr5\libgcc.a(_mul_sf.o)
                              ./HAL/Ultrasonic_Program.o (__mulsf3)
d:/iti_arm/02-arm tools/03- imt sdk/imt_sdk_win_64/winavr/bin/../lib/gcc/avr/4.3.3/avr5\libgcc.a(_div_sf.o)
                              ./HAL/Ultrasonic_Program.o (__divsf3)
d:/iti_arm/02-arm tools/03- imt sdk/imt_sdk_win_64/winavr/bin/../lib/gcc/avr/4.3.3/avr5\libgcc.a(_ge_sf.o)
                              d:/iti_arm/02-arm tools/03- imt sdk/imt_sdk_win_64/winavr/bin/../lib/gcc/avr/4.3.3/avr5\libgcc.a(_fixunssfsi.o) (__gesf2)
d:/iti_arm/02-arm tools/03- imt sdk/imt_sdk_win_64/winavr/bin/../lib/gcc/avr/4.3.3/avr5\libgcc.a(_sf_to_si.o)
                              d:/iti_arm/02-arm tools/03- imt sdk/imt_sdk_win_64/winavr/bin/../lib/gcc/avr/4.3.3/avr5\libgcc.a(_fixunssfsi.o) (__fixsfsi)
d:/iti_arm/02-arm tools/03- imt sdk/imt_sdk_win_64/winavr/bin/../lib/gcc/avr/4.3.3/avr5\libgcc.a(_thenan_sf.o)
                              d:/iti_arm/02-arm tools/03- imt sdk/imt_sdk_win_64/winavr/bin/../lib/gcc/avr/4.3.3/avr5\libgcc.a(_addsub_sf.o) (__thenan_sf)
d:/iti_arm/02-arm tools/03- imt sdk/imt_sdk_win_64/winavr/bin/../lib/gcc/avr/4.3.3/avr5\libgcc.a(_usi_to_sf.o)
                              ./HAL/Ultrasonic_Program.o (__floatunsisf)
d:/iti_arm/02-arm tools/03- imt sdk/imt_sdk_win_64/winavr/bin/../lib/gcc/avr/4.3.3/avr5\libgcc.a(_prologue.o)
                              d:/iti_arm/02-arm tools/03- imt sdk/imt_sdk_win_64/winavr/bin/../lib/gcc/avr/4.3.3/avr5\libgcc.a(_addsub_sf.o) (__prologue_saves__)
d:/iti_arm/02-arm tools/03- imt sdk/imt_sdk_win_64/winavr/bin/../lib/gcc/avr/4.3.3/avr5\libgcc.a(_epilogue.o)
                              d:/iti_arm/02-arm tools/03- imt sdk/imt_sdk_win_64/winavr/bin/../lib/gcc/avr/4.3.3/avr5\libgcc.a(_addsub_sf.o) (__epilogue_restores__)
d:/iti_arm/02-arm tools/03- imt sdk/imt_sdk_win_64/winavr/bin/../lib/gcc/avr/4.3.3/avr5\libgcc.a(_clzsi2.o)
                              d:/iti_arm/02-arm tools/03- imt sdk/imt_sdk_win_64/winavr/bin/../lib/gcc/avr/4.3.3/avr5\libgcc.a(_usi_to_sf.o) (__clzsi2)
d:/iti_arm/02-arm tools/03- imt sdk/imt_sdk_win_64/winavr/bin/../lib/gcc/avr/4.3.3/avr5\libgcc.a(_pack_sf.o)
                              d:/iti_arm/02-arm tools/03- imt sdk/imt_sdk_win_64/winavr/bin/../lib/gcc/avr/4.3.3/avr5\libgcc.a(_addsub_sf.o) (__pack_f)
d:/iti_arm/02-arm tools/03- imt sdk/imt_sdk_win_64/winavr/bin/../lib/gcc/avr/4.3.3/avr5\libgcc.a(_unpack_sf.o)
                              d:/iti_arm/02-arm tools/03- imt sdk/imt_sdk_win_64/winavr/bin/../lib/gcc/avr/4.3.3/avr5\libgcc.a(_addsub_sf.o) (__unpack_f)
d:/iti_arm/02-arm tools/03- imt sdk/imt_sdk_win_64/winavr/bin/../lib/gcc/avr/4.3.3/avr5\libgcc.a(_fpcmp_parts_sf.o)
                              d:/iti_arm/02-arm tools/03- imt sdk/imt_sdk_win_64/winavr/bin/../lib/gcc/avr/4.3.3/avr5\libgcc.a(_ge_sf.o) (__fpcmp_parts_f)
d:/iti_arm/02-arm tools/03- imt sdk/imt_sdk_win_64/winavr/bin/../lib/gcc/avr/4.3.3/avr5\libgcc.a(_clz.o)
                              d:/iti_arm/02-arm tools/03- imt sdk/imt_sdk_win_64/winavr/bin/../lib/gcc/avr/4.3.3/avr5\libgcc.a(_clzsi2.o) (__clz_tab)

Memory Configuration

Name             Origin             Length             Attributes
text             0x00000000         0x00020000         xr
data             0x00800060         0x0000ffa0         rw !x
eeprom           0x00810000         0x00010000         rw !x
fuse             0x00820000         0x00000400         rw !x
lock             0x00830000         0x00000400         rw !x
signature        0x00840000         0x00000400         rw !x
*default*        0x00000000         0xffffffff

Linker script and memory map

LOAD d:/iti_arm/02-arm tools/03- imt sdk/imt_sdk_win_64/winavr/bin/../lib/gcc/avr/4.3.3/../../../../avr/lib/avr5/crtm32.o
LOAD ./MCAL/UART/UART_Program.o
LOAD ./MCAL/ADC_Program.o
LOAD ./MCAL/DIO_Program.o
LOAD ./MCAL/EXT_IN_Program.o
LOAD ./MCAL/GIE_Program.o
LOAD ./MCAL/Timer0_Program.o
LOAD ./MCAL/Timer1_Program.o
LOAD ./HAL/Keypad_Program.o
LOAD ./HAL/L298_Prog.o
LOAD ./HAL/LCD_Program.o
LOAD ./HAL/SERVO_Prog.o
LOAD ./HAL/SWCH_Program.o
LOAD ./HAL/Stepper_program.o
LOAD ./HAL/Ultrasonic_Program.o
LOAD ./main.o
LOAD d:/iti_arm/02-arm tools/03- imt sdk/imt_sdk_win_64/winavr/bin/../lib/gcc/avr/4.3.3/avr5\libgcc.a
LOAD d:/iti_arm/02-arm tools/03- imt sdk/imt_sdk_win_64/winavr/bin/../lib/gcc/avr/4.3.3/../../../../avr/lib/avr5\libc.a
LOAD d:/iti_arm/02-arm tools/03- imt sdk/imt_sdk_win_64/winavr/bin/../lib/gcc/avr/4.3.3/avr5\libgcc.a

.hash
 *(.hash)

.dynsym
 *(.dynsym)

.dynstr
 *(.dynstr)

.gnu.version
 *(.gnu.version)

.gnu.version_d
 *(.gnu.version_d)

.gnu.version_r
 *(.gnu.version_r)

.rel.init
 *(.rel.init)

.rela.init
 *(.rela.init)

.rel.text
 *(.rel.text)
 *(.rel.text.*)
 *(.rel.gnu.linkonce.t*)

.rela.text
 *(.rela.text)
 *(.rela.text.*)
 *(.rela.gnu.linkonce.t*)

.rel.fini
 *(.rel.fini)

.rela.fini
 *(.rela.fini)

.rel.rodata
 *(.rel.rodata)
 *(.rel.rodata.*)
 *(.rel.gnu.linkonce.r*)

.rela.rodata
 *(.rela.rodata)
 *(.rela.rodata.*)
 *(.rela.gnu.linkonce.r*)

.rel.data
 *(.rel.data)
 *(.rel.data.*)
 *(.rel.gnu.linkonce.d*)

.rela.data
 *(.rela.data)
 *(.rela.data.*)
 *(.rela.gnu.linkonce.d*)

.rel.ctors
 *(.rel.ctors)

.rela.ctors
 *(.rela.ctors)

.rel.dtors
 *(.rel.dtors)

.rela.dtors
 *(.rela.dtors)

.rel.got
 *(.rel.got)

.rela.got
 *(.rela.got)

.rel.bss
 *(.rel.bss)

.rela.bss
 *(.rela.bss)

.rel.plt
 *(.rel.plt)

.rela.plt
 *(.rela.plt)

.text           0x00000000     0x2262
 *(.vectors)
 .vectors       0x00000000       0x54 d:/iti_arm/02-arm tools/03- imt sdk/imt_sdk_win_64/winavr/bin/../lib/gcc/avr/4.3.3/../../../../avr/lib/avr5/crtm32.o
                0x00000000                __vectors
                0x00000000                __vector_default
 *(.vectors)
 *(.progmem.gcc*)
 *(.progmem*)
                0x00000054                . = ALIGN (0x2)
                0x00000054                __trampolines_start = .
 *(.trampolines)
 .trampolines   0x00000054        0x0 linker stubs
 *(.trampolines*)
                0x00000054                __trampolines_end = .
 *(.jumptables)
 *(.jumptables*)
 *(.lowtext)
 *(.lowtext*)
                0x00000054                __ctors_start = .
 *(.ctors)
                0x00000054                __ctors_end = .
                0x00000054                __dtors_start = .
 *(.dtors)
                0x00000054                __dtors_end = .
 SORT(*)(.ctors)
 SORT(*)(.dtors)
 *(.init0)
 .init0         0x00000054        0x0 d:/iti_arm/02-arm tools/03- imt sdk/imt_sdk_win_64/winavr/bin/../lib/gcc/avr/4.3.3/../../../../avr/lib/avr5/crtm32.o
                0x00000054                __init
 *(.init0)
 *(.init1)
 *(.init1)
 *(.init2)
 .init2         0x00000054        0xc d:/iti_arm/02-arm tools/03- imt sdk/imt_sdk_win_64/winavr/bin/../lib/gcc/avr/4.3.3/../../../../avr/lib/avr5/crtm32.o
 *(.init2)
 *(.init3)
 *(.init3)
 *(.init4)
 .init4         0x00000060       0x16 d:/iti_arm/02-arm tools/03- imt sdk/imt_sdk_win_64/winavr/bin/../lib/gcc/avr/4.3.3/avr5\libgcc.a(_copy_data.o)
                0x00000060                __do_copy_data
 .init4         0x00000076       0x10 d:/iti_arm/02-arm tools/03- imt sdk/imt_sdk_win_64/winavr/bin/../lib/gcc/avr/4.3.3/avr5\libgcc.a(_clear_bss.o)
                0x00000076                __do_clear_bss
 *(.init4)
 *(.init5)
 *(.init5)
 *(.init6)
 *(.init6)
 *(.init7)
 *(.init7)
 *(.init8)
 *(.init8)
 *(.init9)
 .init9         0x00000086        0x8 d:/iti_arm/02-arm tools/03- imt sdk/imt_sdk_win_64/winavr/bin/../lib/gcc/avr/4.3.3/../../../../avr/lib/avr5/crtm32.o
 *(.init9)
 *(.text)
 .text          0x0000008e        0x4 d:/iti_arm/02-arm tools/03- imt sdk/imt_sdk_win_64/winavr/bin/../lib/gcc/avr/4.3.3/../../../../avr/lib/avr5/crtm32.o
                0x0000008e                __vector_12
                0x0000008e                __bad_interrupt
                0x0000008e                __vector_6
                0x0000008e                __vector_3
                0x0000008e                __vector_17
                0x0000008e                __vector_19
                0x0000008e                __vector_7
                0x0000008e                __vector_5
                0x0000008e                __vector_4
                0x0000008e                __vector_9
                0x0000008e                __vector_2
                0x0000008e                __vector_15
                0x0000008e                __vector_8
                0x0000008e                __vector_14
                0x0000008e                __vector_10
                0x0000008e                __vector_16
                0x0000008e                __vector_18
                0x0000008e                __vector_20
 .text          0x00000092        0x0 ./MCAL/UART/UART_Program.o
 .text          0x00000092        0x0 ./MCAL/ADC_Program.o
 .text          0x00000092        0x0 ./MCAL/DIO_Program.o
 .text          0x00000092        0x0 ./MCAL/EXT_IN_Program.o
 .text          0x00000092        0x0 ./MCAL/GIE_Program.o
 .text          0x00000092        0x0 ./MCAL/Timer0_Program.o
 .text          0x00000092        0x0 ./MCAL/Timer1_Program.o
 .text          0x00000092        0x0 ./HAL/Keypad_Program.o
 .text          0x00000092        0x0 ./HAL/L298_Prog.o
 .text          0x00000092        0x0 ./HAL/LCD_Program.o
 .text          0x00000092        0x0 ./HAL/SERVO_Prog.o
 .text          0x00000092        0x0 ./HAL/SWCH_Program.o
 .text          0x00000092        0x0 ./HAL/Stepper_program.o
 .text          0x00000092        0x0 ./HAL/Ultrasonic_Program.o
 .text          0x00000092        0x0 ./main.o
 .text          0x00000092        0x0 d:/iti_arm/02-arm tools/03- imt sdk/imt_sdk_win_64/winavr/bin/../lib/gcc/avr/4.3.3/avr5\libgcc.a(_mulsi3.o)
 .text          0x00000092        0x0 d:/iti_arm/02-arm tools/03- imt sdk/imt_sdk_win_64/winavr/bin/../lib/gcc/avr/4.3.3/avr5\libgcc.a(_udivmodhi4.o)
 .text          0x00000092        0x0 d:/iti_arm/02-arm tools/03- imt sdk/imt_sdk_win_64/winavr/bin/../lib/gcc/avr/4.3.3/avr5\libgcc.a(_udivmodsi4.o)
 .text          0x00000092        0x0 d:/iti_arm/02-arm tools/03- imt sdk/imt_sdk_win_64/winavr/bin/../lib/gcc/avr/4.3.3/avr5\libgcc.a(_exit.o)
 .text          0x00000092        0x0 d:/iti_arm/02-arm tools/03- imt sdk/imt_sdk_win_64/winavr/bin/../lib/gcc/avr/4.3.3/avr5\libgcc.a(_copy_data.o)
 .text          0x00000092        0x0 d:/iti_arm/02-arm tools/03- imt sdk/imt_sdk_win_64/winavr/bin/../lib/gcc/avr/4.3.3/avr5\libgcc.a(_clear_bss.o)
 .text          0x00000092       0x58 d:/iti_arm/02-arm tools/03- imt sdk/imt_sdk_win_64/winavr/bin/../lib/gcc/avr/4.3.3/avr5\libgcc.a(_fixunssfsi.o)
                0x00000092                __fixunssfsi
 .text          0x000000ea      0x354 d:/iti_arm/02-arm tools/03- imt sdk/imt_sdk_win_64/winavr/bin/../lib/gcc/avr/4.3.3/avr5\libgcc.a(_addsub_sf.o)
                0x00000382                __subsf3
                0x000003e4                __addsf3
 .text          0x0000043e      0x1f4 d:/iti_arm/02-arm tools/03- imt sdk/imt_sdk_win_64/winavr/bin/../lib/gcc/avr/4.3.3/avr5\libgcc.a(_mul_sf.o)
                0x0000043e                __mulsf3
 .text          0x00000632      0x158 d:/iti_arm/02-arm tools/03- imt sdk/imt_sdk_win_64/winavr/bin/../lib/gcc/avr/4.3.3/avr5\libgcc.a(_div_sf.o)
                0x00000632                __divsf3
 .text          0x0000078a       0x60 d:/iti_arm/02-arm tools/03- imt sdk/imt_sdk_win_64/winavr/bin/../lib/gcc/avr/4.3.3/avr5\libgcc.a(_ge_sf.o)
                0x0000078a                __gesf2
 .text          0x000007ea       0xa8 d:/iti_arm/02-arm tools/03- imt sdk/imt_sdk_win_64/winavr/bin/../lib/gcc/avr/4.3.3/avr5\libgcc.a(_sf_to_si.o)
                0x000007ea                __fixsfsi
 .text          0x00000892        0x0 d:/iti_arm/02-arm tools/03- imt sdk/imt_sdk_win_64/winavr/bin/../lib/gcc/avr/4.3.3/avr5\libgcc.a(_thenan_sf.o)
 .text          0x00000892       0xf2 d:/iti_arm/02-arm tools/03- imt sdk/imt_sdk_win_64/winavr/bin/../lib/gcc/avr/4.3.3/avr5\libgcc.a(_usi_to_sf.o)
                0x00000892                __floatunsisf
 .text          0x00000984        0x0 d:/iti_arm/02-arm tools/03- imt sdk/imt_sdk_win_64/winavr/bin/../lib/gcc/avr/4.3.3/avr5\libgcc.a(_prologue.o)
 .text          0x00000984        0x0 d:/iti_arm/02-arm tools/03- imt sdk/imt_sdk_win_64/winavr/bin/../lib/gcc/avr/4.3.3/avr5\libgcc.a(_epilogue.o)
 .text          0x00000984       0x9e d:/iti_arm/02-arm tools/03- imt sdk/imt_sdk_win_64/winavr/bin/../lib/gcc/avr/4.3.3/avr5\libgcc.a(_clzsi2.o)
                0x00000984                __clzsi2
 .text          0x00000a22      0x1aa d:/iti_arm/02-arm tools/03- imt sdk/imt_sdk_win_64/winavr/bin/../lib/gcc/avr/4.3.3/avr5\libgcc.a(_pack_sf.o)
                0x00000a22                __pack_f
 .text          0x00000bcc       0xf0 d:/iti_arm/02-arm tools/03- imt sdk/imt_sdk_win_64/winavr/bin/../lib/gcc/avr/4.3.3/avr5\libgcc.a(_unpack_sf.o)
                0x00000bcc                __unpack_f
 .text          0x00000cbc       0xb2 d:/iti_arm/02-arm tools/03- imt sdk/imt_sdk_win_64/winavr/bin/../lib/gcc/avr/4.3.3/avr5\libgcc.a(_fpcmp_parts_sf.o)
                0x00000cbc                __fpcmp_parts_f
 .text          0x00000d6e        0x0 d:/iti_arm/02-arm tools/03- imt sdk/imt_sdk_win_64/winavr/bin/../lib/gcc/avr/4.3.3/avr5\libgcc.a(_clz.o)
                0x00000d6e                . = ALIGN (0x2)
 *(.text.*)
 .text.UART_Receive_Byte
                0x00000d6e        0x8 ./MCAL/UART/UART_Program.o
                0x00000d6e                UART_Receive_Byte
 .text.UART_Send_Byte
                0x00000d76       0x1e ./MCAL/UART/UART_Program.o
                0x00000d76                UART_Send_Byte
 .text.UART_Init
                0x00000d94       0x24 ./MCAL/UART/UART_Program.o
                0x00000d94                UART_Init
 .text.UART_Init_Interrupt
                0x00000db8        0xe ./MCAL/UART/UART_Program.o
                0x00000db8                UART_Init_Interrupt
 .text.ADC_voidInit
                0x00000dc6       0x10 ./MCAL/ADC_Program.o
                0x00000dc6                ADC_voidInit
 .text.ADC_u16GetDigitalValue
                0x00000dd6       0x1c ./MCAL/ADC_Program.o
                0x00000dd6                ADC_u16GetDigitalValue
 .text.DIO_voidSetPortDirection
                0x00000df2       0x22 ./MCAL/DIO_Program.o
                0x00000df2                DIO_voidSetPortDirection
 .text.DIO_voidSetPortValue
                0x00000e14       0x22 ./MCAL/DIO_Program.o
                0x00000e14                DIO_voidSetPortValue
 .text.DIO_u8GetPinValue
                0x00000e36       0x5c ./MCAL/DIO_Program.o
                0x00000e36                DIO_u8GetPinValue
 .text.DIO_voidSetPinValue
                0x00000e92       0xe2 ./MCAL/DIO_Program.o
                0x00000e92                DIO_voidSetPinValue
 .text.DIO_voidSetPinDirection
                0x00000f74       0xe2 ./MCAL/DIO_Program.o
                0x00000f74                DIO_voidSetPinDirection
 .text.EXT2_IN_Enable
                0x00001056        0x2 ./MCAL/EXT_IN_Program.o
                0x00001056                EXT2_IN_Enable
 .text.EXT1_IN_Enable
                0x00001058       0x3e ./MCAL/EXT_IN_Program.o
                0x00001058                EXT1_IN_Enable
 .text.Global_Interrupt_Disable
                0x00001096        0x8 ./MCAL/GIE_Program.o
                0x00001096                Global_Interrupt_Disable
 .text.Global_Interrupt_Enable
                0x0000109e        0x8 ./MCAL/GIE_Program.o
                0x0000109e                Global_Interrupt_Enable
 .text.Timer0_voidSet_CompareMatch_Value
                0x000010a6        0x4 ./MCAL/Timer0_Program.o
                0x000010a6                Timer0_voidSet_CompareMatch_Value
 .text.Timer0_voidSetDuty
                0x000010aa        0x4 ./MCAL/Timer0_Program.o
                0x000010aa                Timer0_voidSetDuty
 .text.Timer0_voidInit_FastPWM
                0x000010ae       0x36 ./MCAL/Timer0_Program.o
                0x000010ae                Timer0_voidInit_FastPWM
 .text.Timer0_Init_Phase_PWM
                0x000010e4       0x36 ./MCAL/Timer0_Program.o
                0x000010e4                Timer0_Init_Phase_PWM
 .text.Timer0_Init_PWM
                0x0000111a       0x36 ./MCAL/Timer0_Program.o
                0x0000111a                Timer0_Init_PWM
 .text.Timer0_void_CTC
                0x00001150       0x2e ./MCAL/Timer0_Program.o
                0x00001150                Timer0_void_CTC
 .text.Timer0_void_init
                0x0000117e       0x2a ./MCAL/Timer0_Program.o
                0x0000117e                Timer0_void_init
 .text.Timer1_voidSetCompareMatchA
                0x000011a8        0x6 ./MCAL/Timer1_Program.o
                0x000011a8                Timer1_voidSetCompareMatchA
 .text.Timer1_voidSetCompareMatchB
                0x000011ae        0x6 ./MCAL/Timer1_Program.o
                0x000011ae                Timer1_voidSetCompareMatchB
 .text.Timer1_voidSetICR
                0x000011b4        0x6 ./MCAL/Timer1_Program.o
                0x000011b4                Timer1_voidSetICR
 .text.Timer1_voidSetTCNT
                0x000011ba        0x6 ./MCAL/Timer1_Program.o
                0x000011ba                Timer1_voidSetTCNT
 .text.Timer1_voidSetDuty
                0x000011c0       0x16 ./MCAL/Timer1_Program.o
                0x000011c0                Timer1_voidSetDuty
 .text.Timer1_voidInitPWM
                0x000011d6       0x82 ./MCAL/Timer1_Program.o
                0x000011d6                Timer1_voidInitPWM
 .text.Timer1_voidInit_FastPWM_B
                0x00001258       0x36 ./MCAL/Timer1_Program.o
                0x00001258                Timer1_voidInit_FastPWM_B
 .text.Timer1_voidInit_FastPWM_A
                0x0000128e       0x36 ./MCAL/Timer1_Program.o
                0x0000128e                Timer1_voidInit_FastPWM_A
 .text.Timer1_voidInit_CTC_B
                0x000012c4       0x38 ./MCAL/Timer1_Program.o
                0x000012c4                Timer1_voidInit_CTC_B
 .text.Timer1_voidInit_CTC_A
                0x000012fc       0x38 ./MCAL/Timer1_Program.o
                0x000012fc                Timer1_voidInit_CTC_A
 .text.Timer1_voidInit_Normal
                0x00001334       0x2a ./MCAL/Timer1_Program.o
                0x00001334                Timer1_voidInit_Normal
 .text.GET_Key_Number
                0x0000135e       0xb4 ./HAL/Keypad_Program.o
                0x0000135e                GET_Key_Number
 .text.KPD_setup
                0x00001412       0x56 ./HAL/Keypad_Program.o
                0x00001412                KPD_setup
 .text.GET_Pressed_Time
                0x00001468       0x80 ./HAL/Keypad_Program.o
                0x00001468                GET_Pressed_Time
 .text.GET_Pressed_Key
                0x000014e8       0x2a ./HAL/Keypad_Program.o
                0x000014e8                GET_Pressed_Key
 .text.L298_voidMove
                0x00001512       0xce ./HAL/L298_Prog.o
                0x00001512                L298_voidMove
 .text.L298_voidInit
                0x000015e0       0x2a ./HAL/L298_Prog.o
                0x000015e0                L298_voidInit
 .text.LCD_Command
                0x0000160a       0x42 ./HAL/LCD_Program.o
                0x0000160a                LCD_Command
 .text.LCD_Char
                0x0000164c       0x42 ./HAL/LCD_Program.o
                0x0000164c                LCD_Char
 .text.LCD_vidWriteNumber_4bits
                0x0000168e       0x88 ./HAL/LCD_Program.o
                0x0000168e                LCD_vidWriteNumber_4bits
 .text.LCD_String
                0x00001716       0x20 ./HAL/LCD_Program.o
                0x00001716                LCD_String
 .text.LCD_String_xy
                0x00001736       0x4e ./HAL/LCD_Program.o
                0x00001736                LCD_String_xy
 .text.LCD_Clear
                0x00001784       0x16 ./HAL/LCD_Program.o
                0x00001784                LCD_Clear
 .text.LCD_Init
                0x0000179a       0x88 ./HAL/LCD_Program.o
                0x0000179a                LCD_Init
 .text.LCD_vidInit_4bits
                0x00001822       0x62 ./HAL/LCD_Program.o
                0x00001822                LCD_vidInit_4bits
 .text.LCD_vidSendCommand_4_Bits
                0x00001884       0x88 ./HAL/LCD_Program.o
                0x00001884                LCD_vidSendCommand_4_Bits
 .text.LCD_vidWriteCharctr_4bits
                0x0000190c       0x90 ./HAL/LCD_Program.o
                0x0000190c                LCD_vidWriteCharctr_4bits
 .text.LCD_vidWriteCharctr
                0x0000199c       0x44 ./HAL/LCD_Program.o
                0x0000199c                LCD_vidWriteCharctr
 .text.LCD_vidWriteNumber_8bits
                0x000019e0       0x88 ./HAL/LCD_Program.o
                0x000019e0                LCD_vidWriteNumber_8bits
 .text.LCD_vidSendCommand
                0x00001a68       0x5a ./HAL/LCD_Program.o
                0x00001a68                LCD_vidSendCommand
 .text.LCD_vidGotoxy
                0x00001ac2       0x1a ./HAL/LCD_Program.o
                0x00001ac2                LCD_vidGotoxy
 .text.LCD_vidSendCommand_
                0x00001adc       0x18 ./HAL/LCD_Program.o
                0x00001adc                LCD_vidSendCommand_
 .text.LCD_vidInit_8bits
                0x00001af4       0xa8 ./HAL/LCD_Program.o
                0x00001af4                LCD_vidInit_8bits
 .text.SERVO_voidInit
                0x00001b9c       0x14 ./HAL/SERVO_Prog.o
                0x00001b9c                SERVO_voidInit
 .text.SERVO_voidSetAngle
                0x00001bb0       0x48 ./HAL/SERVO_Prog.o
                0x00001bb0                SERVO_voidSetAngle
 .text.SWCH_GetVal
                0x00001bf8        0xa ./HAL/SWCH_Program.o
                0x00001bf8                SWCH_GetVal
 .text.SWCH_init
                0x00001c02       0x2c ./HAL/SWCH_Program.o
                0x00001c02                SWCH_init
 .text.STEPPER_voidRotateACW
                0x00001c2e       0xc6 ./HAL/Stepper_program.o
                0x00001c2e                STEPPER_voidRotateACW
 .text.STEPPER_voidRotateCW
                0x00001cf4       0xc6 ./HAL/Stepper_program.o
                0x00001cf4                STEPPER_voidRotateCW
 .text.STEPPER_voidInit
                0x00001dba       0x2a ./HAL/Stepper_program.o
                0x00001dba                STEPPER_voidInit
 .text.__vector_11
                0x00001de4       0x4a ./HAL/Ultrasonic_Program.o
                0x00001de4                __vector_11
 .text.Ultrasonic_GetDistance
                0x00001e2e       0x50 ./HAL/Ultrasonic_Program.o
                0x00001e2e                Ultrasonic_GetDistance
 .text.Ultrasonic_Init
                0x00001e7e       0x36 ./HAL/Ultrasonic_Program.o
                0x00001e7e                Ultrasonic_Init
 .text.__vector_1
                0x00001eb4       0x9a ./HAL/Ultrasonic_Program.o
                0x00001eb4                __vector_1
 .text.__vector_13
                0x00001f4e       0xc4 ./main.o
                0x00001f4e                __vector_13
 .text.Auto_Mode
                0x00002012      0x10c ./main.o
                0x00002012                Auto_Mode
 .text.main     0x0000211e       0x28 ./main.o
                0x0000211e                main
 .text.libgcc   0x00002146       0x3e d:/iti_arm/02-arm tools/03- imt sdk/imt_sdk_win_64/winavr/bin/../lib/gcc/avr/4.3.3/avr5\libgcc.a(_mulsi3.o)
                0x00002146                __mulsi3
 .text.libgcc   0x00002184       0x28 d:/iti_arm/02-arm tools/03- imt sdk/imt_sdk_win_64/winavr/bin/../lib/gcc/avr/4.3.3/avr5\libgcc.a(_udivmodhi4.o)
                0x00002184                __udivmodhi4
 .text.libgcc   0x000021ac       0x44 d:/iti_arm/02-arm tools/03- imt sdk/imt_sdk_win_64/winavr/bin/../lib/gcc/avr/4.3.3/avr5\libgcc.a(_udivmodsi4.o)
                0x000021ac                __udivmodsi4
 .text.libgcc   0x000021f0        0x0 d:/iti_arm/02-arm tools/03- imt sdk/imt_sdk_win_64/winavr/bin/../lib/gcc/avr/4.3.3/avr5\libgcc.a(_exit.o)
 .text.libgcc   0x000021f0        0x0 d:/iti_arm/02-arm tools/03- imt sdk/imt_sdk_win_64/winavr/bin/../lib/gcc/avr/4.3.3/avr5\libgcc.a(_copy_data.o)
 .text.libgcc   0x000021f0        0x0 d:/iti_arm/02-arm tools/03- imt sdk/imt_sdk_win_64/winavr/bin/../lib/gcc/avr/4.3.3/avr5\libgcc.a(_clear_bss.o)
 .text.libgcc   0x000021f0       0x38 d:/iti_arm/02-arm tools/03- imt sdk/imt_sdk_win_64/winavr/bin/../lib/gcc/avr/4.3.3/avr5\libgcc.a(_prologue.o)
                0x000021f0                __prologue_saves__
 .text.libgcc   0x00002228       0x36 d:/iti_arm/02-arm tools/03- imt sdk/imt_sdk_win_64/winavr/bin/../lib/gcc/avr/4.3.3/avr5\libgcc.a(_epilogue.o)
                0x00002228                __epilogue_restores__
                0x0000225e                . = ALIGN (0x2)
 *(.fini9)
 .fini9         0x0000225e        0x0 d:/iti_arm/02-arm tools/03- imt sdk/imt_sdk_win_64/winavr/bin/../lib/gcc/avr/4.3.3/avr5\libgcc.a(_exit.o)
                0x0000225e                exit
                0x0000225e                _exit
 *(.fini9)
 *(.fini8)
 *(.fini8)
 *(.fini7)
 *(.fini7)
 *(.fini6)
 *(.fini6)
 *(.fini5)
 *(.fini5)
 *(.fini4)
 *(.fini4)
 *(.fini3)
 *(.fini3)
 *(.fini2)
 *(.fini2)
 *(.fini1)
 *(.fini1)
 *(.fini0)
 .fini0         0x0000225e        0x4 d:/iti_arm/02-arm tools/03- imt sdk/imt_sdk_win_64/winavr/bin/../lib/gcc/avr/4.3.3/avr5\libgcc.a(_exit.o)
 *(.fini0)
                0x00002262                _etext = .

.data           0x00800060      0x124 load address 0x00002262
                0x00800060                PROVIDE (__data_start, .)
 *(.data)
 .data          0x00800060        0x0 d:/iti_arm/02-arm tools/03- imt sdk/imt_sdk_win_64/winavr/bin/../lib/gcc/avr/4.3.3/../../../../avr/lib/avr5/crtm32.o
 .data          0x00800060        0x0 ./MCAL/UART/UART_Program.o
 .data          0x00800060        0x0 ./MCAL/ADC_Program.o
 .data          0x00800060        0x0 ./MCAL/DIO_Program.o
 .data          0x00800060        0x0 ./MCAL/EXT_IN_Program.o
 .data          0x00800060        0x0 ./MCAL/GIE_Program.o
 .data          0x00800060        0x0 ./MCAL/Timer0_Program.o
 .data          0x00800060        0x0 ./MCAL/Timer1_Program.o
 .data          0x00800060        0x0 ./HAL/Keypad_Program.o
 .data          0x00800060        0x0 ./HAL/L298_Prog.o
 .data          0x00800060        0x0 ./HAL/LCD_Program.o
 .data          0x00800060        0x0 ./HAL/SERVO_Prog.o
 .data          0x00800060        0x0 ./HAL/SWCH_Program.o
 .data          0x00800060        0x0 ./HAL/Stepper_program.o
 .data          0x00800060        0x0 ./HAL/Ultrasonic_Program.o
 .data          0x00800060        0x0 ./main.o
 .data          0x00800060        0x0 d:/iti_arm/02-arm tools/03- imt sdk/imt_sdk_win_64/winavr/bin/../lib/gcc/avr/4.3.3/avr5\libgcc.a(_mulsi3.o)
 .data          0x00800060        0x0 d:/iti_arm/02-arm tools/03- imt sdk/imt_sdk_win_64/winavr/bin/../lib/gcc/avr/4.3.3/avr5\libgcc.a(_udivmodhi4.o)
 .data          0x00800060        0x0 d:/iti_arm/02-arm tools/03- imt sdk/imt_sdk_win_64/winavr/bin/../lib/gcc/avr/4.3.3/avr5\libgcc.a(_udivmodsi4.o)
 .data          0x00800060        0x0 d:/iti_arm/02-arm tools/03- imt sdk/imt_sdk_win_64/winavr/bin/../lib/gcc/avr/4.3.3/avr5\libgcc.a(_exit.o)
 .data          0x00800060        0x0 d:/iti_arm/02-arm tools/03- imt sdk/imt_sdk_win_64/winavr/bin/../lib/gcc/avr/4.3.3/avr5\libgcc.a(_copy_data.o)
 .data          0x00800060        0x0 d:/iti_arm/02-arm tools/03- imt sdk/imt_sdk_win_64/winavr/bin/../lib/gcc/avr/4.3.3/avr5\libgcc.a(_clear_bss.o)
 .data          0x00800060        0x0 d:/iti_arm/02-arm tools/03- imt sdk/imt_sdk_win_64/winavr/bin/../lib/gcc/avr/4.3.3/avr5\libgcc.a(_fixunssfsi.o)
 .data          0x00800060        0x0 d:/iti_arm/02-arm tools/03- imt sdk/imt_sdk_win_64/winavr/bin/../lib/gcc/avr/4.3.3/avr5\libgcc.a(_addsub_sf.o)
 .data          0x00800060        0x0 d:/iti_arm/02-arm tools/03- imt sdk/imt_sdk_win_64/winavr/bin/../lib/gcc/avr/4.3.3/avr5\libgcc.a(_mul_sf.o)
 .data          0x00800060        0x0 d:/iti_arm/02-arm tools/03- imt sdk/imt_sdk_win_64/winavr/bin/../lib/gcc/avr/4.3.3/avr5\libgcc.a(_div_sf.o)
 .data          0x00800060        0x0 d:/iti_arm/02-arm tools/03- imt sdk/imt_sdk_win_64/winavr/bin/../lib/gcc/avr/4.3.3/avr5\libgcc.a(_ge_sf.o)
 .data          0x00800060        0x0 d:/iti_arm/02-arm tools/03- imt sdk/imt_sdk_win_64/winavr/bin/../lib/gcc/avr/4.3.3/avr5\libgcc.a(_sf_to_si.o)
 .data          0x00800060        0x8 d:/iti_arm/02-arm tools/03- imt sdk/imt_sdk_win_64/winavr/bin/../lib/gcc/avr/4.3.3/avr5\libgcc.a(_thenan_sf.o)
                0x00800060                __thenan_sf
 .data          0x00800068        0x0 d:/iti_arm/02-arm tools/03- imt sdk/imt_sdk_win_64/winavr/bin/../lib/gcc/avr/4.3.3/avr5\libgcc.a(_usi_to_sf.o)
 .data          0x00800068        0x0 d:/iti_arm/02-arm tools/03- imt sdk/imt_sdk_win_64/winavr/bin/../lib/gcc/avr/4.3.3/avr5\libgcc.a(_prologue.o)
 .data          0x00800068        0x0 d:/iti_arm/02-arm tools/03- imt sdk/imt_sdk_win_64/winavr/bin/../lib/gcc/avr/4.3.3/avr5\libgcc.a(_epilogue.o)
 .data          0x00800068        0x0 d:/iti_arm/02-arm tools/03- imt sdk/imt_sdk_win_64/winavr/bin/../lib/gcc/avr/4.3.3/avr5\libgcc.a(_clzsi2.o)
 .data          0x00800068        0x0 d:/iti_arm/02-arm tools/03- imt sdk/imt_sdk_win_64/winavr/bin/../lib/gcc/avr/4.3.3/avr5\libgcc.a(_pack_sf.o)
 .data          0x00800068        0x0 d:/iti_arm/02-arm tools/03- imt sdk/imt_sdk_win_64/winavr/bin/../lib/gcc/avr/4.3.3/avr5\libgcc.a(_unpack_sf.o)
 .data          0x00800068        0x0 d:/iti_arm/02-arm tools/03- imt sdk/imt_sdk_win_64/winavr/bin/../lib/gcc/avr/4.3.3/avr5\libgcc.a(_fpcmp_parts_sf.o)
 .data          0x00800068      0x100 d:/iti_arm/02-arm tools/03- imt sdk/imt_sdk_win_64/winavr/bin/../lib/gcc/avr/4.3.3/avr5\libgcc.a(_clz.o)
                0x00800068                __clz_tab
 *(.data*)
 .data.KPD_au8SwitchVal
                0x00800168       0x10 ./HAL/Keypad_Program.o
                0x00800168                KPD_au8SwitchVal
 .data.ROWS     0x00800178        0x4 ./HAL/Keypad_Program.o
                0x00800178                ROWS
 .data.COLS     0x0080017c        0x4 ./HAL/Keypad_Program.o
                0x0080017c                COLS
 .data.pressed_key
                0x00800180        0x1 ./HAL/Keypad_Program.o
                0x00800180                pressed_key
 .data.last_pressed_key
                0x00800181        0x1 ./HAL/Keypad_Program.o
 .data.mode     0x00800182        0x1 ./main.o
                0x00800182                mode
 *(.rodata)
 *(.rodata*)
 *(.gnu.linkonce.d*)
                0x00800184                . = ALIGN (0x2)
 *fill*         0x00800183        0x1 00
                0x00800184                _edata = .
                0x00800184                PROVIDE (__data_end, .)

.bss            0x00800184       0x3c
                0x00800184                PROVIDE (__bss_start, .)
 *(.bss)
 .bss           0x00800184        0x0 d:/iti_arm/02-arm tools/03- imt sdk/imt_sdk_win_64/winavr/bin/../lib/gcc/avr/4.3.3/../../../../avr/lib/avr5/crtm32.o
 .bss           0x00800184        0x0 ./MCAL/UART/UART_Program.o
 .bss           0x00800184        0x0 ./MCAL/ADC_Program.o
 .bss           0x00800184        0x0 ./MCAL/DIO_Program.o
 .bss           0x00800184        0x0 ./MCAL/EXT_IN_Program.o
 .bss           0x00800184        0x0 ./MCAL/GIE_Program.o
 .bss           0x00800184        0x0 ./MCAL/Timer0_Program.o
 .bss           0x00800184        0x0 ./MCAL/Timer1_Program.o
 .bss           0x00800184        0x0 ./HAL/Keypad_Program.o
 .bss           0x00800184        0x0 ./HAL/L298_Prog.o
 .bss           0x00800184        0x0 ./HAL/LCD_Program.o
 .bss           0x00800184        0x0 ./HAL/SERVO_Prog.o
 .bss           0x00800184        0x0 ./HAL/SWCH_Program.o
 .bss           0x00800184        0x0 ./HAL/Stepper_program.o
 .bss           0x00800184        0x0 ./HAL/Ultrasonic_Program.o
 .bss           0x00800184        0x0 ./main.o
 .bss           0x00800184        0x0 d:/iti_arm/02-arm tools/03- imt sdk/imt_sdk_win_64/winavr/bin/../lib/gcc/avr/4.3.3/avr5\libgcc.a(_mulsi3.o)
 .bss           0x00800184        0x0 d:/iti_arm/02-arm tools/03- imt sdk/imt_sdk_win_64/winavr/bin/../lib/gcc/avr/4.3.3/avr5\libgcc.a(_udivmodhi4.o)
 .bss           0x00800184        0x0 d:/iti_arm/02-arm tools/03- imt sdk/imt_sdk_win_64/winavr/bin/../lib/gcc/avr/4.3.3/avr5\libgcc.a(_udivmodsi4.o)
 .bss           0x00800184        0x0 d:/iti_arm/02-arm tools/03- imt sdk/imt_sdk_win_64/winavr/bin/../lib/gcc/avr/4.3.3/avr5\libgcc.a(_exit.o)
 .bss           0x00800184        0x0 d:/iti_arm/02-arm tools/03- imt sdk/imt_sdk_win_64/winavr/bin/../lib/gcc/avr/4.3.3/avr5\libgcc.a(_copy_data.o)
 .bss           0x00800184        0x0 d:/iti_arm/02-arm tools/03- imt sdk/imt_sdk_win_64/winavr/bin/../lib/gcc/avr/4.3.3/avr5\libgcc.a(_clear_bss.o)
 .bss           0x00800184        0x0 d:/iti_arm/02-arm tools/03- imt sdk/imt_sdk_win_64/winavr/bin/../lib/gcc/avr/4.3.3/avr5\libgcc.a(_fixunssfsi.o)
 .bss           0x00800184        0x0 d:/iti_arm/02-arm tools/03- imt sdk/imt_sdk_win_64/winavr/bin/../lib/gcc/avr/4.3.3/avr5\libgcc.a(_addsub_sf.o)
 .bss           0x00800184        0x0 d:/iti_arm/02-arm tools/03- imt sdk/imt_sdk_win_64/winavr/bin/../lib/gcc/avr/4.3.3/avr5\libgcc.a(_mul_sf.o)
 .bss           0x00800184        0x0 d:/iti_arm/02-arm tools/03- imt sdk/imt_sdk_win_64/winavr/bin/../lib/gcc/avr/4.3.3/avr5\libgcc.a(_div_sf.o)
 .bss           0x00800184        0x0 d:/iti_arm/02-arm tools/03- imt sdk/imt_sdk_win_64/winavr/bin/../lib/gcc/avr/4.3.3/avr5\libgcc.a(_ge_sf.o)
 .bss           0x00800184        0x0 d:/iti_arm/02-arm tools/03- imt sdk/imt_sdk_win_64/winavr/bin/../lib/gcc/avr/4.3.3/avr5\libgcc.a(_sf_to_si.o)
 .bss           0x00800184        0x0 d:/iti_arm/02-arm tools/03- imt sdk/imt_sdk_win_64/winavr/bin/../lib/gcc/avr/4.3.3/avr5\libgcc.a(_thenan_sf.o)
 .bss           0x00800184        0x0 d:/iti_arm/02-arm tools/03- imt sdk/imt_sdk_win_64/winavr/bin/../lib/gcc/avr/4.3.3/avr5\libgcc.a(_usi_to_sf.o)
 .bss           0x00800184        0x0 d:/iti_arm/02-arm tools/03- imt sdk/imt_sdk_win_64/winavr/bin/../lib/gcc/avr/4.3.3/avr5\libgcc.a(_prologue.o)
 .bss           0x00800184        0x0 d:/iti_arm/02-arm tools/03- imt sdk/imt_sdk_win_64/winavr/bin/../lib/gcc/avr/4.3.3/avr5\libgcc.a(_epilogue.o)
 .bss           0x00800184        0x0 d:/iti_arm/02-arm tools/03- imt sdk/imt_sdk_win_64/winavr/bin/../lib/gcc/avr/4.3.3/avr5\libgcc.a(_clzsi2.o)
 .bss           0x00800184        0x0 d:/iti_arm/02-arm tools/03- imt sdk/imt_sdk_win_64/winavr/bin/../lib/gcc/avr/4.3.3/avr5\libgcc.a(_pack_sf.o)
 .bss           0x00800184        0x0 d:/iti_arm/02-arm tools/03- imt sdk/imt_sdk_win_64/winavr/bin/../lib/gcc/avr/4.3.3/avr5\libgcc.a(_unpack_sf.o)
 .bss           0x00800184        0x0 d:/iti_arm/02-arm tools/03- imt sdk/imt_sdk_win_64/winavr/bin/../lib/gcc/avr/4.3.3/avr5\libgcc.a(_fpcmp_parts_sf.o)
 .bss           0x00800184        0x0 d:/iti_arm/02-arm tools/03- imt sdk/imt_sdk_win_64/winavr/bin/../lib/gcc/avr/4.3.3/avr5\libgcc.a(_clz.o)
 *(.bss*)
 .bss.UART_Receive_Flag
                0x00800184        0x1 ./MCAL/UART/UART_Program.o
                0x00800184                UART_Receive_Flag
 .bss.UART_Frame
                0x00800185       0x32 ./MCAL/UART/UART_Program.o
                0x00800185                UART_Frame
 .bss.capture_done
                0x008001b7        0x1 ./HAL/Ultrasonic_Program.o
 .bss.end_time  0x008001b8        0x2 ./HAL/Ultrasonic_Program.o
 .bss.Timer0Overflow
                0x008001ba        0x4 ./HAL/Ultrasonic_Program.o
 .bss.start_time
                0x008001be        0x2 ./HAL/Ultrasonic_Program.o
 *(COMMON)
                0x008001c0                PROVIDE (__bss_end, .)
                0x00002262                __data_load_start = LOADADDR (.data)
                0x00002386                __data_load_end = (__data_load_start + SIZEOF (.data))

.noinit         0x008001c0        0x0
                0x008001c0                PROVIDE (__noinit_start, .)
 *(.noinit*)
                0x008001c0                PROVIDE (__noinit_end, .)
                0x008001c0                _end = .
                0x008001c0                PROVIDE (__heap_start, .)

.eeprom         0x00810000        0x0
 *(.eeprom*)
                0x00810000                __eeprom_end = .

.fuse
 *(.fuse)
 *(.lfuse)
 *(.hfuse)
 *(.efuse)

.lock
 *(.lock*)

.signature
 *(.signature*)

.stab           0x00000000     0x40e0
 *(.stab)
 .stab          0x00000000      0x2d0 ./MCAL/UART/UART_Program.o
 .stab          0x000002d0      0x240 ./MCAL/ADC_Program.o
                                0x24c (size before relaxing)
 .stab          0x00000510      0x3f0 ./MCAL/DIO_Program.o
                                0x468 (size before relaxing)
 .stab          0x00000900      0x198 ./MCAL/EXT_IN_Program.o
                                0x210 (size before relaxing)
 .stab          0x00000a98      0x144 ./MCAL/GIE_Program.o
                                0x1bc (size before relaxing)
 .stab          0x00000bdc      0x3e4 ./MCAL/Timer0_Program.o
                                0x45c (size before relaxing)
 .stab          0x00000fc0      0x5d0 ./MCAL/Timer1_Program.o
                                0x648 (size before relaxing)
 .stab          0x00001590      0x684 ./HAL/Keypad_Program.o
                                0x690 (size before relaxing)
 .stab          0x00001c14      0x258 ./HAL/L298_Prog.o
                                0x2d0 (size before relaxing)
 .stab          0x00001e6c     0x102c ./HAL/LCD_Program.o
                               0x1230 (size before relaxing)
 .stab          0x00002e98      0x240 ./HAL/SERVO_Prog.o
                                0x438 (size before relaxing)
 .stab          0x000030d8      0x174 ./HAL/SWCH_Program.o
                                0x1ec (size before relaxing)
 .stab          0x0000324c      0x444 ./HAL/Stepper_program.o
                                0x648 (size before relaxing)
 .stab          0x00003690      0x2f4 ./HAL/Ultrasonic_Program.o
                                0x51c (size before relaxing)
 .stab          0x00003984      0x75c ./main.o
                                0x918 (size before relaxing)

.stabstr        0x00000000     0x15c3
 *(.stabstr)
 .stabstr       0x00000000     0x15c3 ./MCAL/UART/UART_Program.o

.stab.excl
 *(.stab.excl)

.stab.exclstr
 *(.stab.exclstr)

.stab.index
 *(.stab.index)

.stab.indexstr
 *(.stab.indexstr)

.comment
 *(.comment)

.debug
 *(.debug)

.line
 *(.line)

.debug_srcinfo
 *(.debug_srcinfo)

.debug_sfnames
 *(.debug_sfnames)

.debug_aranges  0x00000000      0x160
 *(.debug_aranges)
 .debug_aranges
                0x00000000       0x20 d:/iti_arm/02-arm tools/03- imt sdk/imt_sdk_win_64/winavr/bin/../lib/gcc/avr/4.3.3/avr5\libgcc.a(_fixunssfsi.o)
 .debug_aranges
                0x00000020       0x20 d:/iti_arm/02-arm tools/03- imt sdk/imt_sdk_win_64/winavr/bin/../lib/gcc/avr/4.3.3/avr5\libgcc.a(_addsub_sf.o)
 .debug_aranges
                0x00000040       0x20 d:/iti_arm/02-arm tools/03- imt sdk/imt_sdk_win_64/winavr/bin/../lib/gcc/avr/4.3.3/avr5\libgcc.a(_mul_sf.o)
 .debug_aranges
                0x00000060       0x20 d:/iti_arm/02-arm tools/03- imt sdk/imt_sdk_win_64/winavr/bin/../lib/gcc/avr/4.3.3/avr5\libgcc.a(_div_sf.o)
 .debug_aranges
                0x00000080       0x20 d:/iti_arm/02-arm tools/03- imt sdk/imt_sdk_win_64/winavr/bin/../lib/gcc/avr/4.3.3/avr5\libgcc.a(_ge_sf.o)
 .debug_aranges
                0x000000a0       0x20 d:/iti_arm/02-arm tools/03- imt sdk/imt_sdk_win_64/winavr/bin/../lib/gcc/avr/4.3.3/avr5\libgcc.a(_sf_to_si.o)
 .debug_aranges
                0x000000c0       0x20 d:/iti_arm/02-arm tools/03- imt sdk/imt_sdk_win_64/winavr/bin/../lib/gcc/avr/4.3.3/avr5\libgcc.a(_usi_to_sf.o)
 .debug_aranges
                0x000000e0       0x20 d:/iti_arm/02-arm tools/03- imt sdk/imt_sdk_win_64/winavr/bin/../lib/gcc/avr/4.3.3/avr5\libgcc.a(_clzsi2.o)
 .debug_aranges
                0x00000100       0x20 d:/iti_arm/02-arm tools/03- imt sdk/imt_sdk_win_64/winavr/bin/../lib/gcc/avr/4.3.3/avr5\libgcc.a(_pack_sf.o)
 .debug_aranges
                0x00000120       0x20 d:/iti_arm/02-arm tools/03- imt sdk/imt_sdk_win_64/winavr/bin/../lib/gcc/avr/4.3.3/avr5\libgcc.a(_unpack_sf.o)
 .debug_aranges
                0x00000140       0x20 d:/iti_arm/02-arm tools/03- imt sdk/imt_sdk_win_64/winavr/bin/../lib/gcc/avr/4.3.3/avr5\libgcc.a(_fpcmp_parts_sf.o)

.debug_pubnames
                0x00000000      0x1b6
 *(.debug_pubnames)
 .debug_pubnames
                0x00000000       0x23 d:/iti_arm/02-arm tools/03- imt sdk/imt_sdk_win_64/winavr/bin/../lib/gcc/avr/4.3.3/avr5\libgcc.a(_fixunssfsi.o)
 .debug_pubnames
                0x00000023       0x2c d:/iti_arm/02-arm tools/03- imt sdk/imt_sdk_win_64/winavr/bin/../lib/gcc/avr/4.3.3/avr5\libgcc.a(_addsub_sf.o)
 .debug_pubnames
                0x0000004f       0x1f d:/iti_arm/02-arm tools/03- imt sdk/imt_sdk_win_64/winavr/bin/../lib/gcc/avr/4.3.3/avr5\libgcc.a(_mul_sf.o)
 .debug_pubnames
                0x0000006e       0x1f d:/iti_arm/02-arm tools/03- imt sdk/imt_sdk_win_64/winavr/bin/../lib/gcc/avr/4.3.3/avr5\libgcc.a(_div_sf.o)
 .debug_pubnames
                0x0000008d       0x1e d:/iti_arm/02-arm tools/03- imt sdk/imt_sdk_win_64/winavr/bin/../lib/gcc/avr/4.3.3/avr5\libgcc.a(_ge_sf.o)
 .debug_pubnames
                0x000000ab       0x20 d:/iti_arm/02-arm tools/03- imt sdk/imt_sdk_win_64/winavr/bin/../lib/gcc/avr/4.3.3/avr5\libgcc.a(_sf_to_si.o)
 .debug_pubnames
                0x000000cb       0x22 d:/iti_arm/02-arm tools/03- imt sdk/imt_sdk_win_64/winavr/bin/../lib/gcc/avr/4.3.3/avr5\libgcc.a(_thenan_sf.o)
 .debug_pubnames
                0x000000ed       0x24 d:/iti_arm/02-arm tools/03- imt sdk/imt_sdk_win_64/winavr/bin/../lib/gcc/avr/4.3.3/avr5\libgcc.a(_usi_to_sf.o)
 .debug_pubnames
                0x00000111       0x1f d:/iti_arm/02-arm tools/03- imt sdk/imt_sdk_win_64/winavr/bin/../lib/gcc/avr/4.3.3/avr5\libgcc.a(_clzsi2.o)
 .debug_pubnames
                0x00000130       0x1f d:/iti_arm/02-arm tools/03- imt sdk/imt_sdk_win_64/winavr/bin/../lib/gcc/avr/4.3.3/avr5\libgcc.a(_pack_sf.o)
 .debug_pubnames
                0x0000014f       0x21 d:/iti_arm/02-arm tools/03- imt sdk/imt_sdk_win_64/winavr/bin/../lib/gcc/avr/4.3.3/avr5\libgcc.a(_unpack_sf.o)
 .debug_pubnames
                0x00000170       0x26 d:/iti_arm/02-arm tools/03- imt sdk/imt_sdk_win_64/winavr/bin/../lib/gcc/avr/4.3.3/avr5\libgcc.a(_fpcmp_parts_sf.o)
 .debug_pubnames
                0x00000196       0x20 d:/iti_arm/02-arm tools/03- imt sdk/imt_sdk_win_64/winavr/bin/../lib/gcc/avr/4.3.3/avr5\libgcc.a(_clz.o)

.debug_info     0x00000000     0x1f0d
 *(.debug_info)
 .debug_info    0x00000000       0xb1 d:/iti_arm/02-arm tools/03- imt sdk/imt_sdk_win_64/winavr/bin/../lib/gcc/avr/4.3.3/avr5\libgcc.a(_fixunssfsi.o)
 .debug_info    0x000000b1      0x47a d:/iti_arm/02-arm tools/03- imt sdk/imt_sdk_win_64/winavr/bin/../lib/gcc/avr/4.3.3/avr5\libgcc.a(_addsub_sf.o)
 .debug_info    0x0000052b      0x485 d:/iti_arm/02-arm tools/03- imt sdk/imt_sdk_win_64/winavr/bin/../lib/gcc/avr/4.3.3/avr5\libgcc.a(_mul_sf.o)
 .debug_info    0x000009b0      0x3fc d:/iti_arm/02-arm tools/03- imt sdk/imt_sdk_win_64/winavr/bin/../lib/gcc/avr/4.3.3/avr5\libgcc.a(_div_sf.o)
 .debug_info    0x00000dac      0x27f d:/iti_arm/02-arm tools/03- imt sdk/imt_sdk_win_64/winavr/bin/../lib/gcc/avr/4.3.3/avr5\libgcc.a(_ge_sf.o)
 .debug_info    0x0000102b      0x2b0 d:/iti_arm/02-arm tools/03- imt sdk/imt_sdk_win_64/winavr/bin/../lib/gcc/avr/4.3.3/avr5\libgcc.a(_sf_to_si.o)
 .debug_info    0x000012db      0x12c d:/iti_arm/02-arm tools/03- imt sdk/imt_sdk_win_64/winavr/bin/../lib/gcc/avr/4.3.3/avr5\libgcc.a(_thenan_sf.o)
 .debug_info    0x00001407      0x206 d:/iti_arm/02-arm tools/03- imt sdk/imt_sdk_win_64/winavr/bin/../lib/gcc/avr/4.3.3/avr5\libgcc.a(_usi_to_sf.o)
 .debug_info    0x0000160d      0x117 d:/iti_arm/02-arm tools/03- imt sdk/imt_sdk_win_64/winavr/bin/../lib/gcc/avr/4.3.3/avr5\libgcc.a(_clzsi2.o)
 .debug_info    0x00001724      0x2df d:/iti_arm/02-arm tools/03- imt sdk/imt_sdk_win_64/winavr/bin/../lib/gcc/avr/4.3.3/avr5\libgcc.a(_pack_sf.o)
 .debug_info    0x00001a03      0x251 d:/iti_arm/02-arm tools/03- imt sdk/imt_sdk_win_64/winavr/bin/../lib/gcc/avr/4.3.3/avr5\libgcc.a(_unpack_sf.o)
 .debug_info    0x00001c54      0x210 d:/iti_arm/02-arm tools/03- imt sdk/imt_sdk_win_64/winavr/bin/../lib/gcc/avr/4.3.3/avr5\libgcc.a(_fpcmp_parts_sf.o)
 .debug_info    0x00001e64       0xa9 d:/iti_arm/02-arm tools/03- imt sdk/imt_sdk_win_64/winavr/bin/../lib/gcc/avr/4.3.3/avr5\libgcc.a(_clz.o)
 *(.gnu.linkonce.wi.*)

.debug_abbrev   0x00000000     0x10d2
 *(.debug_abbrev)
 .debug_abbrev  0x00000000       0x5d d:/iti_arm/02-arm tools/03- imt sdk/imt_sdk_win_64/winavr/bin/../lib/gcc/avr/4.3.3/avr5\libgcc.a(_fixunssfsi.o)
 .debug_abbrev  0x0000005d      0x1ea d:/iti_arm/02-arm tools/03- imt sdk/imt_sdk_win_64/winavr/bin/../lib/gcc/avr/4.3.3/avr5\libgcc.a(_addsub_sf.o)
 .debug_abbrev  0x00000247      0x21b d:/iti_arm/02-arm tools/03- imt sdk/imt_sdk_win_64/winavr/bin/../lib/gcc/avr/4.3.3/avr5\libgcc.a(_mul_sf.o)
 .debug_abbrev  0x00000462      0x216 d:/iti_arm/02-arm tools/03- imt sdk/imt_sdk_win_64/winavr/bin/../lib/gcc/avr/4.3.3/avr5\libgcc.a(_div_sf.o)
 .debug_abbrev  0x00000678      0x15a d:/iti_arm/02-arm tools/03- imt sdk/imt_sdk_win_64/winavr/bin/../lib/gcc/avr/4.3.3/avr5\libgcc.a(_ge_sf.o)
 .debug_abbrev  0x000007d2      0x17f d:/iti_arm/02-arm tools/03- imt sdk/imt_sdk_win_64/winavr/bin/../lib/gcc/avr/4.3.3/avr5\libgcc.a(_sf_to_si.o)
 .debug_abbrev  0x00000951       0xad d:/iti_arm/02-arm tools/03- imt sdk/imt_sdk_win_64/winavr/bin/../lib/gcc/avr/4.3.3/avr5\libgcc.a(_thenan_sf.o)
 .debug_abbrev  0x000009fe      0x157 d:/iti_arm/02-arm tools/03- imt sdk/imt_sdk_win_64/winavr/bin/../lib/gcc/avr/4.3.3/avr5\libgcc.a(_usi_to_sf.o)
 .debug_abbrev  0x00000b55       0xc4 d:/iti_arm/02-arm tools/03- imt sdk/imt_sdk_win_64/winavr/bin/../lib/gcc/avr/4.3.3/avr5\libgcc.a(_clzsi2.o)
 .debug_abbrev  0x00000c19      0x1c0 d:/iti_arm/02-arm tools/03- imt sdk/imt_sdk_win_64/winavr/bin/../lib/gcc/avr/4.3.3/avr5\libgcc.a(_pack_sf.o)
 .debug_abbrev  0x00000dd9      0x154 d:/iti_arm/02-arm tools/03- imt sdk/imt_sdk_win_64/winavr/bin/../lib/gcc/avr/4.3.3/avr5\libgcc.a(_unpack_sf.o)
 .debug_abbrev  0x00000f2d      0x13b d:/iti_arm/02-arm tools/03- imt sdk/imt_sdk_win_64/winavr/bin/../lib/gcc/avr/4.3.3/avr5\libgcc.a(_fpcmp_parts_sf.o)
 .debug_abbrev  0x00001068       0x6a d:/iti_arm/02-arm tools/03- imt sdk/imt_sdk_win_64/winavr/bin/../lib/gcc/avr/4.3.3/avr5\libgcc.a(_clz.o)

.debug_line     0x00000000     0x1030
 *(.debug_line)
 .debug_line    0x00000000       0xa7 d:/iti_arm/02-arm tools/03- imt sdk/imt_sdk_win_64/winavr/bin/../lib/gcc/avr/4.3.3/avr5\libgcc.a(_fixunssfsi.o)
 .debug_line    0x000000a7      0x2af d:/iti_arm/02-arm tools/03- imt sdk/imt_sdk_win_64/winavr/bin/../lib/gcc/avr/4.3.3/avr5\libgcc.a(_addsub_sf.o)
 .debug_line    0x00000356      0x239 d:/iti_arm/02-arm tools/03- imt sdk/imt_sdk_win_64/winavr/bin/../lib/gcc/avr/4.3.3/avr5\libgcc.a(_mul_sf.o)
 .debug_line    0x0000058f      0x1d5 d:/iti_arm/02-arm tools/03- imt sdk/imt_sdk_win_64/winavr/bin/../lib/gcc/avr/4.3.3/avr5\libgcc.a(_div_sf.o)
 .debug_line    0x00000764       0xd3 d:/iti_arm/02-arm tools/03- imt sdk/imt_sdk_win_64/winavr/bin/../lib/gcc/avr/4.3.3/avr5\libgcc.a(_ge_sf.o)
 .debug_line    0x00000837      0x109 d:/iti_arm/02-arm tools/03- imt sdk/imt_sdk_win_64/winavr/bin/../lib/gcc/avr/4.3.3/avr5\libgcc.a(_sf_to_si.o)
 .debug_line    0x00000940       0x90 d:/iti_arm/02-arm tools/03- imt sdk/imt_sdk_win_64/winavr/bin/../lib/gcc/avr/4.3.3/avr5\libgcc.a(_thenan_sf.o)
 .debug_line    0x000009d0      0x133 d:/iti_arm/02-arm tools/03- imt sdk/imt_sdk_win_64/winavr/bin/../lib/gcc/avr/4.3.3/avr5\libgcc.a(_usi_to_sf.o)
 .debug_line    0x00000b03       0xa5 d:/iti_arm/02-arm tools/03- imt sdk/imt_sdk_win_64/winavr/bin/../lib/gcc/avr/4.3.3/avr5\libgcc.a(_clzsi2.o)
 .debug_line    0x00000ba8      0x18a d:/iti_arm/02-arm tools/03- imt sdk/imt_sdk_win_64/winavr/bin/../lib/gcc/avr/4.3.3/avr5\libgcc.a(_pack_sf.o)
 .debug_line    0x00000d32      0x14b d:/iti_arm/02-arm tools/03- imt sdk/imt_sdk_win_64/winavr/bin/../lib/gcc/avr/4.3.3/avr5\libgcc.a(_unpack_sf.o)
 .debug_line    0x00000e7d      0x137 d:/iti_arm/02-arm tools/03- imt sdk/imt_sdk_win_64/winavr/bin/../lib/gcc/avr/4.3.3/avr5\libgcc.a(_fpcmp_parts_sf.o)
 .debug_line    0x00000fb4       0x7c d:/iti_arm/02-arm tools/03- imt sdk/imt_sdk_win_64/winavr/bin/../lib/gcc/avr/4.3.3/avr5\libgcc.a(_clz.o)

.debug_frame    0x00000000      0x180
 *(.debug_frame)
 .debug_frame   0x00000000       0x20 d:/iti_arm/02-arm tools/03- imt sdk/imt_sdk_win_64/winavr/bin/../lib/gcc/avr/4.3.3/avr5\libgcc.a(_fixunssfsi.o)
 .debug_frame   0x00000020       0x40 d:/iti_arm/02-arm tools/03- imt sdk/imt_sdk_win_64/winavr/bin/../lib/gcc/avr/4.3.3/avr5\libgcc.a(_addsub_sf.o)
 .debug_frame   0x00000060       0x20 d:/iti_arm/02-arm tools/03- imt sdk/imt_sdk_win_64/winavr/bin/../lib/gcc/avr/4.3.3/avr5\libgcc.a(_mul_sf.o)
 .debug_frame   0x00000080       0x20 d:/iti_arm/02-arm tools/03- imt sdk/imt_sdk_win_64/winavr/bin/../lib/gcc/avr/4.3.3/avr5\libgcc.a(_div_sf.o)
 .debug_frame   0x000000a0       0x20 d:/iti_arm/02-arm tools/03- imt sdk/imt_sdk_win_64/winavr/bin/../lib/gcc/avr/4.3.3/avr5\libgcc.a(_ge_sf.o)
 .debug_frame   0x000000c0       0x20 d:/iti_arm/02-arm tools/03- imt sdk/imt_sdk_win_64/winavr/bin/../lib/gcc/avr/4.3.3/avr5\libgcc.a(_sf_to_si.o)
 .debug_frame   0x000000e0       0x20 d:/iti_arm/02-arm tools/03- imt sdk/imt_sdk_win_64/winavr/bin/../lib/gcc/avr/4.3.3/avr5\libgcc.a(_usi_to_sf.o)
 .debug_frame   0x00000100       0x20 d:/iti_arm/02-arm tools/03- imt sdk/imt_sdk_win_64/winavr/bin/../lib/gcc/avr/4.3.3/avr5\libgcc.a(_clzsi2.o)
 .debug_frame   0x00000120       0x20 d:/iti_arm/02-arm tools/03- imt sdk/imt_sdk_win_64/winavr/bin/../lib/gcc/avr/4.3.3/avr5\libgcc.a(_pack_sf.o)
 .debug_frame   0x00000140       0x20 d:/iti_arm/02-arm tools/03- imt sdk/imt_sdk_win_64/winavr/bin/../lib/gcc/avr/4.3.3/avr5\libgcc.a(_unpack_sf.o)
 .debug_frame   0x00000160       0x20 d:/iti_arm/02-arm tools/03- imt sdk/imt_sdk_win_64/winavr/bin/../lib/gcc/avr/4.3.3/avr5\libgcc.a(_fpcmp_parts_sf.o)

.debug_str      0x00000000      0x2e6
 *(.debug_str)
 .debug_str     0x00000000       0xbf d:/iti_arm/02-arm tools/03- imt sdk/imt_sdk_win_64/winavr/bin/../lib/gcc/avr/4.3.3/avr5\libgcc.a(_fixunssfsi.o)
                                 0xfe (size before relaxing)
 .debug_str     0x000000bf      0x14d d:/iti_arm/02-arm tools/03- imt sdk/imt_sdk_win_64/winavr/bin/../lib/gcc/avr/4.3.3/avr5\libgcc.a(_addsub_sf.o)
                                0x206 (size before relaxing)
 .debug_str     0x0000020c       0x27 d:/iti_arm/02-arm tools/03- imt sdk/imt_sdk_win_64/winavr/bin/../lib/gcc/avr/4.3.3/avr5\libgcc.a(_mul_sf.o)
                                0x1bf (size before relaxing)
 .debug_str     0x00000233       0x35 d:/iti_arm/02-arm tools/03- imt sdk/imt_sdk_win_64/winavr/bin/../lib/gcc/avr/4.3.3/avr5\libgcc.a(_div_sf.o)
                                0x1c8 (size before relaxing)
 .debug_str     0x00000268        0x8 d:/iti_arm/02-arm tools/03- imt sdk/imt_sdk_win_64/winavr/bin/../lib/gcc/avr/4.3.3/avr5\libgcc.a(_ge_sf.o)
                                0x195 (size before relaxing)
 .debug_str     0x00000270        0xa d:/iti_arm/02-arm tools/03- imt sdk/imt_sdk_win_64/winavr/bin/../lib/gcc/avr/4.3.3/avr5\libgcc.a(_sf_to_si.o)
                                0x19e (size before relaxing)
 .debug_str     0x00000000      0x103 d:/iti_arm/02-arm tools/03- imt sdk/imt_sdk_win_64/winavr/bin/../lib/gcc/avr/4.3.3/avr5\libgcc.a(_thenan_sf.o)
 .debug_str     0x0000027a       0x21 d:/iti_arm/02-arm tools/03- imt sdk/imt_sdk_win_64/winavr/bin/../lib/gcc/avr/4.3.3/avr5\libgcc.a(_usi_to_sf.o)
                                0x177 (size before relaxing)
 .debug_str     0x0000029b       0x20 d:/iti_arm/02-arm tools/03- imt sdk/imt_sdk_win_64/winavr/bin/../lib/gcc/avr/4.3.3/avr5\libgcc.a(_clzsi2.o)
                                0x111 (size before relaxing)
 .debug_str     0x000002bb       0x10 d:/iti_arm/02-arm tools/03- imt sdk/imt_sdk_win_64/winavr/bin/../lib/gcc/avr/4.3.3/avr5\libgcc.a(_pack_sf.o)
                                0x19d (size before relaxing)
 .debug_str     0x000002cb        0xb d:/iti_arm/02-arm tools/03- imt sdk/imt_sdk_win_64/winavr/bin/../lib/gcc/avr/4.3.3/avr5\libgcc.a(_unpack_sf.o)
                                0x17f (size before relaxing)
 .debug_str     0x000002d6       0x10 d:/iti_arm/02-arm tools/03- imt sdk/imt_sdk_win_64/winavr/bin/../lib/gcc/avr/4.3.3/avr5\libgcc.a(_fpcmp_parts_sf.o)
                                0x163 (size before relaxing)
 .debug_str     0x00000000       0xf4 d:/iti_arm/02-arm tools/03- imt sdk/imt_sdk_win_64/winavr/bin/../lib/gcc/avr/4.3.3/avr5\libgcc.a(_clz.o)

.debug_loc      0x00000000      0x8f6
 *(.debug_loc)
 .debug_loc     0x00000000       0x34 d:/iti_arm/02-arm tools/03- imt sdk/imt_sdk_win_64/winavr/bin/../lib/gcc/avr/4.3.3/avr5\libgcc.a(_fixunssfsi.o)
 .debug_loc     0x00000034      0x32a d:/iti_arm/02-arm tools/03- imt sdk/imt_sdk_win_64/winavr/bin/../lib/gcc/avr/4.3.3/avr5\libgcc.a(_addsub_sf.o)
 .debug_loc     0x0000035e      0x104 d:/iti_arm/02-arm tools/03- imt sdk/imt_sdk_win_64/winavr/bin/../lib/gcc/avr/4.3.3/avr5\libgcc.a(_mul_sf.o)
 .debug_loc     0x00000462       0xc0 d:/iti_arm/02-arm tools/03- imt sdk/imt_sdk_win_64/winavr/bin/../lib/gcc/avr/4.3.3/avr5\libgcc.a(_div_sf.o)
 .debug_loc     0x00000522       0x3c d:/iti_arm/02-arm tools/03- imt sdk/imt_sdk_win_64/winavr/bin/../lib/gcc/avr/4.3.3/avr5\libgcc.a(_ge_sf.o)
 .debug_loc     0x0000055e       0x7e d:/iti_arm/02-arm tools/03- imt sdk/imt_sdk_win_64/winavr/bin/../lib/gcc/avr/4.3.3/avr5\libgcc.a(_sf_to_si.o)
 .debug_loc     0x000005dc       0x4c d:/iti_arm/02-arm tools/03- imt sdk/imt_sdk_win_64/winavr/bin/../lib/gcc/avr/4.3.3/avr5\libgcc.a(_usi_to_sf.o)
 .debug_loc     0x00000628       0x94 d:/iti_arm/02-arm tools/03- imt sdk/imt_sdk_win_64/winavr/bin/../lib/gcc/avr/4.3.3/avr5\libgcc.a(_clzsi2.o)
 .debug_loc     0x000006bc      0x13e d:/iti_arm/02-arm tools/03- imt sdk/imt_sdk_win_64/winavr/bin/../lib/gcc/avr/4.3.3/avr5\libgcc.a(_pack_sf.o)
 .debug_loc     0x000007fa       0xac d:/iti_arm/02-arm tools/03- imt sdk/imt_sdk_win_64/winavr/bin/../lib/gcc/avr/4.3.3/avr5\libgcc.a(_unpack_sf.o)
 .debug_loc     0x000008a6       0x50 d:/iti_arm/02-arm tools/03- imt sdk/imt_sdk_win_64/winavr/bin/../lib/gcc/avr/4.3.3/avr5\libgcc.a(_fpcmp_parts_sf.o)

.debug_macinfo
 *(.debug_macinfo)
OUTPUT(motors.elf elf32-avr)
LOAD linker stubs

.debug_ranges   0x00000000       0x50
 .debug_ranges  0x00000000       0x50 d:/iti_arm/02-arm tools/03- imt sdk/imt_sdk_win_64/winavr/bin/../lib/gcc/avr/4.3.3/avr5\libgcc.a(_mul_sf.o)
