Archive member included because of file (symbol)

d:/iti_arm/02-arm tools/03- imt sdk/imt_sdk_win_64/winavr/bin/../lib/gcc/avr/4.3.3/avr5\libgcc.a(_mulsi3.o)
                              ./HAL/SERVO_Prog.o (__mulsi3)
d:/iti_arm/02-arm tools/03- imt sdk/imt_sdk_win_64/winavr/bin/../lib/gcc/avr/4.3.3/avr5\libgcc.a(_udivmodhi4.o)
                              ./HAL/LCD_Program.o (__udivmodhi4)
d:/iti_arm/02-arm tools/03- imt sdk/imt_sdk_win_64/winavr/bin/../lib/gcc/avr/4.3.3/avr5\libgcc.a(_udivmodsi4.o)
                              ./HAL/SERVO_Prog.o (__udivmodsi4)
d:/iti_arm/02-arm tools/03- imt sdk/imt_sdk_win_64/winavr/bin/../lib/gcc/avr/4.3.3/avr5\libgcc.a(_exit.o)
                              d:/iti_arm/02-arm tools/03- imt sdk/imt_sdk_win_64/winavr/bin/../lib/gcc/avr/4.3.3/../../../../avr/lib/avr5/crtm32.o (exit)
d:/iti_arm/02-arm tools/03- imt sdk/imt_sdk_win_64/winavr/bin/../lib/gcc/avr/4.3.3/avr5\libgcc.a(_copy_data.o)
                              ./HAL/Keypad_Program.o (__do_copy_data)
d:/iti_arm/02-arm tools/03- imt sdk/imt_sdk_win_64/winavr/bin/../lib/gcc/avr/4.3.3/avr5\libgcc.a(_clear_bss.o)
                              ./MCAL/UART/UART_Program.o (__do_clear_bss)
d:/iti_arm/02-arm tools/03- imt sdk/imt_sdk_win_64/winavr/bin/../lib/gcc/avr/4.3.3/avr5\libgcc.a(_fixunssfsi.o)
                              ./main.o (__fixunssfsi)
d:/iti_arm/02-arm tools/03- imt sdk/imt_sdk_win_64/winavr/bin/../lib/gcc/avr/4.3.3/avr5\libgcc.a(_addsub_sf.o)
                              d:/iti_arm/02-arm tools/03- imt sdk/imt_sdk_win_64/winavr/bin/../lib/gcc/avr/4.3.3/avr5\libgcc.a(_fixunssfsi.o) (__subsf3)
d:/iti_arm/02-arm tools/03- imt sdk/imt_sdk_win_64/winavr/bin/../lib/gcc/avr/4.3.3/avr5\libgcc.a(_div_sf.o)
                              ./HAL/Ultrasonic_Program.o (__divsf3)
d:/iti_arm/02-arm tools/03- imt sdk/imt_sdk_win_64/winavr/bin/../lib/gcc/avr/4.3.3/avr5\libgcc.a(_ge_sf.o)
                              d:/iti_arm/02-arm tools/03- imt sdk/imt_sdk_win_64/winavr/bin/../lib/gcc/avr/4.3.3/avr5\libgcc.a(_fixunssfsi.o) (__gesf2)
d:/iti_arm/02-arm tools/03- imt sdk/imt_sdk_win_64/winavr/bin/../lib/gcc/avr/4.3.3/avr5\libgcc.a(_sf_to_si.o)
                              d:/iti_arm/02-arm tools/03- imt sdk/imt_sdk_win_64/winavr/bin/../lib/gcc/avr/4.3.3/avr5\libgcc.a(_fixunssfsi.o) (__fixsfsi)
d:/iti_arm/02-arm tools/03- imt sdk/imt_sdk_win_64/winavr/bin/../lib/gcc/avr/4.3.3/avr5\libgcc.a(_thenan_sf.o)
                              d:/iti_arm/02-arm tools/03- imt sdk/imt_sdk_win_64/winavr/bin/../lib/gcc/avr/4.3.3/avr5\libgcc.a(_addsub_sf.o) (__thenan_sf)
d:/iti_arm/02-arm tools/03- imt sdk/imt_sdk_win_64/winavr/bin/../lib/gcc/avr/4.3.3/avr5\libgcc.a(_usi_to_sf.o)
                              ./HAL/Ultrasonic_Program.o (__floatunsisf)
d:/iti_arm/02-arm tools/03- imt sdk/imt_sdk_win_64/winavr/bin/../lib/gcc/avr/4.3.3/avr5\libgcc.a(_prologue.o)
                              d:/iti_arm/02-arm tools/03- imt sdk/imt_sdk_win_64/winavr/bin/../lib/gcc/avr/4.3.3/avr5\libgcc.a(_addsub_sf.o) (__prologue_saves__)
d:/iti_arm/02-arm tools/03- imt sdk/imt_sdk_win_64/winavr/bin/../lib/gcc/avr/4.3.3/avr5\libgcc.a(_epilogue.o)
                              d:/iti_arm/02-arm tools/03- imt sdk/imt_sdk_win_64/winavr/bin/../lib/gcc/avr/4.3.3/avr5\libgcc.a(_addsub_sf.o) (__epilogue_restores__)
d:/iti_arm/02-arm tools/03- imt sdk/imt_sdk_win_64/winavr/bin/../lib/gcc/avr/4.3.3/avr5\libgcc.a(_clzsi2.o)
                              d:/iti_arm/02-arm tools/03- imt sdk/imt_sdk_win_64/winavr/bin/../lib/gcc/avr/4.3.3/avr5\libgcc.a(_usi_to_sf.o) (__clzsi2)
d:/iti_arm/02-arm tools/03- imt sdk/imt_sdk_win_64/winavr/bin/../lib/gcc/avr/4.3.3/avr5\libgcc.a(_pack_sf.o)
                              d:/iti_arm/02-arm tools/03- imt sdk/imt_sdk_win_64/winavr/bin/../lib/gcc/avr/4.3.3/avr5\libgcc.a(_addsub_sf.o) (__pack_f)
d:/iti_arm/02-arm tools/03- imt sdk/imt_sdk_win_64/winavr/bin/../lib/gcc/avr/4.3.3/avr5\libgcc.a(_unpack_sf.o)
                              d:/iti_arm/02-arm tools/03- imt sdk/imt_sdk_win_64/winavr/bin/../lib/gcc/avr/4.3.3/avr5\libgcc.a(_addsub_sf.o) (__unpack_f)
d:/iti_arm/02-arm tools/03- imt sdk/imt_sdk_win_64/winavr/bin/../lib/gcc/avr/4.3.3/avr5\libgcc.a(_fpcmp_parts_sf.o)
                              d:/iti_arm/02-arm tools/03- imt sdk/imt_sdk_win_64/winavr/bin/../lib/gcc/avr/4.3.3/avr5\libgcc.a(_ge_sf.o) (__fpcmp_parts_f)
d:/iti_arm/02-arm tools/03- imt sdk/imt_sdk_win_64/winavr/bin/../lib/gcc/avr/4.3.3/avr5\libgcc.a(_clz.o)
                              d:/iti_arm/02-arm tools/03- imt sdk/imt_sdk_win_64/winavr/bin/../lib/gcc/avr/4.3.3/avr5\libgcc.a(_clzsi2.o) (__clz_tab)

Memory Configuration

Name             Origin             Length             Attributes
text             0x00000000         0x00020000         xr
data             0x00800060         0x0000ffa0         rw !x
eeprom           0x00810000         0x00010000         rw !x
fuse             0x00820000         0x00000400         rw !x
lock             0x00830000         0x00000400         rw !x
signature        0x00840000         0x00000400         rw !x
*default*        0x00000000         0xffffffff

Linker script and memory map

LOAD d:/iti_arm/02-arm tools/03- imt sdk/imt_sdk_win_64/winavr/bin/../lib/gcc/avr/4.3.3/../../../../avr/lib/avr5/crtm32.o
LOAD ./MCAL/UART/UART_Program.o
LOAD ./MCAL/ADC_Program.o
LOAD ./MCAL/DIO_Program.o
LOAD ./MCAL/EXT_IN_Program.o
LOAD ./MCAL/GIE_Program.o
LOAD ./MCAL/Timer0_Program.o
LOAD ./MCAL/Timer1_Program.o
LOAD ./HAL/Keypad_Program.o
LOAD ./HAL/L298_Prog.o
LOAD ./HAL/LCD_Program.o
LOAD ./HAL/SERVO_Prog.o
LOAD ./HAL/SWCH_Program.o
LOAD ./HAL/Stepper_program.o
LOAD ./HAL/Ultrasonic_Program.o
LOAD ./main.o
LOAD d:/iti_arm/02-arm tools/03- imt sdk/imt_sdk_win_64/winavr/bin/../lib/gcc/avr/4.3.3/avr5\libgcc.a
LOAD d:/iti_arm/02-arm tools/03- imt sdk/imt_sdk_win_64/winavr/bin/../lib/gcc/avr/4.3.3/../../../../avr/lib/avr5\libc.a
LOAD d:/iti_arm/02-arm tools/03- imt sdk/imt_sdk_win_64/winavr/bin/../lib/gcc/avr/4.3.3/avr5\libgcc.a

.hash
 *(.hash)

.dynsym
 *(.dynsym)

.dynstr
 *(.dynstr)

.gnu.version
 *(.gnu.version)

.gnu.version_d
 *(.gnu.version_d)

.gnu.version_r
 *(.gnu.version_r)

.rel.init
 *(.rel.init)

.rela.init
 *(.rela.init)

.rel.text
 *(.rel.text)
 *(.rel.text.*)
 *(.rel.gnu.linkonce.t*)

.rela.text
 *(.rela.text)
 *(.rela.text.*)
 *(.rela.gnu.linkonce.t*)

.rel.fini
 *(.rel.fini)

.rela.fini
 *(.rela.fini)

.rel.rodata
 *(.rel.rodata)
 *(.rel.rodata.*)
 *(.rel.gnu.linkonce.r*)

.rela.rodata
 *(.rela.rodata)
 *(.rela.rodata.*)
 *(.rela.gnu.linkonce.r*)

.rel.data
 *(.rel.data)
 *(.rel.data.*)
 *(.rel.gnu.linkonce.d*)

.rela.data
 *(.rela.data)
 *(.rela.data.*)
 *(.rela.gnu.linkonce.d*)

.rel.ctors
 *(.rel.ctors)

.rela.ctors
 *(.rela.ctors)

.rel.dtors
 *(.rel.dtors)

.rela.dtors
 *(.rela.dtors)

.rel.got
 *(.rel.got)

.rela.got
 *(.rela.got)

.rel.bss
 *(.rel.bss)

.rela.bss
 *(.rela.bss)

.rel.plt
 *(.rel.plt)

.rela.plt
 *(.rela.plt)

.text           0x00000000     0x1efe
 *(.vectors)
 .vectors       0x00000000       0x54 d:/iti_arm/02-arm tools/03- imt sdk/imt_sdk_win_64/winavr/bin/../lib/gcc/avr/4.3.3/../../../../avr/lib/avr5/crtm32.o
                0x00000000                __vectors
                0x00000000                __vector_default
 *(.vectors)
 *(.progmem.gcc*)
 *(.progmem*)
                0x00000054                . = ALIGN (0x2)
                0x00000054                __trampolines_start = .
 *(.trampolines)
 .trampolines   0x00000054        0x0 linker stubs
 *(.trampolines*)
                0x00000054                __trampolines_end = .
 *(.jumptables)
 *(.jumptables*)
 *(.lowtext)
 *(.lowtext*)
                0x00000054                __ctors_start = .
 *(.ctors)
                0x00000054                __ctors_end = .
                0x00000054                __dtors_start = .
 *(.dtors)
                0x00000054                __dtors_end = .
 SORT(*)(.ctors)
 SORT(*)(.dtors)
 *(.init0)
 .init0         0x00000054        0x0 d:/iti_arm/02-arm tools/03- imt sdk/imt_sdk_win_64/winavr/bin/../lib/gcc/avr/4.3.3/../../../../avr/lib/avr5/crtm32.o
                0x00000054                __init
 *(.init0)
 *(.init1)
 *(.init1)
 *(.init2)
 .init2         0x00000054        0xc d:/iti_arm/02-arm tools/03- imt sdk/imt_sdk_win_64/winavr/bin/../lib/gcc/avr/4.3.3/../../../../avr/lib/avr5/crtm32.o
 *(.init2)
 *(.init3)
 *(.init3)
 *(.init4)
 .init4         0x00000060       0x16 d:/iti_arm/02-arm tools/03- imt sdk/imt_sdk_win_64/winavr/bin/../lib/gcc/avr/4.3.3/avr5\libgcc.a(_copy_data.o)
                0x00000060                __do_copy_data
 .init4         0x00000076       0x10 d:/iti_arm/02-arm tools/03- imt sdk/imt_sdk_win_64/winavr/bin/../lib/gcc/avr/4.3.3/avr5\libgcc.a(_clear_bss.o)
                0x00000076                __do_clear_bss
 *(.init4)
 *(.init5)
 *(.init5)
 *(.init6)
 *(.init6)
 *(.init7)
 *(.init7)
 *(.init8)
 *(.init8)
 *(.init9)
 .init9         0x00000086        0x8 d:/iti_arm/02-arm tools/03- imt sdk/imt_sdk_win_64/winavr/bin/../lib/gcc/avr/4.3.3/../../../../avr/lib/avr5/crtm32.o
 *(.init9)
 *(.text)
 .text          0x0000008e        0x4 d:/iti_arm/02-arm tools/03- imt sdk/imt_sdk_win_64/winavr/bin/../lib/gcc/avr/4.3.3/../../../../avr/lib/avr5/crtm32.o
                0x0000008e                __vector_1
                0x0000008e                __vector_12
                0x0000008e                __bad_interrupt
                0x0000008e                __vector_6
                0x0000008e                __vector_3
                0x0000008e                __vector_11
                0x0000008e                __vector_13
                0x0000008e                __vector_17
                0x0000008e                __vector_19
                0x0000008e                __vector_7
                0x0000008e                __vector_5
                0x0000008e                __vector_4
                0x0000008e                __vector_2
                0x0000008e                __vector_15
                0x0000008e                __vector_8
                0x0000008e                __vector_14
                0x0000008e                __vector_10
                0x0000008e                __vector_16
                0x0000008e                __vector_18
                0x0000008e                __vector_20
 .text          0x00000092        0x0 ./MCAL/UART/UART_Program.o
 .text          0x00000092        0x0 ./MCAL/ADC_Program.o
 .text          0x00000092        0x0 ./MCAL/DIO_Program.o
 .text          0x00000092        0x0 ./MCAL/EXT_IN_Program.o
 .text          0x00000092        0x0 ./MCAL/GIE_Program.o
 .text          0x00000092        0x0 ./MCAL/Timer0_Program.o
 .text          0x00000092        0x0 ./MCAL/Timer1_Program.o
 .text          0x00000092        0x0 ./HAL/Keypad_Program.o
 .text          0x00000092        0x0 ./HAL/L298_Prog.o
 .text          0x00000092        0x0 ./HAL/LCD_Program.o
 .text          0x00000092        0x0 ./HAL/SERVO_Prog.o
 .text          0x00000092        0x0 ./HAL/SWCH_Program.o
 .text          0x00000092        0x0 ./HAL/Stepper_program.o
 .text          0x00000092        0x0 ./HAL/Ultrasonic_Program.o
 .text          0x00000092        0x0 ./main.o
 .text          0x00000092        0x0 d:/iti_arm/02-arm tools/03- imt sdk/imt_sdk_win_64/winavr/bin/../lib/gcc/avr/4.3.3/avr5\libgcc.a(_mulsi3.o)
 .text          0x00000092        0x0 d:/iti_arm/02-arm tools/03- imt sdk/imt_sdk_win_64/winavr/bin/../lib/gcc/avr/4.3.3/avr5\libgcc.a(_udivmodhi4.o)
 .text          0x00000092        0x0 d:/iti_arm/02-arm tools/03- imt sdk/imt_sdk_win_64/winavr/bin/../lib/gcc/avr/4.3.3/avr5\libgcc.a(_udivmodsi4.o)
 .text          0x00000092        0x0 d:/iti_arm/02-arm tools/03- imt sdk/imt_sdk_win_64/winavr/bin/../lib/gcc/avr/4.3.3/avr5\libgcc.a(_exit.o)
 .text          0x00000092        0x0 d:/iti_arm/02-arm tools/03- imt sdk/imt_sdk_win_64/winavr/bin/../lib/gcc/avr/4.3.3/avr5\libgcc.a(_copy_data.o)
 .text          0x00000092        0x0 d:/iti_arm/02-arm tools/03- imt sdk/imt_sdk_win_64/winavr/bin/../lib/gcc/avr/4.3.3/avr5\libgcc.a(_clear_bss.o)
 .text          0x00000092       0x58 d:/iti_arm/02-arm tools/03- imt sdk/imt_sdk_win_64/winavr/bin/../lib/gcc/avr/4.3.3/avr5\libgcc.a(_fixunssfsi.o)
                0x00000092                __fixunssfsi
 .text          0x000000ea      0x354 d:/iti_arm/02-arm tools/03- imt sdk/imt_sdk_win_64/winavr/bin/../lib/gcc/avr/4.3.3/avr5\libgcc.a(_addsub_sf.o)
                0x00000382                __subsf3
                0x000003e4                __addsf3
 .text          0x0000043e      0x158 d:/iti_arm/02-arm tools/03- imt sdk/imt_sdk_win_64/winavr/bin/../lib/gcc/avr/4.3.3/avr5\libgcc.a(_div_sf.o)
                0x0000043e                __divsf3
 .text          0x00000596       0x60 d:/iti_arm/02-arm tools/03- imt sdk/imt_sdk_win_64/winavr/bin/../lib/gcc/avr/4.3.3/avr5\libgcc.a(_ge_sf.o)
                0x00000596                __gesf2
 .text          0x000005f6       0xa8 d:/iti_arm/02-arm tools/03- imt sdk/imt_sdk_win_64/winavr/bin/../lib/gcc/avr/4.3.3/avr5\libgcc.a(_sf_to_si.o)
                0x000005f6                __fixsfsi
 .text          0x0000069e        0x0 d:/iti_arm/02-arm tools/03- imt sdk/imt_sdk_win_64/winavr/bin/../lib/gcc/avr/4.3.3/avr5\libgcc.a(_thenan_sf.o)
 .text          0x0000069e       0xf2 d:/iti_arm/02-arm tools/03- imt sdk/imt_sdk_win_64/winavr/bin/../lib/gcc/avr/4.3.3/avr5\libgcc.a(_usi_to_sf.o)
                0x0000069e                __floatunsisf
 .text          0x00000790        0x0 d:/iti_arm/02-arm tools/03- imt sdk/imt_sdk_win_64/winavr/bin/../lib/gcc/avr/4.3.3/avr5\libgcc.a(_prologue.o)
 .text          0x00000790        0x0 d:/iti_arm/02-arm tools/03- imt sdk/imt_sdk_win_64/winavr/bin/../lib/gcc/avr/4.3.3/avr5\libgcc.a(_epilogue.o)
 .text          0x00000790       0x9e d:/iti_arm/02-arm tools/03- imt sdk/imt_sdk_win_64/winavr/bin/../lib/gcc/avr/4.3.3/avr5\libgcc.a(_clzsi2.o)
                0x00000790                __clzsi2
 .text          0x0000082e      0x1aa d:/iti_arm/02-arm tools/03- imt sdk/imt_sdk_win_64/winavr/bin/../lib/gcc/avr/4.3.3/avr5\libgcc.a(_pack_sf.o)
                0x0000082e                __pack_f
 .text          0x000009d8       0xf0 d:/iti_arm/02-arm tools/03- imt sdk/imt_sdk_win_64/winavr/bin/../lib/gcc/avr/4.3.3/avr5\libgcc.a(_unpack_sf.o)
                0x000009d8                __unpack_f
 .text          0x00000ac8       0xb2 d:/iti_arm/02-arm tools/03- imt sdk/imt_sdk_win_64/winavr/bin/../lib/gcc/avr/4.3.3/avr5\libgcc.a(_fpcmp_parts_sf.o)
                0x00000ac8                __fpcmp_parts_f
 .text          0x00000b7a        0x0 d:/iti_arm/02-arm tools/03- imt sdk/imt_sdk_win_64/winavr/bin/../lib/gcc/avr/4.3.3/avr5\libgcc.a(_clz.o)
                0x00000b7a                . = ALIGN (0x2)
 *(.text.*)
 .text.UART_Receive_Byte
                0x00000b7a        0x8 ./MCAL/UART/UART_Program.o
                0x00000b7a                UART_Receive_Byte
 .text.UART_Send_Byte
                0x00000b82       0x1e ./MCAL/UART/UART_Program.o
                0x00000b82                UART_Send_Byte
 .text.UART_Init
                0x00000ba0       0x24 ./MCAL/UART/UART_Program.o
                0x00000ba0                UART_Init
 .text.UART_Init_Interrupt
                0x00000bc4        0xe ./MCAL/UART/UART_Program.o
                0x00000bc4                UART_Init_Interrupt
 .text.ADC_voidInit
                0x00000bd2       0x10 ./MCAL/ADC_Program.o
                0x00000bd2                ADC_voidInit
 .text.ADC_u16GetDigitalValue
                0x00000be2       0x1c ./MCAL/ADC_Program.o
                0x00000be2                ADC_u16GetDigitalValue
 .text.DIO_voidSetPortDirection
                0x00000bfe       0x22 ./MCAL/DIO_Program.o
                0x00000bfe                DIO_voidSetPortDirection
 .text.DIO_voidSetPortValue
                0x00000c20       0x22 ./MCAL/DIO_Program.o
                0x00000c20                DIO_voidSetPortValue
 .text.DIO_u8GetPinValue
                0x00000c42       0x5c ./MCAL/DIO_Program.o
                0x00000c42                DIO_u8GetPinValue
 .text.DIO_voidSetPinValue
                0x00000c9e       0xe2 ./MCAL/DIO_Program.o
                0x00000c9e                DIO_voidSetPinValue
 .text.DIO_voidSetPinDirection
                0x00000d80       0xe2 ./MCAL/DIO_Program.o
                0x00000d80                DIO_voidSetPinDirection
 .text.EXT2_IN_Enable
                0x00000e62        0x2 ./MCAL/EXT_IN_Program.o
                0x00000e62                EXT2_IN_Enable
 .text.EXT1_IN_Enable
                0x00000e64       0x3e ./MCAL/EXT_IN_Program.o
                0x00000e64                EXT1_IN_Enable
 .text.Global_Interrupt_Disable
                0x00000ea2        0x8 ./MCAL/GIE_Program.o
                0x00000ea2                Global_Interrupt_Disable
 .text.Global_Interrupt_Enable
                0x00000eaa        0x8 ./MCAL/GIE_Program.o
                0x00000eaa                Global_Interrupt_Enable
 .text.Timer0_voidSet_CompareMatch_Value
                0x00000eb2        0x4 ./MCAL/Timer0_Program.o
                0x00000eb2                Timer0_voidSet_CompareMatch_Value
 .text.Timer0_voidSetDuty
                0x00000eb6        0x4 ./MCAL/Timer0_Program.o
                0x00000eb6                Timer0_voidSetDuty
 .text.Timer0_voidInit_FastPWM
                0x00000eba       0x36 ./MCAL/Timer0_Program.o
                0x00000eba                Timer0_voidInit_FastPWM
 .text.Timer0_Init_Phase_PWM
                0x00000ef0       0x36 ./MCAL/Timer0_Program.o
                0x00000ef0                Timer0_Init_Phase_PWM
 .text.Timer0_Init_PWM
                0x00000f26       0x36 ./MCAL/Timer0_Program.o
                0x00000f26                Timer0_Init_PWM
 .text.Timer0_void_CTC
                0x00000f5c       0x2e ./MCAL/Timer0_Program.o
                0x00000f5c                Timer0_void_CTC
 .text.Timer0_void_init
                0x00000f8a       0x2a ./MCAL/Timer0_Program.o
                0x00000f8a                Timer0_void_init
 .text.Timer1_voidSetCompareMatchA
                0x00000fb4        0x6 ./MCAL/Timer1_Program.o
                0x00000fb4                Timer1_voidSetCompareMatchA
 .text.Timer1_voidSetCompareMatchB
                0x00000fba        0x6 ./MCAL/Timer1_Program.o
                0x00000fba                Timer1_voidSetCompareMatchB
 .text.Timer1_voidSetICR
                0x00000fc0        0x6 ./MCAL/Timer1_Program.o
                0x00000fc0                Timer1_voidSetICR
 .text.Timer1_voidSetTCNT
                0x00000fc6        0x6 ./MCAL/Timer1_Program.o
                0x00000fc6                Timer1_voidSetTCNT
 .text.Timer1_voidSetDuty
                0x00000fcc       0x16 ./MCAL/Timer1_Program.o
                0x00000fcc                Timer1_voidSetDuty
 .text.Timer1_voidInitPWM
                0x00000fe2       0x82 ./MCAL/Timer1_Program.o
                0x00000fe2                Timer1_voidInitPWM
 .text.Timer1_voidInit_FastPWM_B
                0x00001064       0x36 ./MCAL/Timer1_Program.o
                0x00001064                Timer1_voidInit_FastPWM_B
 .text.Timer1_voidInit_FastPWM_A
                0x0000109a       0x36 ./MCAL/Timer1_Program.o
                0x0000109a                Timer1_voidInit_FastPWM_A
 .text.Timer1_voidInit_CTC_B
                0x000010d0       0x38 ./MCAL/Timer1_Program.o
                0x000010d0                Timer1_voidInit_CTC_B
 .text.Timer1_voidInit_CTC_A
                0x00001108       0x38 ./MCAL/Timer1_Program.o
                0x00001108                Timer1_voidInit_CTC_A
 .text.Timer1_voidInit_Normal
                0x00001140       0x2a ./MCAL/Timer1_Program.o
                0x00001140                Timer1_voidInit_Normal
 .text.GET_Key_Number
                0x0000116a       0xb4 ./HAL/Keypad_Program.o
                0x0000116a                GET_Key_Number
 .text.KPD_setup
                0x0000121e       0x56 ./HAL/Keypad_Program.o
                0x0000121e                KPD_setup
 .text.GET_Pressed_Time
                0x00001274       0x80 ./HAL/Keypad_Program.o
                0x00001274                GET_Pressed_Time
 .text.GET_Pressed_Key
                0x000012f4       0x2a ./HAL/Keypad_Program.o
                0x000012f4                GET_Pressed_Key
 .text.L298_voidMove
                0x0000131e       0xce ./HAL/L298_Prog.o
                0x0000131e                L298_voidMove
 .text.L298_voidInit
                0x000013ec       0x2a ./HAL/L298_Prog.o
                0x000013ec                L298_voidInit
 .text.LCD_Command
                0x00001416       0x42 ./HAL/LCD_Program.o
                0x00001416                LCD_Command
 .text.LCD_Char
                0x00001458       0x42 ./HAL/LCD_Program.o
                0x00001458                LCD_Char
 .text.LCD_vidWriteNumber_4bits
                0x0000149a       0x88 ./HAL/LCD_Program.o
                0x0000149a                LCD_vidWriteNumber_4bits
 .text.LCD_String
                0x00001522       0x20 ./HAL/LCD_Program.o
                0x00001522                LCD_String
 .text.LCD_String_xy
                0x00001542       0x4e ./HAL/LCD_Program.o
                0x00001542                LCD_String_xy
 .text.LCD_Clear
                0x00001590       0x16 ./HAL/LCD_Program.o
                0x00001590                LCD_Clear
 .text.LCD_Init
                0x000015a6       0x88 ./HAL/LCD_Program.o
                0x000015a6                LCD_Init
 .text.LCD_vidInit_4bits
                0x0000162e       0x62 ./HAL/LCD_Program.o
                0x0000162e                LCD_vidInit_4bits
 .text.LCD_vidSendCommand_4_Bits
                0x00001690       0x88 ./HAL/LCD_Program.o
                0x00001690                LCD_vidSendCommand_4_Bits
 .text.LCD_vidWriteCharctr_4bits
                0x00001718       0x90 ./HAL/LCD_Program.o
                0x00001718                LCD_vidWriteCharctr_4bits
 .text.LCD_vidWriteCharctr
                0x000017a8       0x44 ./HAL/LCD_Program.o
                0x000017a8                LCD_vidWriteCharctr
 .text.LCD_vidWriteNumber_8bits
                0x000017ec       0x88 ./HAL/LCD_Program.o
                0x000017ec                LCD_vidWriteNumber_8bits
 .text.LCD_vidSendCommand
                0x00001874       0x5a ./HAL/LCD_Program.o
                0x00001874                LCD_vidSendCommand
 .text.LCD_vidGotoxy
                0x000018ce       0x1a ./HAL/LCD_Program.o
                0x000018ce                LCD_vidGotoxy
 .text.LCD_vidSendCommand_
                0x000018e8       0x18 ./HAL/LCD_Program.o
                0x000018e8                LCD_vidSendCommand_
 .text.LCD_vidInit_8bits
                0x00001900       0xa8 ./HAL/LCD_Program.o
                0x00001900                LCD_vidInit_8bits
 .text.SERVO_voidInit
                0x000019a8       0x14 ./HAL/SERVO_Prog.o
                0x000019a8                SERVO_voidInit
 .text.SERVO_voidSetAngle
                0x000019bc       0x48 ./HAL/SERVO_Prog.o
                0x000019bc                SERVO_voidSetAngle
 .text.SWCH_GetVal
                0x00001a04        0xa ./HAL/SWCH_Program.o
                0x00001a04                SWCH_GetVal
 .text.SWCH_init
                0x00001a0e       0x2c ./HAL/SWCH_Program.o
                0x00001a0e                SWCH_init
 .text.STEPPER_voidRotateACW
                0x00001a3a       0xc6 ./HAL/Stepper_program.o
                0x00001a3a                STEPPER_voidRotateACW
 .text.STEPPER_voidRotateCW
                0x00001b00       0xc6 ./HAL/Stepper_program.o
                0x00001b00                STEPPER_voidRotateCW
 .text.STEPPER_voidInit
                0x00001bc6       0x2a ./HAL/Stepper_program.o
                0x00001bc6                STEPPER_voidInit
 .text.__vector_9
                0x00001bf0       0x2e ./HAL/Ultrasonic_Program.o
                0x00001bf0                __vector_9
 .text.Ultrasonic_GetDistance
                0x00001c1e       0x94 ./HAL/Ultrasonic_Program.o
                0x00001c1e                Ultrasonic_GetDistance
 .text.Ultrasonic_Init
                0x00001cb2       0x1e ./HAL/Ultrasonic_Program.o
                0x00001cb2                Ultrasonic_Init
 .text.Auto_Mode
                0x00001cd0       0xf8 ./main.o
                0x00001cd0                Auto_Mode
 .text.main     0x00001dc8       0x1a ./main.o
                0x00001dc8                main
 .text.libgcc   0x00001de2       0x3e d:/iti_arm/02-arm tools/03- imt sdk/imt_sdk_win_64/winavr/bin/../lib/gcc/avr/4.3.3/avr5\libgcc.a(_mulsi3.o)
                0x00001de2                __mulsi3
 .text.libgcc   0x00001e20       0x28 d:/iti_arm/02-arm tools/03- imt sdk/imt_sdk_win_64/winavr/bin/../lib/gcc/avr/4.3.3/avr5\libgcc.a(_udivmodhi4.o)
                0x00001e20                __udivmodhi4
 .text.libgcc   0x00001e48       0x44 d:/iti_arm/02-arm tools/03- imt sdk/imt_sdk_win_64/winavr/bin/../lib/gcc/avr/4.3.3/avr5\libgcc.a(_udivmodsi4.o)
                0x00001e48                __udivmodsi4
 .text.libgcc   0x00001e8c        0x0 d:/iti_arm/02-arm tools/03- imt sdk/imt_sdk_win_64/winavr/bin/../lib/gcc/avr/4.3.3/avr5\libgcc.a(_exit.o)
 .text.libgcc   0x00001e8c        0x0 d:/iti_arm/02-arm tools/03- imt sdk/imt_sdk_win_64/winavr/bin/../lib/gcc/avr/4.3.3/avr5\libgcc.a(_copy_data.o)
 .text.libgcc   0x00001e8c        0x0 d:/iti_arm/02-arm tools/03- imt sdk/imt_sdk_win_64/winavr/bin/../lib/gcc/avr/4.3.3/avr5\libgcc.a(_clear_bss.o)
 .text.libgcc   0x00001e8c       0x38 d:/iti_arm/02-arm tools/03- imt sdk/imt_sdk_win_64/winavr/bin/../lib/gcc/avr/4.3.3/avr5\libgcc.a(_prologue.o)
                0x00001e8c                __prologue_saves__
 .text.libgcc   0x00001ec4       0x36 d:/iti_arm/02-arm tools/03- imt sdk/imt_sdk_win_64/winavr/bin/../lib/gcc/avr/4.3.3/avr5\libgcc.a(_epilogue.o)
                0x00001ec4                __epilogue_restores__
                0x00001efa                . = ALIGN (0x2)
 *(.fini9)
 .fini9         0x00001efa        0x0 d:/iti_arm/02-arm tools/03- imt sdk/imt_sdk_win_64/winavr/bin/../lib/gcc/avr/4.3.3/avr5\libgcc.a(_exit.o)
                0x00001efa                exit
                0x00001efa                _exit
 *(.fini9)
 *(.fini8)
 *(.fini8)
 *(.fini7)
 *(.fini7)
 *(.fini6)
 *(.fini6)
 *(.fini5)
 *(.fini5)
 *(.fini4)
 *(.fini4)
 *(.fini3)
 *(.fini3)
 *(.fini2)
 *(.fini2)
 *(.fini1)
 *(.fini1)
 *(.fini0)
 .fini0         0x00001efa        0x4 d:/iti_arm/02-arm tools/03- imt sdk/imt_sdk_win_64/winavr/bin/../lib/gcc/avr/4.3.3/avr5\libgcc.a(_exit.o)
 *(.fini0)
                0x00001efe                _etext = .

.data           0x00800060      0x124 load address 0x00001efe
                0x00800060                PROVIDE (__data_start, .)
 *(.data)
 .data          0x00800060        0x0 d:/iti_arm/02-arm tools/03- imt sdk/imt_sdk_win_64/winavr/bin/../lib/gcc/avr/4.3.3/../../../../avr/lib/avr5/crtm32.o
 .data          0x00800060        0x0 ./MCAL/UART/UART_Program.o
 .data          0x00800060        0x0 ./MCAL/ADC_Program.o
 .data          0x00800060        0x0 ./MCAL/DIO_Program.o
 .data          0x00800060        0x0 ./MCAL/EXT_IN_Program.o
 .data          0x00800060        0x0 ./MCAL/GIE_Program.o
 .data          0x00800060        0x0 ./MCAL/Timer0_Program.o
 .data          0x00800060        0x0 ./MCAL/Timer1_Program.o
 .data          0x00800060        0x0 ./HAL/Keypad_Program.o
 .data          0x00800060        0x0 ./HAL/L298_Prog.o
 .data          0x00800060        0x0 ./HAL/LCD_Program.o
 .data          0x00800060        0x0 ./HAL/SERVO_Prog.o
 .data          0x00800060        0x0 ./HAL/SWCH_Program.o
 .data          0x00800060        0x0 ./HAL/Stepper_program.o
 .data          0x00800060        0x0 ./HAL/Ultrasonic_Program.o
 .data          0x00800060        0x0 ./main.o
 .data          0x00800060        0x0 d:/iti_arm/02-arm tools/03- imt sdk/imt_sdk_win_64/winavr/bin/../lib/gcc/avr/4.3.3/avr5\libgcc.a(_mulsi3.o)
 .data          0x00800060        0x0 d:/iti_arm/02-arm tools/03- imt sdk/imt_sdk_win_64/winavr/bin/../lib/gcc/avr/4.3.3/avr5\libgcc.a(_udivmodhi4.o)
 .data          0x00800060        0x0 d:/iti_arm/02-arm tools/03- imt sdk/imt_sdk_win_64/winavr/bin/../lib/gcc/avr/4.3.3/avr5\libgcc.a(_udivmodsi4.o)
 .data          0x00800060        0x0 d:/iti_arm/02-arm tools/03- imt sdk/imt_sdk_win_64/winavr/bin/../lib/gcc/avr/4.3.3/avr5\libgcc.a(_exit.o)
 .data          0x00800060        0x0 d:/iti_arm/02-arm tools/03- imt sdk/imt_sdk_win_64/winavr/bin/../lib/gcc/avr/4.3.3/avr5\libgcc.a(_copy_data.o)
 .data          0x00800060        0x0 d:/iti_arm/02-arm tools/03- imt sdk/imt_sdk_win_64/winavr/bin/../lib/gcc/avr/4.3.3/avr5\libgcc.a(_clear_bss.o)
 .data          0x00800060        0x0 d:/iti_arm/02-arm tools/03- imt sdk/imt_sdk_win_64/winavr/bin/../lib/gcc/avr/4.3.3/avr5\libgcc.a(_fixunssfsi.o)
 .data          0x00800060        0x0 d:/iti_arm/02-arm tools/03- imt sdk/imt_sdk_win_64/winavr/bin/../lib/gcc/avr/4.3.3/avr5\libgcc.a(_addsub_sf.o)
 .data          0x00800060        0x0 d:/iti_arm/02-arm tools/03- imt sdk/imt_sdk_win_64/winavr/bin/../lib/gcc/avr/4.3.3/avr5\libgcc.a(_div_sf.o)
 .data          0x00800060        0x0 d:/iti_arm/02-arm tools/03- imt sdk/imt_sdk_win_64/winavr/bin/../lib/gcc/avr/4.3.3/avr5\libgcc.a(_ge_sf.o)
 .data          0x00800060        0x0 d:/iti_arm/02-arm tools/03- imt sdk/imt_sdk_win_64/winavr/bin/../lib/gcc/avr/4.3.3/avr5\libgcc.a(_sf_to_si.o)
 .data          0x00800060        0x8 d:/iti_arm/02-arm tools/03- imt sdk/imt_sdk_win_64/winavr/bin/../lib/gcc/avr/4.3.3/avr5\libgcc.a(_thenan_sf.o)
                0x00800060                __thenan_sf
 .data          0x00800068        0x0 d:/iti_arm/02-arm tools/03- imt sdk/imt_sdk_win_64/winavr/bin/../lib/gcc/avr/4.3.3/avr5\libgcc.a(_usi_to_sf.o)
 .data          0x00800068        0x0 d:/iti_arm/02-arm tools/03- imt sdk/imt_sdk_win_64/winavr/bin/../lib/gcc/avr/4.3.3/avr5\libgcc.a(_prologue.o)
 .data          0x00800068        0x0 d:/iti_arm/02-arm tools/03- imt sdk/imt_sdk_win_64/winavr/bin/../lib/gcc/avr/4.3.3/avr5\libgcc.a(_epilogue.o)
 .data          0x00800068        0x0 d:/iti_arm/02-arm tools/03- imt sdk/imt_sdk_win_64/winavr/bin/../lib/gcc/avr/4.3.3/avr5\libgcc.a(_clzsi2.o)
 .data          0x00800068        0x0 d:/iti_arm/02-arm tools/03- imt sdk/imt_sdk_win_64/winavr/bin/../lib/gcc/avr/4.3.3/avr5\libgcc.a(_pack_sf.o)
 .data          0x00800068        0x0 d:/iti_arm/02-arm tools/03- imt sdk/imt_sdk_win_64/winavr/bin/../lib/gcc/avr/4.3.3/avr5\libgcc.a(_unpack_sf.o)
 .data          0x00800068        0x0 d:/iti_arm/02-arm tools/03- imt sdk/imt_sdk_win_64/winavr/bin/../lib/gcc/avr/4.3.3/avr5\libgcc.a(_fpcmp_parts_sf.o)
 .data          0x00800068      0x100 d:/iti_arm/02-arm tools/03- imt sdk/imt_sdk_win_64/winavr/bin/../lib/gcc/avr/4.3.3/avr5\libgcc.a(_clz.o)
                0x00800068                __clz_tab
 *(.data*)
 .data.KPD_au8SwitchVal
                0x00800168       0x10 ./HAL/Keypad_Program.o
                0x00800168                KPD_au8SwitchVal
 .data.ROWS     0x00800178        0x4 ./HAL/Keypad_Program.o
                0x00800178                ROWS
 .data.COLS     0x0080017c        0x4 ./HAL/Keypad_Program.o
                0x0080017c                COLS
 .data.pressed_key
                0x00800180        0x1 ./HAL/Keypad_Program.o
                0x00800180                pressed_key
 .data.last_pressed_key
                0x00800181        0x1 ./HAL/Keypad_Program.o
 .data.mode     0x00800182        0x1 ./main.o
                0x00800182                mode
 *(.rodata)
 *(.rodata*)
 *(.gnu.linkonce.d*)
                0x00800184                . = ALIGN (0x2)
 *fill*         0x00800183        0x1 00
                0x00800184                _edata = .
                0x00800184                PROVIDE (__data_end, .)

.bss            0x00800184       0x35
                0x00800184                PROVIDE (__bss_start, .)
 *(.bss)
 .bss           0x00800184        0x0 d:/iti_arm/02-arm tools/03- imt sdk/imt_sdk_win_64/winavr/bin/../lib/gcc/avr/4.3.3/../../../../avr/lib/avr5/crtm32.o
 .bss           0x00800184        0x0 ./MCAL/UART/UART_Program.o
 .bss           0x00800184        0x0 ./MCAL/ADC_Program.o
 .bss           0x00800184        0x0 ./MCAL/DIO_Program.o
 .bss           0x00800184        0x0 ./MCAL/EXT_IN_Program.o
 .bss           0x00800184        0x0 ./MCAL/GIE_Program.o
 .bss           0x00800184        0x0 ./MCAL/Timer0_Program.o
 .bss           0x00800184        0x0 ./MCAL/Timer1_Program.o
 .bss           0x00800184        0x0 ./HAL/Keypad_Program.o
 .bss           0x00800184        0x0 ./HAL/L298_Prog.o
 .bss           0x00800184        0x0 ./HAL/LCD_Program.o
 .bss           0x00800184        0x0 ./HAL/SERVO_Prog.o
 .bss           0x00800184        0x0 ./HAL/SWCH_Program.o
 .bss           0x00800184        0x0 ./HAL/Stepper_program.o
 .bss           0x00800184        0x0 ./HAL/Ultrasonic_Program.o
 .bss           0x00800184        0x0 ./main.o
 .bss           0x00800184        0x0 d:/iti_arm/02-arm tools/03- imt sdk/imt_sdk_win_64/winavr/bin/../lib/gcc/avr/4.3.3/avr5\libgcc.a(_mulsi3.o)
 .bss           0x00800184        0x0 d:/iti_arm/02-arm tools/03- imt sdk/imt_sdk_win_64/winavr/bin/../lib/gcc/avr/4.3.3/avr5\libgcc.a(_udivmodhi4.o)
 .bss           0x00800184        0x0 d:/iti_arm/02-arm tools/03- imt sdk/imt_sdk_win_64/winavr/bin/../lib/gcc/avr/4.3.3/avr5\libgcc.a(_udivmodsi4.o)
 .bss           0x00800184        0x0 d:/iti_arm/02-arm tools/03- imt sdk/imt_sdk_win_64/winavr/bin/../lib/gcc/avr/4.3.3/avr5\libgcc.a(_exit.o)
 .bss           0x00800184        0x0 d:/iti_arm/02-arm tools/03- imt sdk/imt_sdk_win_64/winavr/bin/../lib/gcc/avr/4.3.3/avr5\libgcc.a(_copy_data.o)
 .bss           0x00800184        0x0 d:/iti_arm/02-arm tools/03- imt sdk/imt_sdk_win_64/winavr/bin/../lib/gcc/avr/4.3.3/avr5\libgcc.a(_clear_bss.o)
 .bss           0x00800184        0x0 d:/iti_arm/02-arm tools/03- imt sdk/imt_sdk_win_64/winavr/bin/../lib/gcc/avr/4.3.3/avr5\libgcc.a(_fixunssfsi.o)
 .bss           0x00800184        0x0 d:/iti_arm/02-arm tools/03- imt sdk/imt_sdk_win_64/winavr/bin/../lib/gcc/avr/4.3.3/avr5\libgcc.a(_addsub_sf.o)
 .bss           0x00800184        0x0 d:/iti_arm/02-arm tools/03- imt sdk/imt_sdk_win_64/winavr/bin/../lib/gcc/avr/4.3.3/avr5\libgcc.a(_div_sf.o)
 .bss           0x00800184        0x0 d:/iti_arm/02-arm tools/03- imt sdk/imt_sdk_win_64/winavr/bin/../lib/gcc/avr/4.3.3/avr5\libgcc.a(_ge_sf.o)
 .bss           0x00800184        0x0 d:/iti_arm/02-arm tools/03- imt sdk/imt_sdk_win_64/winavr/bin/../lib/gcc/avr/4.3.3/avr5\libgcc.a(_sf_to_si.o)
 .bss           0x00800184        0x0 d:/iti_arm/02-arm tools/03- imt sdk/imt_sdk_win_64/winavr/bin/../lib/gcc/avr/4.3.3/avr5\libgcc.a(_thenan_sf.o)
 .bss           0x00800184        0x0 d:/iti_arm/02-arm tools/03- imt sdk/imt_sdk_win_64/winavr/bin/../lib/gcc/avr/4.3.3/avr5\libgcc.a(_usi_to_sf.o)
 .bss           0x00800184        0x0 d:/iti_arm/02-arm tools/03- imt sdk/imt_sdk_win_64/winavr/bin/../lib/gcc/avr/4.3.3/avr5\libgcc.a(_prologue.o)
 .bss           0x00800184        0x0 d:/iti_arm/02-arm tools/03- imt sdk/imt_sdk_win_64/winavr/bin/../lib/gcc/avr/4.3.3/avr5\libgcc.a(_epilogue.o)
 .bss           0x00800184        0x0 d:/iti_arm/02-arm tools/03- imt sdk/imt_sdk_win_64/winavr/bin/../lib/gcc/avr/4.3.3/avr5\libgcc.a(_clzsi2.o)
 .bss           0x00800184        0x0 d:/iti_arm/02-arm tools/03- imt sdk/imt_sdk_win_64/winavr/bin/../lib/gcc/avr/4.3.3/avr5\libgcc.a(_pack_sf.o)
 .bss           0x00800184        0x0 d:/iti_arm/02-arm tools/03- imt sdk/imt_sdk_win_64/winavr/bin/../lib/gcc/avr/4.3.3/avr5\libgcc.a(_unpack_sf.o)
 .bss           0x00800184        0x0 d:/iti_arm/02-arm tools/03- imt sdk/imt_sdk_win_64/winavr/bin/../lib/gcc/avr/4.3.3/avr5\libgcc.a(_fpcmp_parts_sf.o)
 .bss           0x00800184        0x0 d:/iti_arm/02-arm tools/03- imt sdk/imt_sdk_win_64/winavr/bin/../lib/gcc/avr/4.3.3/avr5\libgcc.a(_clz.o)
 *(.bss*)
 .bss.UART_Receive_Flag
                0x00800184        0x1 ./MCAL/UART/UART_Program.o
                0x00800184                UART_Receive_Flag
 .bss.UART_Frame
                0x00800185       0x32 ./MCAL/UART/UART_Program.o
                0x00800185                UART_Frame
 .bss.TimerOverflow
                0x008001b7        0x2 ./HAL/Ultrasonic_Program.o
 *(COMMON)
                0x008001b9                PROVIDE (__bss_end, .)
                0x00001efe                __data_load_start = LOADADDR (.data)
                0x00002022                __data_load_end = (__data_load_start + SIZEOF (.data))

.noinit         0x008001b9        0x0
                0x008001b9                PROVIDE (__noinit_start, .)
 *(.noinit*)
                0x008001b9                PROVIDE (__noinit_end, .)
                0x008001b9                _end = .
                0x008001b9                PROVIDE (__heap_start, .)

.eeprom         0x00810000        0x0
 *(.eeprom*)
                0x00810000                __eeprom_end = .

.fuse
 *(.fuse)
 *(.lfuse)
 *(.hfuse)
 *(.efuse)

.lock
 *(.lock*)

.signature
 *(.signature*)

.stab           0x00000000     0x3f00
 *(.stab)
 .stab          0x00000000      0x2d0 ./MCAL/UART/UART_Program.o
 .stab          0x000002d0      0x240 ./MCAL/ADC_Program.o
                                0x24c (size before relaxing)
 .stab          0x00000510      0x3f0 ./MCAL/DIO_Program.o
                                0x468 (size before relaxing)
 .stab          0x00000900      0x198 ./MCAL/EXT_IN_Program.o
                                0x210 (size before relaxing)
 .stab          0x00000a98      0x144 ./MCAL/GIE_Program.o
                                0x1bc (size before relaxing)
 .stab          0x00000bdc      0x3e4 ./MCAL/Timer0_Program.o
                                0x45c (size before relaxing)
 .stab          0x00000fc0      0x5d0 ./MCAL/Timer1_Program.o
                                0x648 (size before relaxing)
 .stab          0x00001590      0x684 ./HAL/Keypad_Program.o
                                0x690 (size before relaxing)
 .stab          0x00001c14      0x258 ./HAL/L298_Prog.o
                                0x2d0 (size before relaxing)
 .stab          0x00001e6c     0x102c ./HAL/LCD_Program.o
                               0x1230 (size before relaxing)
 .stab          0x00002e98      0x240 ./HAL/SERVO_Prog.o
                                0x438 (size before relaxing)
 .stab          0x000030d8      0x174 ./HAL/SWCH_Program.o
                                0x1ec (size before relaxing)
 .stab          0x0000324c      0x444 ./HAL/Stepper_program.o
                                0x648 (size before relaxing)
 .stab          0x00003690      0x294 ./HAL/Ultrasonic_Program.o
                                0x4bc (size before relaxing)
 .stab          0x00003924      0x5dc ./main.o
                                0x798 (size before relaxing)

.stabstr        0x00000000     0x15bb
 *(.stabstr)
 .stabstr       0x00000000     0x15bb ./MCAL/UART/UART_Program.o

.stab.excl
 *(.stab.excl)

.stab.exclstr
 *(.stab.exclstr)

.stab.index
 *(.stab.index)

.stab.indexstr
 *(.stab.indexstr)

.comment
 *(.comment)

.debug
 *(.debug)

.line
 *(.line)

.debug_srcinfo
 *(.debug_srcinfo)

.debug_sfnames
 *(.debug_sfnames)

.debug_aranges  0x00000000      0x140
 *(.debug_aranges)
 .debug_aranges
                0x00000000       0x20 d:/iti_arm/02-arm tools/03- imt sdk/imt_sdk_win_64/winavr/bin/../lib/gcc/avr/4.3.3/avr5\libgcc.a(_fixunssfsi.o)
 .debug_aranges
                0x00000020       0x20 d:/iti_arm/02-arm tools/03- imt sdk/imt_sdk_win_64/winavr/bin/../lib/gcc/avr/4.3.3/avr5\libgcc.a(_addsub_sf.o)
 .debug_aranges
                0x00000040       0x20 d:/iti_arm/02-arm tools/03- imt sdk/imt_sdk_win_64/winavr/bin/../lib/gcc/avr/4.3.3/avr5\libgcc.a(_div_sf.o)
 .debug_aranges
                0x00000060       0x20 d:/iti_arm/02-arm tools/03- imt sdk/imt_sdk_win_64/winavr/bin/../lib/gcc/avr/4.3.3/avr5\libgcc.a(_ge_sf.o)
 .debug_aranges
                0x00000080       0x20 d:/iti_arm/02-arm tools/03- imt sdk/imt_sdk_win_64/winavr/bin/../lib/gcc/avr/4.3.3/avr5\libgcc.a(_sf_to_si.o)
 .debug_aranges
                0x000000a0       0x20 d:/iti_arm/02-arm tools/03- imt sdk/imt_sdk_win_64/winavr/bin/../lib/gcc/avr/4.3.3/avr5\libgcc.a(_usi_to_sf.o)
 .debug_aranges
                0x000000c0       0x20 d:/iti_arm/02-arm tools/03- imt sdk/imt_sdk_win_64/winavr/bin/../lib/gcc/avr/4.3.3/avr5\libgcc.a(_clzsi2.o)
 .debug_aranges
                0x000000e0       0x20 d:/iti_arm/02-arm tools/03- imt sdk/imt_sdk_win_64/winavr/bin/../lib/gcc/avr/4.3.3/avr5\libgcc.a(_pack_sf.o)
 .debug_aranges
                0x00000100       0x20 d:/iti_arm/02-arm tools/03- imt sdk/imt_sdk_win_64/winavr/bin/../lib/gcc/avr/4.3.3/avr5\libgcc.a(_unpack_sf.o)
 .debug_aranges
                0x00000120       0x20 d:/iti_arm/02-arm tools/03- imt sdk/imt_sdk_win_64/winavr/bin/../lib/gcc/avr/4.3.3/avr5\libgcc.a(_fpcmp_parts_sf.o)

.debug_pubnames
                0x00000000      0x197
 *(.debug_pubnames)
 .debug_pubnames
                0x00000000       0x23 d:/iti_arm/02-arm tools/03- imt sdk/imt_sdk_win_64/winavr/bin/../lib/gcc/avr/4.3.3/avr5\libgcc.a(_fixunssfsi.o)
 .debug_pubnames
                0x00000023       0x2c d:/iti_arm/02-arm tools/03- imt sdk/imt_sdk_win_64/winavr/bin/../lib/gcc/avr/4.3.3/avr5\libgcc.a(_addsub_sf.o)
 .debug_pubnames
                0x0000004f       0x1f d:/iti_arm/02-arm tools/03- imt sdk/imt_sdk_win_64/winavr/bin/../lib/gcc/avr/4.3.3/avr5\libgcc.a(_div_sf.o)
 .debug_pubnames
                0x0000006e       0x1e d:/iti_arm/02-arm tools/03- imt sdk/imt_sdk_win_64/winavr/bin/../lib/gcc/avr/4.3.3/avr5\libgcc.a(_ge_sf.o)
 .debug_pubnames
                0x0000008c       0x20 d:/iti_arm/02-arm tools/03- imt sdk/imt_sdk_win_64/winavr/bin/../lib/gcc/avr/4.3.3/avr5\libgcc.a(_sf_to_si.o)
 .debug_pubnames
                0x000000ac       0x22 d:/iti_arm/02-arm tools/03- imt sdk/imt_sdk_win_64/winavr/bin/../lib/gcc/avr/4.3.3/avr5\libgcc.a(_thenan_sf.o)
 .debug_pubnames
                0x000000ce       0x24 d:/iti_arm/02-arm tools/03- imt sdk/imt_sdk_win_64/winavr/bin/../lib/gcc/avr/4.3.3/avr5\libgcc.a(_usi_to_sf.o)
 .debug_pubnames
                0x000000f2       0x1f d:/iti_arm/02-arm tools/03- imt sdk/imt_sdk_win_64/winavr/bin/../lib/gcc/avr/4.3.3/avr5\libgcc.a(_clzsi2.o)
 .debug_pubnames
                0x00000111       0x1f d:/iti_arm/02-arm tools/03- imt sdk/imt_sdk_win_64/winavr/bin/../lib/gcc/avr/4.3.3/avr5\libgcc.a(_pack_sf.o)
 .debug_pubnames
                0x00000130       0x21 d:/iti_arm/02-arm tools/03- imt sdk/imt_sdk_win_64/winavr/bin/../lib/gcc/avr/4.3.3/avr5\libgcc.a(_unpack_sf.o)
 .debug_pubnames
                0x00000151       0x26 d:/iti_arm/02-arm tools/03- imt sdk/imt_sdk_win_64/winavr/bin/../lib/gcc/avr/4.3.3/avr5\libgcc.a(_fpcmp_parts_sf.o)
 .debug_pubnames
                0x00000177       0x20 d:/iti_arm/02-arm tools/03- imt sdk/imt_sdk_win_64/winavr/bin/../lib/gcc/avr/4.3.3/avr5\libgcc.a(_clz.o)

.debug_info     0x00000000     0x1a88
 *(.debug_info)
 .debug_info    0x00000000       0xb1 d:/iti_arm/02-arm tools/03- imt sdk/imt_sdk_win_64/winavr/bin/../lib/gcc/avr/4.3.3/avr5\libgcc.a(_fixunssfsi.o)
 .debug_info    0x000000b1      0x47a d:/iti_arm/02-arm tools/03- imt sdk/imt_sdk_win_64/winavr/bin/../lib/gcc/avr/4.3.3/avr5\libgcc.a(_addsub_sf.o)
 .debug_info    0x0000052b      0x3fc d:/iti_arm/02-arm tools/03- imt sdk/imt_sdk_win_64/winavr/bin/../lib/gcc/avr/4.3.3/avr5\libgcc.a(_div_sf.o)
 .debug_info    0x00000927      0x27f d:/iti_arm/02-arm tools/03- imt sdk/imt_sdk_win_64/winavr/bin/../lib/gcc/avr/4.3.3/avr5\libgcc.a(_ge_sf.o)
 .debug_info    0x00000ba6      0x2b0 d:/iti_arm/02-arm tools/03- imt sdk/imt_sdk_win_64/winavr/bin/../lib/gcc/avr/4.3.3/avr5\libgcc.a(_sf_to_si.o)
 .debug_info    0x00000e56      0x12c d:/iti_arm/02-arm tools/03- imt sdk/imt_sdk_win_64/winavr/bin/../lib/gcc/avr/4.3.3/avr5\libgcc.a(_thenan_sf.o)
 .debug_info    0x00000f82      0x206 d:/iti_arm/02-arm tools/03- imt sdk/imt_sdk_win_64/winavr/bin/../lib/gcc/avr/4.3.3/avr5\libgcc.a(_usi_to_sf.o)
 .debug_info    0x00001188      0x117 d:/iti_arm/02-arm tools/03- imt sdk/imt_sdk_win_64/winavr/bin/../lib/gcc/avr/4.3.3/avr5\libgcc.a(_clzsi2.o)
 .debug_info    0x0000129f      0x2df d:/iti_arm/02-arm tools/03- imt sdk/imt_sdk_win_64/winavr/bin/../lib/gcc/avr/4.3.3/avr5\libgcc.a(_pack_sf.o)
 .debug_info    0x0000157e      0x251 d:/iti_arm/02-arm tools/03- imt sdk/imt_sdk_win_64/winavr/bin/../lib/gcc/avr/4.3.3/avr5\libgcc.a(_unpack_sf.o)
 .debug_info    0x000017cf      0x210 d:/iti_arm/02-arm tools/03- imt sdk/imt_sdk_win_64/winavr/bin/../lib/gcc/avr/4.3.3/avr5\libgcc.a(_fpcmp_parts_sf.o)
 .debug_info    0x000019df       0xa9 d:/iti_arm/02-arm tools/03- imt sdk/imt_sdk_win_64/winavr/bin/../lib/gcc/avr/4.3.3/avr5\libgcc.a(_clz.o)
 *(.gnu.linkonce.wi.*)

.debug_abbrev   0x00000000      0xeb7
 *(.debug_abbrev)
 .debug_abbrev  0x00000000       0x5d d:/iti_arm/02-arm tools/03- imt sdk/imt_sdk_win_64/winavr/bin/../lib/gcc/avr/4.3.3/avr5\libgcc.a(_fixunssfsi.o)
 .debug_abbrev  0x0000005d      0x1ea d:/iti_arm/02-arm tools/03- imt sdk/imt_sdk_win_64/winavr/bin/../lib/gcc/avr/4.3.3/avr5\libgcc.a(_addsub_sf.o)
 .debug_abbrev  0x00000247      0x216 d:/iti_arm/02-arm tools/03- imt sdk/imt_sdk_win_64/winavr/bin/../lib/gcc/avr/4.3.3/avr5\libgcc.a(_div_sf.o)
 .debug_abbrev  0x0000045d      0x15a d:/iti_arm/02-arm tools/03- imt sdk/imt_sdk_win_64/winavr/bin/../lib/gcc/avr/4.3.3/avr5\libgcc.a(_ge_sf.o)
 .debug_abbrev  0x000005b7      0x17f d:/iti_arm/02-arm tools/03- imt sdk/imt_sdk_win_64/winavr/bin/../lib/gcc/avr/4.3.3/avr5\libgcc.a(_sf_to_si.o)
 .debug_abbrev  0x00000736       0xad d:/iti_arm/02-arm tools/03- imt sdk/imt_sdk_win_64/winavr/bin/../lib/gcc/avr/4.3.3/avr5\libgcc.a(_thenan_sf.o)
 .debug_abbrev  0x000007e3      0x157 d:/iti_arm/02-arm tools/03- imt sdk/imt_sdk_win_64/winavr/bin/../lib/gcc/avr/4.3.3/avr5\libgcc.a(_usi_to_sf.o)
 .debug_abbrev  0x0000093a       0xc4 d:/iti_arm/02-arm tools/03- imt sdk/imt_sdk_win_64/winavr/bin/../lib/gcc/avr/4.3.3/avr5\libgcc.a(_clzsi2.o)
 .debug_abbrev  0x000009fe      0x1c0 d:/iti_arm/02-arm tools/03- imt sdk/imt_sdk_win_64/winavr/bin/../lib/gcc/avr/4.3.3/avr5\libgcc.a(_pack_sf.o)
 .debug_abbrev  0x00000bbe      0x154 d:/iti_arm/02-arm tools/03- imt sdk/imt_sdk_win_64/winavr/bin/../lib/gcc/avr/4.3.3/avr5\libgcc.a(_unpack_sf.o)
 .debug_abbrev  0x00000d12      0x13b d:/iti_arm/02-arm tools/03- imt sdk/imt_sdk_win_64/winavr/bin/../lib/gcc/avr/4.3.3/avr5\libgcc.a(_fpcmp_parts_sf.o)
 .debug_abbrev  0x00000e4d       0x6a d:/iti_arm/02-arm tools/03- imt sdk/imt_sdk_win_64/winavr/bin/../lib/gcc/avr/4.3.3/avr5\libgcc.a(_clz.o)

.debug_line     0x00000000      0xdf7
 *(.debug_line)
 .debug_line    0x00000000       0xa7 d:/iti_arm/02-arm tools/03- imt sdk/imt_sdk_win_64/winavr/bin/../lib/gcc/avr/4.3.3/avr5\libgcc.a(_fixunssfsi.o)
 .debug_line    0x000000a7      0x2af d:/iti_arm/02-arm tools/03- imt sdk/imt_sdk_win_64/winavr/bin/../lib/gcc/avr/4.3.3/avr5\libgcc.a(_addsub_sf.o)
 .debug_line    0x00000356      0x1d5 d:/iti_arm/02-arm tools/03- imt sdk/imt_sdk_win_64/winavr/bin/../lib/gcc/avr/4.3.3/avr5\libgcc.a(_div_sf.o)
 .debug_line    0x0000052b       0xd3 d:/iti_arm/02-arm tools/03- imt sdk/imt_sdk_win_64/winavr/bin/../lib/gcc/avr/4.3.3/avr5\libgcc.a(_ge_sf.o)
 .debug_line    0x000005fe      0x109 d:/iti_arm/02-arm tools/03- imt sdk/imt_sdk_win_64/winavr/bin/../lib/gcc/avr/4.3.3/avr5\libgcc.a(_sf_to_si.o)
 .debug_line    0x00000707       0x90 d:/iti_arm/02-arm tools/03- imt sdk/imt_sdk_win_64/winavr/bin/../lib/gcc/avr/4.3.3/avr5\libgcc.a(_thenan_sf.o)
 .debug_line    0x00000797      0x133 d:/iti_arm/02-arm tools/03- imt sdk/imt_sdk_win_64/winavr/bin/../lib/gcc/avr/4.3.3/avr5\libgcc.a(_usi_to_sf.o)
 .debug_line    0x000008ca       0xa5 d:/iti_arm/02-arm tools/03- imt sdk/imt_sdk_win_64/winavr/bin/../lib/gcc/avr/4.3.3/avr5\libgcc.a(_clzsi2.o)
 .debug_line    0x0000096f      0x18a d:/iti_arm/02-arm tools/03- imt sdk/imt_sdk_win_64/winavr/bin/../lib/gcc/avr/4.3.3/avr5\libgcc.a(_pack_sf.o)
 .debug_line    0x00000af9      0x14b d:/iti_arm/02-arm tools/03- imt sdk/imt_sdk_win_64/winavr/bin/../lib/gcc/avr/4.3.3/avr5\libgcc.a(_unpack_sf.o)
 .debug_line    0x00000c44      0x137 d:/iti_arm/02-arm tools/03- imt sdk/imt_sdk_win_64/winavr/bin/../lib/gcc/avr/4.3.3/avr5\libgcc.a(_fpcmp_parts_sf.o)
 .debug_line    0x00000d7b       0x7c d:/iti_arm/02-arm tools/03- imt sdk/imt_sdk_win_64/winavr/bin/../lib/gcc/avr/4.3.3/avr5\libgcc.a(_clz.o)

.debug_frame    0x00000000      0x160
 *(.debug_frame)
 .debug_frame   0x00000000       0x20 d:/iti_arm/02-arm tools/03- imt sdk/imt_sdk_win_64/winavr/bin/../lib/gcc/avr/4.3.3/avr5\libgcc.a(_fixunssfsi.o)
 .debug_frame   0x00000020       0x40 d:/iti_arm/02-arm tools/03- imt sdk/imt_sdk_win_64/winavr/bin/../lib/gcc/avr/4.3.3/avr5\libgcc.a(_addsub_sf.o)
 .debug_frame   0x00000060       0x20 d:/iti_arm/02-arm tools/03- imt sdk/imt_sdk_win_64/winavr/bin/../lib/gcc/avr/4.3.3/avr5\libgcc.a(_div_sf.o)
 .debug_frame   0x00000080       0x20 d:/iti_arm/02-arm tools/03- imt sdk/imt_sdk_win_64/winavr/bin/../lib/gcc/avr/4.3.3/avr5\libgcc.a(_ge_sf.o)
 .debug_frame   0x000000a0       0x20 d:/iti_arm/02-arm tools/03- imt sdk/imt_sdk_win_64/winavr/bin/../lib/gcc/avr/4.3.3/avr5\libgcc.a(_sf_to_si.o)
 .debug_frame   0x000000c0       0x20 d:/iti_arm/02-arm tools/03- imt sdk/imt_sdk_win_64/winavr/bin/../lib/gcc/avr/4.3.3/avr5\libgcc.a(_usi_to_sf.o)
 .debug_frame   0x000000e0       0x20 d:/iti_arm/02-arm tools/03- imt sdk/imt_sdk_win_64/winavr/bin/../lib/gcc/avr/4.3.3/avr5\libgcc.a(_clzsi2.o)
 .debug_frame   0x00000100       0x20 d:/iti_arm/02-arm tools/03- imt sdk/imt_sdk_win_64/winavr/bin/../lib/gcc/avr/4.3.3/avr5\libgcc.a(_pack_sf.o)
 .debug_frame   0x00000120       0x20 d:/iti_arm/02-arm tools/03- imt sdk/imt_sdk_win_64/winavr/bin/../lib/gcc/avr/4.3.3/avr5\libgcc.a(_unpack_sf.o)
 .debug_frame   0x00000140       0x20 d:/iti_arm/02-arm tools/03- imt sdk/imt_sdk_win_64/winavr/bin/../lib/gcc/avr/4.3.3/avr5\libgcc.a(_fpcmp_parts_sf.o)

.debug_str      0x00000000      0x2bf
 *(.debug_str)
 .debug_str     0x00000000       0xbf d:/iti_arm/02-arm tools/03- imt sdk/imt_sdk_win_64/winavr/bin/../lib/gcc/avr/4.3.3/avr5\libgcc.a(_fixunssfsi.o)
                                 0xfe (size before relaxing)
 .debug_str     0x000000bf      0x14d d:/iti_arm/02-arm tools/03- imt sdk/imt_sdk_win_64/winavr/bin/../lib/gcc/avr/4.3.3/avr5\libgcc.a(_addsub_sf.o)
                                0x206 (size before relaxing)
 .debug_str     0x0000020c       0x35 d:/iti_arm/02-arm tools/03- imt sdk/imt_sdk_win_64/winavr/bin/../lib/gcc/avr/4.3.3/avr5\libgcc.a(_div_sf.o)
                                0x1c8 (size before relaxing)
 .debug_str     0x00000241        0x8 d:/iti_arm/02-arm tools/03- imt sdk/imt_sdk_win_64/winavr/bin/../lib/gcc/avr/4.3.3/avr5\libgcc.a(_ge_sf.o)
                                0x195 (size before relaxing)
 .debug_str     0x00000249        0xa d:/iti_arm/02-arm tools/03- imt sdk/imt_sdk_win_64/winavr/bin/../lib/gcc/avr/4.3.3/avr5\libgcc.a(_sf_to_si.o)
                                0x19e (size before relaxing)
 .debug_str     0x00000000      0x103 d:/iti_arm/02-arm tools/03- imt sdk/imt_sdk_win_64/winavr/bin/../lib/gcc/avr/4.3.3/avr5\libgcc.a(_thenan_sf.o)
 .debug_str     0x00000253       0x21 d:/iti_arm/02-arm tools/03- imt sdk/imt_sdk_win_64/winavr/bin/../lib/gcc/avr/4.3.3/avr5\libgcc.a(_usi_to_sf.o)
                                0x177 (size before relaxing)
 .debug_str     0x00000274       0x20 d:/iti_arm/02-arm tools/03- imt sdk/imt_sdk_win_64/winavr/bin/../lib/gcc/avr/4.3.3/avr5\libgcc.a(_clzsi2.o)
                                0x111 (size before relaxing)
 .debug_str     0x00000294       0x10 d:/iti_arm/02-arm tools/03- imt sdk/imt_sdk_win_64/winavr/bin/../lib/gcc/avr/4.3.3/avr5\libgcc.a(_pack_sf.o)
                                0x19d (size before relaxing)
 .debug_str     0x000002a4        0xb d:/iti_arm/02-arm tools/03- imt sdk/imt_sdk_win_64/winavr/bin/../lib/gcc/avr/4.3.3/avr5\libgcc.a(_unpack_sf.o)
                                0x17f (size before relaxing)
 .debug_str     0x000002af       0x10 d:/iti_arm/02-arm tools/03- imt sdk/imt_sdk_win_64/winavr/bin/../lib/gcc/avr/4.3.3/avr5\libgcc.a(_fpcmp_parts_sf.o)
                                0x163 (size before relaxing)
 .debug_str     0x00000000       0xf4 d:/iti_arm/02-arm tools/03- imt sdk/imt_sdk_win_64/winavr/bin/../lib/gcc/avr/4.3.3/avr5\libgcc.a(_clz.o)

.debug_loc      0x00000000      0x7f2
 *(.debug_loc)
 .debug_loc     0x00000000       0x34 d:/iti_arm/02-arm tools/03- imt sdk/imt_sdk_win_64/winavr/bin/../lib/gcc/avr/4.3.3/avr5\libgcc.a(_fixunssfsi.o)
 .debug_loc     0x00000034      0x32a d:/iti_arm/02-arm tools/03- imt sdk/imt_sdk_win_64/winavr/bin/../lib/gcc/avr/4.3.3/avr5\libgcc.a(_addsub_sf.o)
 .debug_loc     0x0000035e       0xc0 d:/iti_arm/02-arm tools/03- imt sdk/imt_sdk_win_64/winavr/bin/../lib/gcc/avr/4.3.3/avr5\libgcc.a(_div_sf.o)
 .debug_loc     0x0000041e       0x3c d:/iti_arm/02-arm tools/03- imt sdk/imt_sdk_win_64/winavr/bin/../lib/gcc/avr/4.3.3/avr5\libgcc.a(_ge_sf.o)
 .debug_loc     0x0000045a       0x7e d:/iti_arm/02-arm tools/03- imt sdk/imt_sdk_win_64/winavr/bin/../lib/gcc/avr/4.3.3/avr5\libgcc.a(_sf_to_si.o)
 .debug_loc     0x000004d8       0x4c d:/iti_arm/02-arm tools/03- imt sdk/imt_sdk_win_64/winavr/bin/../lib/gcc/avr/4.3.3/avr5\libgcc.a(_usi_to_sf.o)
 .debug_loc     0x00000524       0x94 d:/iti_arm/02-arm tools/03- imt sdk/imt_sdk_win_64/winavr/bin/../lib/gcc/avr/4.3.3/avr5\libgcc.a(_clzsi2.o)
 .debug_loc     0x000005b8      0x13e d:/iti_arm/02-arm tools/03- imt sdk/imt_sdk_win_64/winavr/bin/../lib/gcc/avr/4.3.3/avr5\libgcc.a(_pack_sf.o)
 .debug_loc     0x000006f6       0xac d:/iti_arm/02-arm tools/03- imt sdk/imt_sdk_win_64/winavr/bin/../lib/gcc/avr/4.3.3/avr5\libgcc.a(_unpack_sf.o)
 .debug_loc     0x000007a2       0x50 d:/iti_arm/02-arm tools/03- imt sdk/imt_sdk_win_64/winavr/bin/../lib/gcc/avr/4.3.3/avr5\libgcc.a(_fpcmp_parts_sf.o)

.debug_macinfo
 *(.debug_macinfo)
OUTPUT(motors.elf elf32-avr)
LOAD linker stubs
